<?xml version="1.0" encoding="utf-8"?>
<TestRun id="3f5432e8-293d-4764-b6b8-7c58de8a69a6" name="xiaozulin@LAPTOP-HQMKD56I 2026-10-06 21:39:17" runUser="LAPTOP-HQMKD56I\xiaozulin" xmlns="http://microsoft.com/schemas/VisualStudio/TeamTest/2010">
  <Times creation="2026-10-06T21:39:17.8728094+08:00" queuing="2026-10-06T21:39:17.8728097+08:00" start="2026-10-06T21:39:15.1984932+08:00" finish="2026-10-06T21:39:18.0486928+08:00" />
  <TestSettings name="default" id="20e8b773-ba3a-4a7d-97aa-0c890872e3e4">
    <Deployment runDeploymentRoot="xiaozulin_LAPTOP-HQMKD56I_2026-10-06_21_39_17" />
  </TestSettings>
  <Results>
    <UnitTestResult executionId="c529cfc2-127b-424f-9bf9-239ece20b4e2" testId="a3bb3301-543e-7923-1ad5-9823909cd9fb" testName="Stock.Tests.RecognitionCompatibilityTests.InvalidRowElementRejectsTheEntireResponse(json: &quot;\&quot;row\&quot;&quot;)" computerName="LAPTOP-HQMKD56I" duration="00:00:00.0003482" startTime="2026-10-06T21:39:17.8205295+08:00" endTime="2026-10-06T21:39:17.8205802+08:00" testType="13cdc9d9-ddb5-4fa4-a97d-d965ccfc6d4b" outcome="Passed" testListId="8c84fa94-04c1-424b-9868-57a2d4851a1d" relativeResultsDirectory="c529cfc2-127b-424f-9bf9-239ece20b4e2" />
    <UnitTestResult executionId="a7924bc8-4301-4f41-888a-eb2d3758b51a" testId="8c097285-2516-69f6-a7ce-037b010e2338" testName="Stock.Tests.RecognitionCompatibilityTests.CompleteCommonCodeFencesAreAccepted(prefix: &quot;```\r\n&quot;)" computerName="LAPTOP-HQMKD56I" duration="00:00:00.0002918" startTime="2026-10-06T21:39:17.8209239+08:00" endTime="2026-10-06T21:39:17.8209657+08:00" testType="13cdc9d9-ddb5-4fa4-a97d-d965ccfc6d4b" outcome="Passed" testListId="8c84fa94-04c1-424b-9868-57a2d4851a1d" relativeResultsDirectory="a7924bc8-4301-4f41-888a-eb2d3758b51a" />
    <UnitTestResult executionId="be2ccfe7-eef1-4c98-a85c-f5af20c53108" testId="76b0332d-97fb-9c4e-1247-cf285a411065" testName="Stock.Tests.QwenTests.InvalidQuantityIsRetainedForManualCorrection(quantity: &quot;2147483648&quot;)" computerName="LAPTOP-HQMKD56I" duration="00:00:00.0044235" startTime="2026-10-06T21:39:17.8908858+08:00" endTime="2026-10-06T21:39:17.8952236+08:00" testType="13cdc9d9-ddb5-4fa4-a97d-d965ccfc6d4b" outcome="Passed" testListId="8c84fa94-04c1-424b-9868-57a2d4851a1d" relativeResultsDirectory="be2ccfe7-eef1-4c98-a85c-f5af20c53108" />
    <UnitTestResult executionId="33911e7c-58f7-4741-984b-9123aeb19eca" testId="93451b28-5bfc-dea7-5319-2d9191be51de" testName="Stock.Tests.RecognitionCompatibilityTests.ExtraFieldsDoNotAffectBusinessMapping" computerName="LAPTOP-HQMKD56I" duration="00:00:00.0007180" startTime="2026-10-06T21:39:17.8225393+08:00" endTime="2026-10-06T21:39:17.8225692+08:00" testType="13cdc9d9-ddb5-4fa4-a97d-d965ccfc6d4b" outcome="Passed" testListId="8c84fa94-04c1-424b-9868-57a2d4851a1d" relativeResultsDirectory="33911e7c-58f7-4741-984b-9123aeb19eca" />
    <UnitTestResult executionId="26d4fa30-47e0-4ec6-a493-6bc55d4143d6" testId="dc57f5ec-c038-9853-2bc8-fd3ad482269a" testName="Stock.Tests.QwenTests.KeyCannotBeSentToNonNativeOrUnofficialEndpoint(endpoint: &quot;http://dashscope.aliyuncs.com/api/v1/services/aigc&quot;···)" computerName="LAPTOP-HQMKD56I" duration="00:00:00.1129546" startTime="2026-10-06T21:39:17.6595791+08:00" endTime="2026-10-06T21:39:17.7756875+08:00" testType="13cdc9d9-ddb5-4fa4-a97d-d965ccfc6d4b" outcome="Passed" testListId="8c84fa94-04c1-424b-9868-57a2d4851a1d" relativeResultsDirectory="26d4fa30-47e0-4ec6-a493-6bc55d4143d6" />
    <UnitTestResult executionId="8eb22d43-e228-4ead-b073-da7fab21195c" testId="e639e929-c82a-dd41-ab66-ac6482713810" testName="Stock.Tests.QwenTests.KeyCannotBeSentToNonNativeOrUnofficialEndpoint(endpoint: &quot;https://attacker.example/api/v1/services/aigc/mult&quot;···)" computerName="LAPTOP-HQMKD56I" duration="00:00:00.0040789" startTime="2026-10-06T21:39:17.7855343+08:00" endTime="2026-10-06T21:39:17.7856118+08:00" testType="13cdc9d9-ddb5-4fa4-a97d-d965ccfc6d4b" outcome="Passed" testListId="8c84fa94-04c1-424b-9868-57a2d4851a1d" relativeResultsDirectory="8eb22d43-e228-4ead-b073-da7fab21195c" />
    <UnitTestResult executionId="842d4f36-615c-44b6-9ad1-d6a02a7c82b3" testId="688d2934-fa07-d22c-07a8-1fec078f1256" testName="Stock.Tests.RecognitionCompatibilityTests.DuplicateFieldsAreRejectedAtAllLevelsIncludingUnknownFields" computerName="LAPTOP-HQMKD56I" duration="00:00:00.0004652" startTime="2026-10-06T21:39:17.8227318+08:00" endTime="2026-10-06T21:39:17.8227735+08:00" testType="13cdc9d9-ddb5-4fa4-a97d-d965ccfc6d4b" outcome="Passed" testListId="8c84fa94-04c1-424b-9868-57a2d4851a1d" relativeResultsDirectory="842d4f36-615c-44b6-9ad1-d6a02a7c82b3" />
    <UnitTestResult executionId="cef6ef81-2f77-4387-aff8-5e2a3632c82f" testId="8461e46f-7a7a-b052-67a0-b04980208984" testName="Stock.Tests.RecognitionCompatibilityTests.WrongRowFieldShapeHasAnExactPath(field: &quot;name&quot;, json: &quot;7&quot;)" computerName="LAPTOP-HQMKD56I" duration="00:00:00.0001289" startTime="2026-10-06T21:39:17.8219943+08:00" endTime="2026-10-06T21:39:17.8220364+08:00" testType="13cdc9d9-ddb5-4fa4-a97d-d965ccfc6d4b" outcome="Passed" testListId="8c84fa94-04c1-424b-9868-57a2d4851a1d" relativeResultsDirectory="cef6ef81-2f77-4387-aff8-5e2a3632c82f" />
    <UnitTestResult executionId="73ba74aa-2fda-4717-9a98-c72fe0a76024" testId="62e26297-0941-942f-90db-8e652a99b512" testName="Stock.Tests.RecognitionCompatibilityTests.InvalidScalarQuantityIsRetainedAndNotMadeIntoZero(json: &quot;1.0&quot;)" computerName="LAPTOP-HQMKD56I" duration="00:00:00.0005530" startTime="2026-10-06T21:39:17.7910196+08:00" endTime="2026-10-06T21:39:17.7912619+08:00" testType="13cdc9d9-ddb5-4fa4-a97d-d965ccfc6d4b" outcome="Passed" testListId="8c84fa94-04c1-424b-9868-57a2d4851a1d" relativeResultsDirectory="73ba74aa-2fda-4717-9a98-c72fe0a76024" />
    <UnitTestResult executionId="d5347d57-30e0-4293-a749-9fd56b24e74f" testId="dfa2024c-320c-f174-91e9-61b949f255aa" testName="Stock.Tests.QwenTests.MalformedOrTruncatedJsonIsRejected(text: &quot;{\&quot;actualQuantityColumn\&quot;:true,&quot;)" computerName="LAPTOP-HQMKD56I" duration="00:00:00.0047885" startTime="2026-10-06T21:39:17.8786341+08:00" endTime="2026-10-06T21:39:17.8834013+08:00" testType="13cdc9d9-ddb5-4fa4-a97d-d965ccfc6d4b" outcome="Passed" testListId="8c84fa94-04c1-424b-9868-57a2d4851a1d" relativeResultsDirectory="d5347d57-30e0-4293-a749-9fd56b24e74f" />
    <UnitTestResult executionId="2989a867-b311-47bf-92a7-d26e71bcac51" testId="94330184-dd43-6c65-f8cb-0ec698659a28" testName="Stock.Tests.QwenTests.FailuresAreDistinctAndNeverAutomaticallyRetried(status: 403, code: &quot;Arrearage&quot;, label: &quot;余额&quot;)" computerName="LAPTOP-HQMKD56I" duration="00:00:00.0426771" startTime="2026-10-06T21:39:17.7869601+08:00" endTime="2026-10-06T21:39:17.8287200+08:00" testType="13cdc9d9-ddb5-4fa4-a97d-d965ccfc6d4b" outcome="Passed" testListId="8c84fa94-04c1-424b-9868-57a2d4851a1d" relativeResultsDirectory="2989a867-b311-47bf-92a7-d26e71bcac51" />
    <UnitTestResult executionId="15f1c997-721b-4cee-8d43-a2bccebbddde" testId="f0add5d1-e03e-1737-1970-21255ee9b589" testName="Stock.Tests.QwenTests.MalformedOrTruncatedJsonIsRejected(text: &quot;{\&quot;rows\&quot;:[]}&quot;)" computerName="LAPTOP-HQMKD56I" duration="00:00:00.0030699" startTime="2026-10-06T21:39:17.8755524+08:00" endTime="2026-10-06T21:39:17.8785439+08:00" testType="13cdc9d9-ddb5-4fa4-a97d-d965ccfc6d4b" outcome="Passed" testListId="8c84fa94-04c1-424b-9868-57a2d4851a1d" relativeResultsDirectory="15f1c997-721b-4cee-8d43-a2bccebbddde" />
    <UnitTestResult executionId="9554d925-eec7-4e91-8575-212a90c39532" testId="4e934463-947e-2845-e35e-3b3e7f1400e0" testName="Stock.Tests.RecognitionCompatibilityTests.MissingCriticalFieldNeverDropsTheRowOrInventsAValue(field: &quot;name&quot;)" computerName="LAPTOP-HQMKD56I" duration="00:00:00.0003511" startTime="2026-10-06T21:39:17.8181130+08:00" endTime="2026-10-06T21:39:17.8181495+08:00" testType="13cdc9d9-ddb5-4fa4-a97d-d965ccfc6d4b" outcome="Passed" testListId="8c84fa94-04c1-424b-9868-57a2d4851a1d" relativeResultsDirectory="9554d925-eec7-4e91-8575-212a90c39532" />
    <UnitTestResult executionId="3855935a-646d-42d7-a819-ba95941c8aab" testId="87ee540e-0c34-a2f4-7d02-76ecef8f6a9c" testName="Stock.Tests.RecognitionCompatibilityTests.WrongActualColumnTypeCannotBeMadeTrue" computerName="LAPTOP-HQMKD56I" duration="00:00:00.0004338" startTime="2026-10-06T21:39:17.8223899+08:00" endTime="2026-10-06T21:39:17.8224380+08:00" testType="13cdc9d9-ddb5-4fa4-a97d-d965ccfc6d4b" outcome="Passed" testListId="8c84fa94-04c1-424b-9868-57a2d4851a1d" relativeResultsDirectory="3855935a-646d-42d7-a819-ba95941c8aab" />
    <UnitTestResult executionId="815a7d9c-e5cb-46a4-8ab3-46077879fe4e" testId="dbddd45b-4226-1997-388b-d65d57651167" testName="Stock.Tests.RecognitionCompatibilityTests.MissingActualColumnIsNeverInferredFromQuantitiesOrTotals(nullValue: False)" computerName="LAPTOP-HQMKD56I" duration="00:00:00.0004522" startTime="2026-10-06T21:39:17.8221360+08:00" endTime="2026-10-06T21:39:17.8221819+08:00" testType="13cdc9d9-ddb5-4fa4-a97d-d965ccfc6d4b" outcome="Passed" testListId="8c84fa94-04c1-424b-9868-57a2d4851a1d" relativeResultsDirectory="815a7d9c-e5cb-46a4-8ab3-46077879fe4e" />
    <UnitTestResult executionId="13e49f8e-6f75-4ceb-99e4-3e3eac01b527" testId="14ab6fca-fc28-470d-050d-a02216b8425e" testName="Stock.Tests.QwenTests.InvalidQuantityIsRetainedForManualCorrection(quantity: &quot;1.5&quot;)" computerName="LAPTOP-HQMKD56I" duration="00:00:00.0038868" startTime="2026-10-06T21:39:17.8869121+08:00" endTime="2026-10-06T21:39:17.8907578+08:00" testType="13cdc9d9-ddb5-4fa4-a97d-d965ccfc6d4b" outcome="Passed" testListId="8c84fa94-04c1-424b-9868-57a2d4851a1d" relativeResultsDirectory="13e49f8e-6f75-4ceb-99e4-3e3eac01b527" />
    <UnitTestResult executionId="68f6f4cb-5140-426f-a18b-aef13600d27f" testId="910a28e6-be4c-a290-01bd-34342a9b6408" testName="Stock.Tests.QwenTests.MalformedOrTruncatedJsonIsRejected(text: &quot;{}&quot;)" computerName="LAPTOP-HQMKD56I" duration="00:00:00.0035637" startTime="2026-10-06T21:39:17.8718780+08:00" endTime="2026-10-06T21:39:17.8754412+08:00" testType="13cdc9d9-ddb5-4fa4-a97d-d965ccfc6d4b" outcome="Passed" testListId="8c84fa94-04c1-424b-9868-57a2d4851a1d" relativeResultsDirectory="68f6f4cb-5140-426f-a18b-aef13600d27f" />
    <UnitTestResult executionId="edca9878-aaf3-4473-bb93-b473724cf8e5" testId="72d5942a-cb40-a66f-a332-a99ffb519d41" testName="Stock.Tests.RecognitionCompatibilityTests.InvalidTotalsAreUnknownWithAWarning(json: &quot;2147483648&quot;)" computerName="LAPTOP-HQMKD56I" duration="00:00:00.0001533" startTime="2026-10-06T21:39:17.8177490+08:00" endTime="2026-10-06T21:39:17.8177885+08:00" testType="13cdc9d9-ddb5-4fa4-a97d-d965ccfc6d4b" outcome="Passed" testListId="8c84fa94-04c1-424b-9868-57a2d4851a1d" relativeResultsDirectory="edca9878-aaf3-4473-bb93-b473724cf8e5" />
    <UnitTestResult executionId="72a3a279-501e-4029-ab37-82cc4cded0da" testId="766ce344-5a2a-85a7-6eab-d1a685382aca" testName="Stock.Tests.QwenTests.FailuresAreDistinctAndNeverAutomaticallyRetried(status: 401, code: &quot;InvalidApiKey&quot;, label: &quot;鉴权&quot;)" computerName="LAPTOP-HQMKD56I" duration="00:00:00.0051977" startTime="2026-10-06T21:39:17.8574914+08:00" endTime="2026-10-06T21:39:17.8628457+08:00" testType="13cdc9d9-ddb5-4fa4-a97d-d965ccfc6d4b" outcome="Passed" testListId="8c84fa94-04c1-424b-9868-57a2d4851a1d" relativeResultsDirectory="72a3a279-501e-4029-ab37-82cc4cded0da" />
    <UnitTestResult executionId="25ed4b01-174d-4561-8b91-89faed33a804" testId="de952e48-a21e-5f9e-8a73-3df15c767e79" testName="Stock.Tests.QwenTests.FailuresAreDistinctAndNeverAutomaticallyRetried(status: 500, code: &quot;InternalError&quot;, label: &quot;失败&quot;)" computerName="LAPTOP-HQMKD56I" duration="00:00:00.0055344" startTime="2026-10-06T21:39:17.8400259+08:00" endTime="2026-10-06T21:39:17.8452743+08:00" testType="13cdc9d9-ddb5-4fa4-a97d-d965ccfc6d4b" outcome="Passed" testListId="8c84fa94-04c1-424b-9868-57a2d4851a1d" relativeResultsDirectory="25ed4b01-174d-4561-8b91-89faed33a804" />
    <UnitTestResult executionId="94a3b0aa-dcc4-4fcb-88ff-80cc69570989" testId="62be4133-35c8-514d-c7bf-1531424c07bf" testName="Stock.Tests.RecognitionCompatibilityTests.MissingActualColumnIsNeverInferredFromQuantitiesOrTotals(nullValue: True)" computerName="LAPTOP-HQMKD56I" duration="00:00:00.0005109" startTime="2026-10-06T21:39:17.8222413+08:00" endTime="2026-10-06T21:39:17.8222902+08:00" testType="13cdc9d9-ddb5-4fa4-a97d-d965ccfc6d4b" outcome="Passed" testListId="8c84fa94-04c1-424b-9868-57a2d4851a1d" relativeResultsDirectory="94a3b0aa-dcc4-4fcb-88ff-80cc69570989" />
    <UnitTestResult executionId="65eacee2-ef6f-48be-a4a9-537946c4f639" testId="7906a2ed-209c-e229-6561-43a07596c48d" testName="Stock.Tests.QwenTests.NativeRequestContainsOnlyConfirmedImageAndPromptAndRecordsUsage" computerName="LAPTOP-HQMKD56I" duration="00:00:00.0094107" startTime="2026-10-06T21:39:17.9177325+08:00" endTime="2026-10-06T21:39:17.9270792+08:00" testType="13cdc9d9-ddb5-4fa4-a97d-d965ccfc6d4b" outcome="Passed" testListId="8c84fa94-04c1-424b-9868-57a2d4851a1d" relativeResultsDirectory="65eacee2-ef6f-48be-a4a9-537946c4f639" />
    <UnitTestResult executionId="624e2e9c-0e9a-4dc6-9d80-e49f5acf2614" testId="5b44f7dd-4512-9112-5d93-290a9fe54d58" testName="Stock.Tests.QwenTests.MissingActualColumnUnknownTypeAndColorConflictAreVisible" computerName="LAPTOP-HQMKD56I" duration="00:00:00.0043228" startTime="2026-10-06T21:39:17.9130686+08:00" endTime="2026-10-06T21:39:17.9173898+08:00" testType="13cdc9d9-ddb5-4fa4-a97d-d965ccfc6d4b" outcome="Passed" testListId="8c84fa94-04c1-424b-9868-57a2d4851a1d" relativeResultsDirectory="624e2e9c-0e9a-4dc6-9d80-e49f5acf2614" />
    <UnitTestResult executionId="58497c76-2543-45ec-8e96-faf6e1d95fb7" testId="406ca0de-118f-ce6b-99a9-d15fd18ddbf5" testName="Stock.Tests.QwenTests.StrictParserKeepsDuplicatesZeroQuantitiesAndFullSpecifications" computerName="LAPTOP-HQMKD56I" duration="00:00:00.0042756" startTime="2026-10-06T21:39:17.8636532+08:00" endTime="2026-10-06T21:39:17.8680201+08:00" testType="13cdc9d9-ddb5-4fa4-a97d-d965ccfc6d4b" outcome="Passed" testListId="8c84fa94-04c1-424b-9868-57a2d4851a1d" relativeResultsDirectory="58497c76-2543-45ec-8e96-faf6e1d95fb7" />
    <UnitTestResult executionId="8f1b6069-bd5a-4d28-b59f-a7f77b56d107" testId="653e1ecc-d1c5-40e2-1ebe-852115b96f5d" testName="Stock.Tests.RecognitionCompatibilityTests.InvalidScalarQuantityIsRetainedAndNotMadeIntoZero(json: &quot;false&quot;)" computerName="LAPTOP-HQMKD56I" duration="00:00:00.0001006" startTime="2026-10-06T21:39:17.7916276+08:00" endTime="2026-10-06T21:39:17.7916591+08:00" testType="13cdc9d9-ddb5-4fa4-a97d-d965ccfc6d4b" outcome="Passed" testListId="8c84fa94-04c1-424b-9868-57a2d4851a1d" relativeResultsDirectory="8f1b6069-bd5a-4d28-b59f-a7f77b56d107" />
    <UnitTestResult executionId="349fc950-f2c8-4627-b7bc-d2520e03271c" testId="fba4e62c-93c4-19aa-13ef-cacff5f61cb7" testName="Stock.Tests.RecognitionCompatibilityTests.WrongRowFieldShapeHasAnExactPath(field: &quot;rawQuantity&quot;, json: &quot;{}&quot;)" computerName="LAPTOP-HQMKD56I" duration="00:00:00.0003564" startTime="2026-10-06T21:39:17.8212694+08:00" endTime="2026-10-06T21:39:17.8213020+08:00" testType="13cdc9d9-ddb5-4fa4-a97d-d965ccfc6d4b" outcome="Passed" testListId="8c84fa94-04c1-424b-9868-57a2d4851a1d" relativeResultsDirectory="349fc950-f2c8-4627-b7bc-d2520e03271c" />
    <UnitTestResult executionId="07a907bd-05fc-4b00-a221-9b963b5e077f" testId="8a681c0f-b8d5-03eb-6f42-c9eca1fcbb07" testName="Stock.Tests.RecognitionCompatibilityTests.InvalidTotalsAreUnknownWithAWarning(json: &quot;false&quot;)" computerName="LAPTOP-HQMKD56I" duration="00:00:00.0001643" startTime="2026-10-06T21:39:17.8178451+08:00" endTime="2026-10-06T21:39:17.8178837+08:00" testType="13cdc9d9-ddb5-4fa4-a97d-d965ccfc6d4b" outcome="Passed" testListId="8c84fa94-04c1-424b-9868-57a2d4851a1d" relativeResultsDirectory="07a907bd-05fc-4b00-a221-9b963b5e077f" />
    <UnitTestResult executionId="5f440f5f-f879-4254-a493-012ed44cac12" testId="2469cd6b-33d6-5d37-b4c3-233e1368f955" testName="Stock.Tests.RecognitionCompatibilityTests.CompleteCommonCodeFencesAreAccepted(prefix: &quot;```json\r\n&quot;)" computerName="LAPTOP-HQMKD56I" duration="00:00:00.0003040" startTime="2026-10-06T21:39:17.8208053+08:00" endTime="2026-10-06T21:39:17.8208387+08:00" testType="13cdc9d9-ddb5-4fa4-a97d-d965ccfc6d4b" outcome="Passed" testListId="8c84fa94-04c1-424b-9868-57a2d4851a1d" relativeResultsDirectory="5f440f5f-f879-4254-a493-012ed44cac12" />
    <UnitTestResult executionId="fc0ee714-75cd-4cc0-8bc1-8e68a193bd0c" testId="50c1cf12-afe3-51ea-5e49-d930676e159c" testName="Stock.Tests.QwenTests.TruncationAndMalformedEnvelopeNeverYieldRows" computerName="LAPTOP-HQMKD56I" duration="00:00:00.0108169" startTime="2026-10-06T21:39:17.9017496+08:00" endTime="2026-10-06T21:39:17.9129161+08:00" testType="13cdc9d9-ddb5-4fa4-a97d-d965ccfc6d4b" outcome="Passed" testListId="8c84fa94-04c1-424b-9868-57a2d4851a1d" relativeResultsDirectory="fc0ee714-75cd-4cc0-8bc1-8e68a193bd0c" />
    <UnitTestResult executionId="6233208f-23eb-41ec-9ba5-17da3aef3865" testId="5f154660-f200-78a6-6c94-04b230c2b686" testName="Stock.Tests.RecognitionCompatibilityTests.InvalidRowElementRejectsTheEntireResponse(json: &quot;null&quot;)" computerName="LAPTOP-HQMKD56I" duration="00:00:00.0064988" startTime="2026-10-06T21:39:17.8203119+08:00" endTime="2026-10-06T21:39:17.8203881+08:00" testType="13cdc9d9-ddb5-4fa4-a97d-d965ccfc6d4b" outcome="Passed" testListId="8c84fa94-04c1-424b-9868-57a2d4851a1d" relativeResultsDirectory="6233208f-23eb-41ec-9ba5-17da3aef3865" />
    <UnitTestResult executionId="9f9accb9-d0b3-40bb-99bd-fe4c16d720d2" testId="3b64d56f-a8e2-3300-5826-1296b91efe91" testName="Stock.Tests.QwenTests.InvalidQuantityIsRetainedForManualCorrection(quantity: &quot;1e3&quot;)" computerName="LAPTOP-HQMKD56I" duration="00:00:00.0030465" startTime="2026-10-06T21:39:17.8953319+08:00" endTime="2026-10-06T21:39:17.8983133+08:00" testType="13cdc9d9-ddb5-4fa4-a97d-d965ccfc6d4b" outcome="Passed" testListId="8c84fa94-04c1-424b-9868-57a2d4851a1d" relativeResultsDirectory="9f9accb9-d0b3-40bb-99bd-fe4c16d720d2" />
    <UnitTestResult executionId="ac024689-feca-4267-878e-411a8fb3deaa" testId="38105e29-2efa-b1c4-d5c3-588d12fb9c33" testName="Stock.Tests.RecognitionCompatibilityTests.WrongRowFieldShapeHasAnExactPath(field: &quot;issues&quot;, json: &quot;\&quot;bad\&quot;&quot;)" computerName="LAPTOP-HQMKD56I" duration="00:00:00.0004294" startTime="2026-10-06T21:39:17.8211548+08:00" endTime="2026-10-06T21:39:17.8212060+08:00" testType="13cdc9d9-ddb5-4fa4-a97d-d965ccfc6d4b" outcome="Passed" testListId="8c84fa94-04c1-424b-9868-57a2d4851a1d" relativeResultsDirectory="ac024689-feca-4267-878e-411a8fb3deaa" />
    <UnitTestResult executionId="0a44b2b1-d5af-4acb-8558-a1dc813fbb08" testId="a958f099-9cf1-5063-d8eb-cb3afd05ec38" testName="Stock.Tests.RecognitionCompatibilityTests.MissingCriticalFieldNeverDropsTheRowOrInventsAValue(field: &quot;spec&quot;)" computerName="LAPTOP-HQMKD56I" duration="00:00:00.0001280" startTime="2026-10-06T21:39:17.8184280+08:00" endTime="2026-10-06T21:39:17.8184672+08:00" testType="13cdc9d9-ddb5-4fa4-a97d-d965ccfc6d4b" outcome="Passed" testListId="8c84fa94-04c1-424b-9868-57a2d4851a1d" relativeResultsDirectory="0a44b2b1-d5af-4acb-8558-a1dc813fbb08" />
    <UnitTestResult executionId="3506e4c3-e5a7-4cb0-825f-ed4f4c27e1d8" testId="ac20640c-9bdc-91bf-faf8-7e0e11f8e81b" testName="Stock.Tests.RecognitionCompatibilityTests.CompleteCommonCodeFencesAreAccepted(prefix: &quot;```JSON\n&quot;)" computerName="LAPTOP-HQMKD56I" duration="00:00:00.0001290" startTime="2026-10-06T21:39:17.8210334+08:00" endTime="2026-10-06T21:39:17.8210739+08:00" testType="13cdc9d9-ddb5-4fa4-a97d-d965ccfc6d4b" outcome="Passed" testListId="8c84fa94-04c1-424b-9868-57a2d4851a1d" relativeResultsDirectory="3506e4c3-e5a7-4cb0-825f-ed4f4c27e1d8" />
    <UnitTestResult executionId="83e0d24d-39e6-43b3-952c-4334f3bcd60e" testId="472a17c2-a057-1017-376f-6e52de8d19fb" testName="Stock.Tests.RecognitionCompatibilityTests.InvalidTotalsAreUnknownWithAWarning(json: &quot;\&quot;unreadable\&quot;&quot;)" computerName="LAPTOP-HQMKD56I" duration="00:00:00.0008148" startTime="2026-10-06T21:39:17.8176314+08:00" endTime="2026-10-06T21:39:17.8176729+08:00" testType="13cdc9d9-ddb5-4fa4-a97d-d965ccfc6d4b" outcome="Passed" testListId="8c84fa94-04c1-424b-9868-57a2d4851a1d" relativeResultsDirectory="83e0d24d-39e6-43b3-952c-4334f3bcd60e" />
    <UnitTestResult executionId="e91bab3b-ca1f-4c5a-9e56-e2732005e744" testId="8d58e14a-a2ad-0f43-d806-a8d7a0c98d7c" testName="Stock.Tests.QwenTests.FailuresAreDistinctAndNeverAutomaticallyRetried(status: 403, code: &quot;AccessDenied&quot;, label: &quot;权限&quot;)" computerName="LAPTOP-HQMKD56I" duration="00:00:00.0100671" startTime="2026-10-06T21:39:17.8290532+08:00" endTime="2026-10-06T21:39:17.8393769+08:00" testType="13cdc9d9-ddb5-4fa4-a97d-d965ccfc6d4b" outcome="Passed" testListId="8c84fa94-04c1-424b-9868-57a2d4851a1d" relativeResultsDirectory="e91bab3b-ca1f-4c5a-9e56-e2732005e744" />
    <UnitTestResult executionId="552635ed-548a-4678-8da4-47ebfcf63095" testId="3a5ce363-77c3-7cbf-10af-0c5b388835e4" testName="Stock.Tests.RecognitionCompatibilityTests.MissingCriticalFieldNeverDropsTheRowOrInventsAValue(field: &quot;rawUnit&quot;)" computerName="LAPTOP-HQMKD56I" duration="00:00:00.0001834" startTime="2026-10-06T21:39:17.8183157+08:00" endTime="2026-10-06T21:39:17.8183556+08:00" testType="13cdc9d9-ddb5-4fa4-a97d-d965ccfc6d4b" outcome="Passed" testListId="8c84fa94-04c1-424b-9868-57a2d4851a1d" relativeResultsDirectory="552635ed-548a-4678-8da4-47ebfcf63095" />
    <UnitTestResult executionId="7f9ea6a7-44a4-4f30-a240-dde5901c0d74" testId="aeb6a096-addd-77aa-4112-6213dc9782bb" testName="Stock.Tests.RecognitionCompatibilityTests.InvalidTotalsAreUnknownWithAWarning(json: &quot;1.5&quot;)" computerName="LAPTOP-HQMKD56I" duration="00:00:00.0028629" startTime="2026-10-06T21:39:17.8172255+08:00" endTime="2026-10-06T21:39:17.8172883+08:00" testType="13cdc9d9-ddb5-4fa4-a97d-d965ccfc6d4b" outcome="Passed" testListId="8c84fa94-04c1-424b-9868-57a2d4851a1d" relativeResultsDirectory="7f9ea6a7-44a4-4f30-a240-dde5901c0d74" />
    <UnitTestResult executionId="2ca4c780-152f-4278-a6a7-8622413d3ecc" testId="5c1fdd0c-776b-bc91-d504-935e764afeca" testName="Stock.Tests.QwenTests.AdvancedRecognitionReadsOfficialCoordinates" computerName="LAPTOP-HQMKD56I" duration="00:00:00.0118834" startTime="2026-10-06T21:39:17.9722335+08:00" endTime="2026-10-06T21:39:17.9843490+08:00" testType="13cdc9d9-ddb5-4fa4-a97d-d965ccfc6d4b" outcome="Passed" testListId="8c84fa94-04c1-424b-9868-57a2d4851a1d" relativeResultsDirectory="2ca4c780-152f-4278-a6a7-8622413d3ecc" />
    <UnitTestResult executionId="d1388a13-2dac-43a5-ab72-bd9eb338245c" testId="3a8d8d58-3fd0-9bbc-8135-743aa30a5a73" testName="Stock.Tests.RecognitionCompatibilityTests.InvalidScalarQuantityIsRetainedAndNotMadeIntoZero(json: &quot;-1&quot;)" computerName="LAPTOP-HQMKD56I" duration="00:00:00.0001243" startTime="2026-10-06T21:39:17.7913526+08:00" endTime="2026-10-06T21:39:17.7914700+08:00" testType="13cdc9d9-ddb5-4fa4-a97d-d965ccfc6d4b" outcome="Passed" testListId="8c84fa94-04c1-424b-9868-57a2d4851a1d" relativeResultsDirectory="d1388a13-2dac-43a5-ab72-bd9eb338245c" />
    <UnitTestResult executionId="bac9c1cd-2944-41b5-b92b-0efe941739da" testId="bf03c679-265e-644c-ab02-5db40da02680" testName="Stock.Tests.QwenTests.FailuresAreDistinctAndNeverAutomaticallyRetried(status: 429, code: &quot;Throttling&quot;, label: &quot;限流&quot;)" computerName="LAPTOP-HQMKD56I" duration="00:00:00.0053886" startTime="2026-10-06T21:39:17.8516132+08:00" endTime="2026-10-06T21:39:17.8573414+08:00" testType="13cdc9d9-ddb5-4fa4-a97d-d965ccfc6d4b" outcome="Passed" testListId="8c84fa94-04c1-424b-9868-57a2d4851a1d" relativeResultsDirectory="bac9c1cd-2944-41b5-b92b-0efe941739da" />
    <UnitTestResult executionId="f7851246-4417-47df-914e-3072cdff02aa" testId="bf79b239-3357-705a-a4a2-9545055cd8c2" testName="Stock.Tests.RecognitionCompatibilityTests.InvalidScalarQuantityIsRetainedAndNotMadeIntoZero(json: &quot;1e3&quot;)" computerName="LAPTOP-HQMKD56I" duration="00:00:00.0001267" startTime="2026-10-06T21:39:17.7915494+08:00" endTime="2026-10-06T21:39:17.7915821+08:00" testType="13cdc9d9-ddb5-4fa4-a97d-d965ccfc6d4b" outcome="Passed" testListId="8c84fa94-04c1-424b-9868-57a2d4851a1d" relativeResultsDirectory="f7851246-4417-47df-914e-3072cdff02aa" />
    <UnitTestResult executionId="0a3d452a-b81c-427e-962b-3cfcd9c26d48" testId="9d01260f-6f34-0dc4-85f5-5392f9066139" testName="Stock.Tests.QwenTests.MalformedOrTruncatedJsonIsRejected(text: &quot;note {}&quot;)" computerName="LAPTOP-HQMKD56I" duration="00:00:00.0031512" startTime="2026-10-06T21:39:17.8840595+08:00" endTime="2026-10-06T21:39:17.8867298+08:00" testType="13cdc9d9-ddb5-4fa4-a97d-d965ccfc6d4b" outcome="Passed" testListId="8c84fa94-04c1-424b-9868-57a2d4851a1d" relativeResultsDirectory="0a3d452a-b81c-427e-962b-3cfcd9c26d48" />
    <UnitTestResult executionId="e9279414-e947-43d2-a92e-cdbdf33295f0" testId="3681cdfb-7785-04ff-f362-53afe5cdab2e" testName="Stock.Tests.QwenTests.KeyCannotBeSentToNonNativeOrUnofficialEndpoint(endpoint: &quot;https://dashscope.aliyuncs.com/compatible-mode/v1&quot;)" computerName="LAPTOP-HQMKD56I" duration="00:00:00.0032007" startTime="2026-10-06T21:39:17.7861460+08:00" endTime="2026-10-06T21:39:17.7862170+08:00" testType="13cdc9d9-ddb5-4fa4-a97d-d965ccfc6d4b" outcome="Passed" testListId="8c84fa94-04c1-424b-9868-57a2d4851a1d" relativeResultsDirectory="e9279414-e947-43d2-a92e-cdbdf33295f0" />
    <UnitTestResult executionId="4451ac8f-41c6-45e2-9f55-72f5808ac487" testId="7558398a-3318-8a78-a61d-6c694f807886" testName="Stock.Tests.RecognitionCompatibilityTests.OptionalFieldsAndAbsentTotalsKeepEverySourceRow" computerName="LAPTOP-HQMKD56I" duration="00:00:00.0021865" startTime="2026-10-06T21:39:17.8226395+08:00" endTime="2026-10-06T21:39:17.8226683+08:00" testType="13cdc9d9-ddb5-4fa4-a97d-d965ccfc6d4b" outcome="Passed" testListId="8c84fa94-04c1-424b-9868-57a2d4851a1d" relativeResultsDirectory="4451ac8f-41c6-45e2-9f55-72f5808ac487" />
    <UnitTestResult executionId="6f42825f-cef4-4f0c-991d-10ba64ed920f" testId="26d4bef1-4d6b-69a5-e674-aa17f91ef268" testName="Stock.Tests.QwenTests.TimeoutIsReportedWithoutRetry" computerName="LAPTOP-HQMKD56I" duration="00:00:00.0300184" startTime="2026-10-06T21:39:17.9426808+08:00" endTime="2026-10-06T21:39:17.9721022+08:00" testType="13cdc9d9-ddb5-4fa4-a97d-d965ccfc6d4b" outcome="Passed" testListId="8c84fa94-04c1-424b-9868-57a2d4851a1d" relativeResultsDirectory="6f42825f-cef4-4f0c-991d-10ba64ed920f" />
    <UnitTestResult executionId="75081915-ed87-416e-92e3-89154ff05a6a" testId="030da185-0ead-5952-7ac6-1f2675066ec0" testName="Stock.Tests.QwenTests.MalformedOrTruncatedJsonIsRejected(text: &quot;```json\n{}&quot;)" computerName="LAPTOP-HQMKD56I" duration="00:00:00.0036734" startTime="2026-10-06T21:39:17.8681550+08:00" endTime="2026-10-06T21:39:17.8717599+08:00" testType="13cdc9d9-ddb5-4fa4-a97d-d965ccfc6d4b" outcome="Passed" testListId="8c84fa94-04c1-424b-9868-57a2d4851a1d" relativeResultsDirectory="75081915-ed87-416e-92e3-89154ff05a6a" />
    <UnitTestResult executionId="c8e2602b-4f5d-49d8-9909-4b725ae77bdc" testId="ca158ed0-a4fa-586a-cc02-c99160207e1d" testName="Stock.Tests.RecognitionCompatibilityTests.InvalidScalarQuantityIsRetainedAndNotMadeIntoZero(json: &quot;2147483648&quot;)" computerName="LAPTOP-HQMKD56I" duration="00:00:00.1274772" startTime="2026-10-06T21:39:17.6584622+08:00" endTime="2026-10-06T21:39:17.7907218+08:00" testType="13cdc9d9-ddb5-4fa4-a97d-d965ccfc6d4b" outcome="Passed" testListId="8c84fa94-04c1-424b-9868-57a2d4851a1d" relativeResultsDirectory="c8e2602b-4f5d-49d8-9909-4b725ae77bdc" />
    <UnitTestResult executionId="8ea0c3a3-689e-4d5a-8b2a-202738943237" testId="63276567-1133-c45d-1d27-ba15229227e8" testName="Stock.Tests.QwenTests.CancellationDiscardsEvenAHandlerThatReturnsLate" computerName="LAPTOP-HQMKD56I" duration="00:00:00.0144125" startTime="2026-10-06T21:39:17.9272106+08:00" endTime="2026-10-06T21:39:17.9417941+08:00" testType="13cdc9d9-ddb5-4fa4-a97d-d965ccfc6d4b" outcome="Passed" testListId="8c84fa94-04c1-424b-9868-57a2d4851a1d" relativeResultsDirectory="8ea0c3a3-689e-4d5a-8b2a-202738943237" />
    <UnitTestResult executionId="4e16f463-3d76-4983-9a47-5c61f51ad73c" testId="df31819c-3565-275e-f3dc-8a7be56c06fa" testName="Stock.Tests.RecognitionCompatibilityTests.InvalidRowElementRejectsTheEntireResponse(json: &quot;true&quot;)" computerName="LAPTOP-HQMKD56I" duration="00:00:00.0001003" startTime="2026-10-06T21:39:17.8206577+08:00" endTime="2026-10-06T21:39:17.8207175+08:00" testType="13cdc9d9-ddb5-4fa4-a97d-d965ccfc6d4b" outcome="Passed" testListId="8c84fa94-04c1-424b-9868-57a2d4851a1d" relativeResultsDirectory="4e16f463-3d76-4983-9a47-5c61f51ad73c" />
    <UnitTestResult executionId="1cc44cbf-8e13-467d-929b-8c65dc684cf8" testId="002cf6b2-66fb-ad1d-0abe-e2d9fa4e1db0" testName="Stock.Tests.RecognitionCompatibilityTests.MissingCriticalFieldNeverDropsTheRowOrInventsAValue(field: &quot;rawQuantity&quot;)" computerName="LAPTOP-HQMKD56I" duration="00:00:00.0031007" startTime="2026-10-06T21:39:17.8179822+08:00" endTime="2026-10-06T21:39:17.8180221+08:00" testType="13cdc9d9-ddb5-4fa4-a97d-d965ccfc6d4b" outcome="Passed" testListId="8c84fa94-04c1-424b-9868-57a2d4851a1d" relativeResultsDirectory="1cc44cbf-8e13-467d-929b-8c65dc684cf8" />
    <UnitTestResult executionId="d68e69ef-3235-4698-8e47-161a9c4829fd" testId="19073f04-39a8-dcd1-4bd4-a82976b531f5" testName="Stock.Tests.QwenTests.InvalidQuantityIsRetainedForManualCorrection(quantity: &quot;-1&quot;)" computerName="LAPTOP-HQMKD56I" duration="00:00:00.0032472" startTime="2026-10-06T21:39:17.8984034+08:00" endTime="2026-10-06T21:39:17.9016223+08:00" testType="13cdc9d9-ddb5-4fa4-a97d-d965ccfc6d4b" outcome="Passed" testListId="8c84fa94-04c1-424b-9868-57a2d4851a1d" relativeResultsDirectory="d68e69ef-3235-4698-8e47-161a9c4829fd" />
    <UnitTestResult executionId="24e79025-adba-4d52-a898-fe6b28c52212" testId="a2753b27-5f75-4e9a-abf8-5f34ea725a29" testName="Stock.Tests.QwenTests.FailuresAreDistinctAndNeverAutomaticallyRetried(status: 402, code: &quot;Arrearage&quot;, label: &quot;余额&quot;)" computerName="LAPTOP-HQMKD56I" duration="00:00:00.0058278" startTime="2026-10-06T21:39:17.8454923+08:00" endTime="2026-10-06T21:39:17.8514447+08:00" testType="13cdc9d9-ddb5-4fa4-a97d-d965ccfc6d4b" outcome="Passed" testListId="8c84fa94-04c1-424b-9868-57a2d4851a1d" relativeResultsDirectory="24e79025-adba-4d52-a898-fe6b28c52212" />
    <UnitTestResult executionId="bd46946a-addf-4a88-9102-020ea5c9e11d" testId="aa2b3697-c666-3956-d916-9826f908402c" testName="Stock.Tests.RecognitionCompatibilityTests.IntegerNumbersAndStringTotalsAreAcceptedWithoutChangingOrder" computerName="LAPTOP-HQMKD56I" duration="00:00:00.0024668" startTime="2026-10-06T21:39:17.8200864+08:00" endTime="2026-10-06T21:39:17.8201730+08:00" testType="13cdc9d9-ddb5-4fa4-a97d-d965ccfc6d4b" outcome="Passed" testListId="8c84fa94-04c1-424b-9868-57a2d4851a1d" relativeResultsDirectory="bd46946a-addf-4a88-9102-020ea5c9e11d" />
    <UnitTestResult executionId="39ed078f-abd7-4437-ba08-55e35673bfeb" testId="4b8168ff-2c93-fed0-ff69-685aec573f5a" testName="Stock.Tests.RecognitionCompatibilityTests.MissingCriticalFieldNeverDropsTheRowOrInventsAValue(field: &quot;type&quot;)" computerName="LAPTOP-HQMKD56I" duration="00:00:00.0023930" startTime="2026-10-06T21:39:17.8182124+08:00" endTime="2026-10-06T21:39:17.8182502+08:00" testType="13cdc9d9-ddb5-4fa4-a97d-d965ccfc6d4b" outcome="Passed" testListId="8c84fa94-04c1-424b-9868-57a2d4851a1d" relativeResultsDirectory="39ed078f-abd7-4437-ba08-55e35673bfeb" />
  </Results>
  <TestDefinitions>
    <UnitTest name="Stock.Tests.RecognitionCompatibilityTests.InvalidRowElementRejectsTheEntireResponse(json: &quot;true&quot;)" storage="d:\workspace\codex工作区\local-stock-manager\tests\stock.tests\bin\release\net10.0\stock.tests.dll" id="df31819c-3565-275e-f3dc-8a7be56c06fa">
      <Execution id="4e16f463-3d76-4983-9a47-5c61f51ad73c" />
      <TestMethod codeBase="D:\workspace\codex工作区\local-stock-manager\tests\Stock.Tests\bin\Release\net10.0\Stock.Tests.dll" adapterTypeName="executor://xunit/VsTestRunner3/netcore/" className="Stock.Tests.RecognitionCompatibilityTests" name="InvalidRowElementRejectsTheEntireResponse" />
    </UnitTest>
    <UnitTest name="Stock.Tests.QwenTests.KeyCannotBeSentToNonNativeOrUnofficialEndpoint(endpoint: &quot;https://dashscope.aliyuncs.com/compatible-mode/v1&quot;)" storage="d:\workspace\codex工作区\local-stock-manager\tests\stock.tests\bin\release\net10.0\stock.tests.dll" id="3681cdfb-7785-04ff-f362-53afe5cdab2e">
      <Execution id="e9279414-e947-43d2-a92e-cdbdf33295f0" />
      <TestMethod codeBase="D:\workspace\codex工作区\local-stock-manager\tests\Stock.Tests\bin\Release\net10.0\Stock.Tests.dll" adapterTypeName="executor://xunit/VsTestRunner3/netcore/" className="Stock.Tests.QwenTests" name="KeyCannotBeSentToNonNativeOrUnofficialEndpoint" />
    </UnitTest>
    <UnitTest name="Stock.Tests.QwenTests.MalformedOrTruncatedJsonIsRejected(text: &quot;note {}&quot;)" storage="d:\workspace\codex工作区\local-stock-manager\tests\stock.tests\bin\release\net10.0\stock.tests.dll" id="9d01260f-6f34-0dc4-85f5-5392f9066139">
      <Execution id="0a3d452a-b81c-427e-962b-3cfcd9c26d48" />
      <TestMethod codeBase="D:\workspace\codex工作区\local-stock-manager\tests\Stock.Tests\bin\Release\net10.0\Stock.Tests.dll" adapterTypeName="executor://xunit/VsTestRunner3/netcore/" className="Stock.Tests.QwenTests" name="MalformedOrTruncatedJsonIsRejected" />
    </UnitTest>
    <UnitTest name="Stock.Tests.RecognitionCompatibilityTests.CompleteCommonCodeFencesAreAccepted(prefix: &quot;```JSON\n&quot;)" storage="d:\workspace\codex工作区\local-stock-manager\tests\stock.tests\bin\release\net10.0\stock.tests.dll" id="ac20640c-9bdc-91bf-faf8-7e0e11f8e81b">
      <Execution id="3506e4c3-e5a7-4cb0-825f-ed4f4c27e1d8" />
      <TestMethod codeBase="D:\workspace\codex工作区\local-stock-manager\tests\Stock.Tests\bin\Release\net10.0\Stock.Tests.dll" adapterTypeName="executor://xunit/VsTestRunner3/netcore/" className="Stock.Tests.RecognitionCompatibilityTests" name="CompleteCommonCodeFencesAreAccepted" />
    </UnitTest>
    <UnitTest name="Stock.Tests.RecognitionCompatibilityTests.InvalidTotalsAreUnknownWithAWarning(json: &quot;\&quot;unreadable\&quot;&quot;)" storage="d:\workspace\codex工作区\local-stock-manager\tests\stock.tests\bin\release\net10.0\stock.tests.dll" id="472a17c2-a057-1017-376f-6e52de8d19fb">
      <Execution id="83e0d24d-39e6-43b3-952c-4334f3bcd60e" />
      <TestMethod codeBase="D:\workspace\codex工作区\local-stock-manager\tests\Stock.Tests\bin\Release\net10.0\Stock.Tests.dll" adapterTypeName="executor://xunit/VsTestRunner3/netcore/" className="Stock.Tests.RecognitionCompatibilityTests" name="InvalidTotalsAreUnknownWithAWarning" />
    </UnitTest>
    <UnitTest name="Stock.Tests.RecognitionCompatibilityTests.InvalidScalarQuantityIsRetainedAndNotMadeIntoZero(json: &quot;2147483648&quot;)" storage="d:\workspace\codex工作区\local-stock-manager\tests\stock.tests\bin\release\net10.0\stock.tests.dll" id="ca158ed0-a4fa-586a-cc02-c99160207e1d">
      <Execution id="c8e2602b-4f5d-49d8-9909-4b725ae77bdc" />
      <TestMethod codeBase="D:\workspace\codex工作区\local-stock-manager\tests\Stock.Tests\bin\Release\net10.0\Stock.Tests.dll" adapterTypeName="executor://xunit/VsTestRunner3/netcore/" className="Stock.Tests.RecognitionCompatibilityTests" name="InvalidScalarQuantityIsRetainedAndNotMadeIntoZero" />
    </UnitTest>
    <UnitTest name="Stock.Tests.RecognitionCompatibilityTests.MissingCriticalFieldNeverDropsTheRowOrInventsAValue(field: &quot;rawUnit&quot;)" storage="d:\workspace\codex工作区\local-stock-manager\tests\stock.tests\bin\release\net10.0\stock.tests.dll" id="3a5ce363-77c3-7cbf-10af-0c5b388835e4">
      <Execution id="552635ed-548a-4678-8da4-47ebfcf63095" />
      <TestMethod codeBase="D:\workspace\codex工作区\local-stock-manager\tests\Stock.Tests\bin\Release\net10.0\Stock.Tests.dll" adapterTypeName="executor://xunit/VsTestRunner3/netcore/" className="Stock.Tests.RecognitionCompatibilityTests" name="MissingCriticalFieldNeverDropsTheRowOrInventsAValue" />
    </UnitTest>
    <UnitTest name="Stock.Tests.QwenTests.CancellationDiscardsEvenAHandlerThatReturnsLate" storage="d:\workspace\codex工作区\local-stock-manager\tests\stock.tests\bin\release\net10.0\stock.tests.dll" id="63276567-1133-c45d-1d27-ba15229227e8">
      <Execution id="8ea0c3a3-689e-4d5a-8b2a-202738943237" />
      <TestMethod codeBase="D:\workspace\codex工作区\local-stock-manager\tests\Stock.Tests\bin\Release\net10.0\Stock.Tests.dll" adapterTypeName="executor://xunit/VsTestRunner3/netcore/" className="Stock.Tests.QwenTests" name="CancellationDiscardsEvenAHandlerThatReturnsLate" />
    </UnitTest>
    <UnitTest name="Stock.Tests.QwenTests.NativeRequestContainsOnlyConfirmedImageAndPromptAndRecordsUsage" storage="d:\workspace\codex工作区\local-stock-manager\tests\stock.tests\bin\release\net10.0\stock.tests.dll" id="7906a2ed-209c-e229-6561-43a07596c48d">
      <Execution id="65eacee2-ef6f-48be-a4a9-537946c4f639" />
      <TestMethod codeBase="D:\workspace\codex工作区\local-stock-manager\tests\Stock.Tests\bin\Release\net10.0\Stock.Tests.dll" adapterTypeName="executor://xunit/VsTestRunner3/netcore/" className="Stock.Tests.QwenTests" name="NativeRequestContainsOnlyConfirmedImageAndPromptAndRecordsUsage" />
    </UnitTest>
    <UnitTest name="Stock.Tests.QwenTests.FailuresAreDistinctAndNeverAutomaticallyRetried(status: 403, code: &quot;AccessDenied&quot;, label: &quot;权限&quot;)" storage="d:\workspace\codex工作区\local-stock-manager\tests\stock.tests\bin\release\net10.0\stock.tests.dll" id="8d58e14a-a2ad-0f43-d806-a8d7a0c98d7c">
      <Execution id="e91bab3b-ca1f-4c5a-9e56-e2732005e744" />
      <TestMethod codeBase="D:\workspace\codex工作区\local-stock-manager\tests\Stock.Tests\bin\Release\net10.0\Stock.Tests.dll" adapterTypeName="executor://xunit/VsTestRunner3/netcore/" className="Stock.Tests.QwenTests" name="FailuresAreDistinctAndNeverAutomaticallyRetried" />
    </UnitTest>
    <UnitTest name="Stock.Tests.QwenTests.FailuresAreDistinctAndNeverAutomaticallyRetried(status: 401, code: &quot;InvalidApiKey&quot;, label: &quot;鉴权&quot;)" storage="d:\workspace\codex工作区\local-stock-manager\tests\stock.tests\bin\release\net10.0\stock.tests.dll" id="766ce344-5a2a-85a7-6eab-d1a685382aca">
      <Execution id="72a3a279-501e-4029-ab37-82cc4cded0da" />
      <TestMethod codeBase="D:\workspace\codex工作区\local-stock-manager\tests\Stock.Tests\bin\Release\net10.0\Stock.Tests.dll" adapterTypeName="executor://xunit/VsTestRunner3/netcore/" className="Stock.Tests.QwenTests" name="FailuresAreDistinctAndNeverAutomaticallyRetried" />
    </UnitTest>
    <UnitTest name="Stock.Tests.RecognitionCompatibilityTests.InvalidRowElementRejectsTheEntireResponse(json: &quot;\&quot;row\&quot;&quot;)" storage="d:\workspace\codex工作区\local-stock-manager\tests\stock.tests\bin\release\net10.0\stock.tests.dll" id="a3bb3301-543e-7923-1ad5-9823909cd9fb">
      <Execution id="c529cfc2-127b-424f-9bf9-239ece20b4e2" />
      <TestMethod codeBase="D:\workspace\codex工作区\local-stock-manager\tests\Stock.Tests\bin\Release\net10.0\Stock.Tests.dll" adapterTypeName="executor://xunit/VsTestRunner3/netcore/" className="Stock.Tests.RecognitionCompatibilityTests" name="InvalidRowElementRejectsTheEntireResponse" />
    </UnitTest>
    <UnitTest name="Stock.Tests.RecognitionCompatibilityTests.InvalidScalarQuantityIsRetainedAndNotMadeIntoZero(json: &quot;1e3&quot;)" storage="d:\workspace\codex工作区\local-stock-manager\tests\stock.tests\bin\release\net10.0\stock.tests.dll" id="bf79b239-3357-705a-a4a2-9545055cd8c2">
      <Execution id="f7851246-4417-47df-914e-3072cdff02aa" />
      <TestMethod codeBase="D:\workspace\codex工作区\local-stock-manager\tests\Stock.Tests\bin\Release\net10.0\Stock.Tests.dll" adapterTypeName="executor://xunit/VsTestRunner3/netcore/" className="Stock.Tests.RecognitionCompatibilityTests" name="InvalidScalarQuantityIsRetainedAndNotMadeIntoZero" />
    </UnitTest>
    <UnitTest name="Stock.Tests.RecognitionCompatibilityTests.MissingCriticalFieldNeverDropsTheRowOrInventsAValue(field: &quot;rawQuantity&quot;)" storage="d:\workspace\codex工作区\local-stock-manager\tests\stock.tests\bin\release\net10.0\stock.tests.dll" id="002cf6b2-66fb-ad1d-0abe-e2d9fa4e1db0">
      <Execution id="1cc44cbf-8e13-467d-929b-8c65dc684cf8" />
      <TestMethod codeBase="D:\workspace\codex工作区\local-stock-manager\tests\Stock.Tests\bin\Release\net10.0\Stock.Tests.dll" adapterTypeName="executor://xunit/VsTestRunner3/netcore/" className="Stock.Tests.RecognitionCompatibilityTests" name="MissingCriticalFieldNeverDropsTheRowOrInventsAValue" />
    </UnitTest>
    <UnitTest name="Stock.Tests.QwenTests.KeyCannotBeSentToNonNativeOrUnofficialEndpoint(endpoint: &quot;http://dashscope.aliyuncs.com/api/v1/services/aigc&quot;···)" storage="d:\workspace\codex工作区\local-stock-manager\tests\stock.tests\bin\release\net10.0\stock.tests.dll" id="dc57f5ec-c038-9853-2bc8-fd3ad482269a">
      <Execution id="26d4fa30-47e0-4ec6-a493-6bc55d4143d6" />
      <TestMethod codeBase="D:\workspace\codex工作区\local-stock-manager\tests\Stock.Tests\bin\Release\net10.0\Stock.Tests.dll" adapterTypeName="executor://xunit/VsTestRunner3/netcore/" className="Stock.Tests.QwenTests" name="KeyCannotBeSentToNonNativeOrUnofficialEndpoint" />
    </UnitTest>
    <UnitTest name="Stock.Tests.QwenTests.AdvancedRecognitionReadsOfficialCoordinates" storage="d:\workspace\codex工作区\local-stock-manager\tests\stock.tests\bin\release\net10.0\stock.tests.dll" id="5c1fdd0c-776b-bc91-d504-935e764afeca">
      <Execution id="2ca4c780-152f-4278-a6a7-8622413d3ecc" />
      <TestMethod codeBase="D:\workspace\codex工作区\local-stock-manager\tests\Stock.Tests\bin\Release\net10.0\Stock.Tests.dll" adapterTypeName="executor://xunit/VsTestRunner3/netcore/" className="Stock.Tests.QwenTests" name="AdvancedRecognitionReadsOfficialCoordinates" />
    </UnitTest>
    <UnitTest name="Stock.Tests.QwenTests.InvalidQuantityIsRetainedForManualCorrection(quantity: &quot;1.5&quot;)" storage="d:\workspace\codex工作区\local-stock-manager\tests\stock.tests\bin\release\net10.0\stock.tests.dll" id="14ab6fca-fc28-470d-050d-a02216b8425e">
      <Execution id="13e49f8e-6f75-4ceb-99e4-3e3eac01b527" />
      <TestMethod codeBase="D:\workspace\codex工作区\local-stock-manager\tests\Stock.Tests\bin\Release\net10.0\Stock.Tests.dll" adapterTypeName="executor://xunit/VsTestRunner3/netcore/" className="Stock.Tests.QwenTests" name="InvalidQuantityIsRetainedForManualCorrection" />
    </UnitTest>
    <UnitTest name="Stock.Tests.RecognitionCompatibilityTests.OptionalFieldsAndAbsentTotalsKeepEverySourceRow" storage="d:\workspace\codex工作区\local-stock-manager\tests\stock.tests\bin\release\net10.0\stock.tests.dll" id="7558398a-3318-8a78-a61d-6c694f807886">
      <Execution id="4451ac8f-41c6-45e2-9f55-72f5808ac487" />
      <TestMethod codeBase="D:\workspace\codex工作区\local-stock-manager\tests\Stock.Tests\bin\Release\net10.0\Stock.Tests.dll" adapterTypeName="executor://xunit/VsTestRunner3/netcore/" className="Stock.Tests.RecognitionCompatibilityTests" name="OptionalFieldsAndAbsentTotalsKeepEverySourceRow" />
    </UnitTest>
    <UnitTest name="Stock.Tests.RecognitionCompatibilityTests.ExtraFieldsDoNotAffectBusinessMapping" storage="d:\workspace\codex工作区\local-stock-manager\tests\stock.tests\bin\release\net10.0\stock.tests.dll" id="93451b28-5bfc-dea7-5319-2d9191be51de">
      <Execution id="33911e7c-58f7-4741-984b-9123aeb19eca" />
      <TestMethod codeBase="D:\workspace\codex工作区\local-stock-manager\tests\Stock.Tests\bin\Release\net10.0\Stock.Tests.dll" adapterTypeName="executor://xunit/VsTestRunner3/netcore/" className="Stock.Tests.RecognitionCompatibilityTests" name="ExtraFieldsDoNotAffectBusinessMapping" />
    </UnitTest>
    <UnitTest name="Stock.Tests.RecognitionCompatibilityTests.WrongRowFieldShapeHasAnExactPath(field: &quot;rawQuantity&quot;, json: &quot;{}&quot;)" storage="d:\workspace\codex工作区\local-stock-manager\tests\stock.tests\bin\release\net10.0\stock.tests.dll" id="fba4e62c-93c4-19aa-13ef-cacff5f61cb7">
      <Execution id="349fc950-f2c8-4627-b7bc-d2520e03271c" />
      <TestMethod codeBase="D:\workspace\codex工作区\local-stock-manager\tests\Stock.Tests\bin\Release\net10.0\Stock.Tests.dll" adapterTypeName="executor://xunit/VsTestRunner3/netcore/" className="Stock.Tests.RecognitionCompatibilityTests" name="WrongRowFieldShapeHasAnExactPath" />
    </UnitTest>
    <UnitTest name="Stock.Tests.QwenTests.TruncationAndMalformedEnvelopeNeverYieldRows" storage="d:\workspace\codex工作区\local-stock-manager\tests\stock.tests\bin\release\net10.0\stock.tests.dll" id="50c1cf12-afe3-51ea-5e49-d930676e159c">
      <Execution id="fc0ee714-75cd-4cc0-8bc1-8e68a193bd0c" />
      <TestMethod codeBase="D:\workspace\codex工作区\local-stock-manager\tests\Stock.Tests\bin\Release\net10.0\Stock.Tests.dll" adapterTypeName="executor://xunit/VsTestRunner3/netcore/" className="Stock.Tests.QwenTests" name="TruncationAndMalformedEnvelopeNeverYieldRows" />
    </UnitTest>
    <UnitTest name="Stock.Tests.QwenTests.MissingActualColumnUnknownTypeAndColorConflictAreVisible" storage="d:\workspace\codex工作区\local-stock-manager\tests\stock.tests\bin\release\net10.0\stock.tests.dll" id="5b44f7dd-4512-9112-5d93-290a9fe54d58">
      <Execution id="624e2e9c-0e9a-4dc6-9d80-e49f5acf2614" />
      <TestMethod codeBase="D:\workspace\codex工作区\local-stock-manager\tests\Stock.Tests\bin\Release\net10.0\Stock.Tests.dll" adapterTypeName="executor://xunit/VsTestRunner3/netcore/" className="Stock.Tests.QwenTests" name="MissingActualColumnUnknownTypeAndColorConflictAreVisible" />
    </UnitTest>
    <UnitTest name="Stock.Tests.QwenTests.InvalidQuantityIsRetainedForManualCorrection(quantity: &quot;1e3&quot;)" storage="d:\workspace\codex工作区\local-stock-manager\tests\stock.tests\bin\release\net10.0\stock.tests.dll" id="3b64d56f-a8e2-3300-5826-1296b91efe91">
      <Execution id="9f9accb9-d0b3-40bb-99bd-fe4c16d720d2" />
      <TestMethod codeBase="D:\workspace\codex工作区\local-stock-manager\tests\Stock.Tests\bin\Release\net10.0\Stock.Tests.dll" adapterTypeName="executor://xunit/VsTestRunner3/netcore/" className="Stock.Tests.QwenTests" name="InvalidQuantityIsRetainedForManualCorrection" />
    </UnitTest>
    <UnitTest name="Stock.Tests.RecognitionCompatibilityTests.CompleteCommonCodeFencesAreAccepted(prefix: &quot;```\r\n&quot;)" storage="d:\workspace\codex工作区\local-stock-manager\tests\stock.tests\bin\release\net10.0\stock.tests.dll" id="8c097285-2516-69f6-a7ce-037b010e2338">
      <Execution id="a7924bc8-4301-4f41-888a-eb2d3758b51a" />
      <TestMethod codeBase="D:\workspace\codex工作区\local-stock-manager\tests\Stock.Tests\bin\Release\net10.0\Stock.Tests.dll" adapterTypeName="executor://xunit/VsTestRunner3/netcore/" className="Stock.Tests.RecognitionCompatibilityTests" name="CompleteCommonCodeFencesAreAccepted" />
    </UnitTest>
    <UnitTest name="Stock.Tests.RecognitionCompatibilityTests.InvalidScalarQuantityIsRetainedAndNotMadeIntoZero(json: &quot;1.0&quot;)" storage="d:\workspace\codex工作区\local-stock-manager\tests\stock.tests\bin\release\net10.0\stock.tests.dll" id="62e26297-0941-942f-90db-8e652a99b512">
      <Execution id="73ba74aa-2fda-4717-9a98-c72fe0a76024" />
      <TestMethod codeBase="D:\workspace\codex工作区\local-stock-manager\tests\Stock.Tests\bin\Release\net10.0\Stock.Tests.dll" adapterTypeName="executor://xunit/VsTestRunner3/netcore/" className="Stock.Tests.RecognitionCompatibilityTests" name="InvalidScalarQuantityIsRetainedAndNotMadeIntoZero" />
    </UnitTest>
    <UnitTest name="Stock.Tests.QwenTests.InvalidQuantityIsRetainedForManualCorrection(quantity: &quot;2147483648&quot;)" storage="d:\workspace\codex工作区\local-stock-manager\tests\stock.tests\bin\release\net10.0\stock.tests.dll" id="76b0332d-97fb-9c4e-1247-cf285a411065">
      <Execution id="be2ccfe7-eef1-4c98-a85c-f5af20c53108" />
      <TestMethod codeBase="D:\workspace\codex工作区\local-stock-manager\tests\Stock.Tests\bin\Release\net10.0\Stock.Tests.dll" adapterTypeName="executor://xunit/VsTestRunner3/netcore/" className="Stock.Tests.QwenTests" name="InvalidQuantityIsRetainedForManualCorrection" />
    </UnitTest>
    <UnitTest name="Stock.Tests.RecognitionCompatibilityTests.IntegerNumbersAndStringTotalsAreAcceptedWithoutChangingOrder" storage="d:\workspace\codex工作区\local-stock-manager\tests\stock.tests\bin\release\net10.0\stock.tests.dll" id="aa2b3697-c666-3956-d916-9826f908402c">
      <Execution id="bd46946a-addf-4a88-9102-020ea5c9e11d" />
      <TestMethod codeBase="D:\workspace\codex工作区\local-stock-manager\tests\Stock.Tests\bin\Release\net10.0\Stock.Tests.dll" adapterTypeName="executor://xunit/VsTestRunner3/netcore/" className="Stock.Tests.RecognitionCompatibilityTests" name="IntegerNumbersAndStringTotalsAreAcceptedWithoutChangingOrder" />
    </UnitTest>
    <UnitTest name="Stock.Tests.QwenTests.MalformedOrTruncatedJsonIsRejected(text: &quot;```json\n{}&quot;)" storage="d:\workspace\codex工作区\local-stock-manager\tests\stock.tests\bin\release\net10.0\stock.tests.dll" id="030da185-0ead-5952-7ac6-1f2675066ec0">
      <Execution id="75081915-ed87-416e-92e3-89154ff05a6a" />
      <TestMethod codeBase="D:\workspace\codex工作区\local-stock-manager\tests\Stock.Tests\bin\Release\net10.0\Stock.Tests.dll" adapterTypeName="executor://xunit/VsTestRunner3/netcore/" className="Stock.Tests.QwenTests" name="MalformedOrTruncatedJsonIsRejected" />
    </UnitTest>
    <UnitTest name="Stock.Tests.RecognitionCompatibilityTests.InvalidScalarQuantityIsRetainedAndNotMadeIntoZero(json: &quot;-1&quot;)" storage="d:\workspace\codex工作区\local-stock-manager\tests\stock.tests\bin\release\net10.0\stock.tests.dll" id="3a8d8d58-3fd0-9bbc-8135-743aa30a5a73">
      <Execution id="d1388a13-2dac-43a5-ab72-bd9eb338245c" />
      <TestMethod codeBase="D:\workspace\codex工作区\local-stock-manager\tests\Stock.Tests\bin\Release\net10.0\Stock.Tests.dll" adapterTypeName="executor://xunit/VsTestRunner3/netcore/" className="Stock.Tests.RecognitionCompatibilityTests" name="InvalidScalarQuantityIsRetainedAndNotMadeIntoZero" />
    </UnitTest>
    <UnitTest name="Stock.Tests.RecognitionCompatibilityTests.InvalidScalarQuantityIsRetainedAndNotMadeIntoZero(json: &quot;false&quot;)" storage="d:\workspace\codex工作区\local-stock-manager\tests\stock.tests\bin\release\net10.0\stock.tests.dll" id="653e1ecc-d1c5-40e2-1ebe-852115b96f5d">
      <Execution id="8f1b6069-bd5a-4d28-b59f-a7f77b56d107" />
      <TestMethod codeBase="D:\workspace\codex工作区\local-stock-manager\tests\Stock.Tests\bin\Release\net10.0\Stock.Tests.dll" adapterTypeName="executor://xunit/VsTestRunner3/netcore/" className="Stock.Tests.RecognitionCompatibilityTests" name="InvalidScalarQuantityIsRetainedAndNotMadeIntoZero" />
    </UnitTest>
    <UnitTest name="Stock.Tests.QwenTests.TimeoutIsReportedWithoutRetry" storage="d:\workspace\codex工作区\local-stock-manager\tests\stock.tests\bin\release\net10.0\stock.tests.dll" id="26d4bef1-4d6b-69a5-e674-aa17f91ef268">
      <Execution id="6f42825f-cef4-4f0c-991d-10ba64ed920f" />
      <TestMethod codeBase="D:\workspace\codex工作区\local-stock-manager\tests\Stock.Tests\bin\Release\net10.0\Stock.Tests.dll" adapterTypeName="executor://xunit/VsTestRunner3/netcore/" className="Stock.Tests.QwenTests" name="TimeoutIsReportedWithoutRetry" />
    </UnitTest>
    <UnitTest name="Stock.Tests.RecognitionCompatibilityTests.MissingActualColumnIsNeverInferredFromQuantitiesOrTotals(nullValue: True)" storage="d:\workspace\codex工作区\local-stock-manager\tests\stock.tests\bin\release\net10.0\stock.tests.dll" id="62be4133-35c8-514d-c7bf-1531424c07bf">
      <Execution id="94a3b0aa-dcc4-4fcb-88ff-80cc69570989" />
      <TestMethod codeBase="D:\workspace\codex工作区\local-stock-manager\tests\Stock.Tests\bin\Release\net10.0\Stock.Tests.dll" adapterTypeName="executor://xunit/VsTestRunner3/netcore/" className="Stock.Tests.RecognitionCompatibilityTests" name="MissingActualColumnIsNeverInferredFromQuantitiesOrTotals" />
    </UnitTest>
    <UnitTest name="Stock.Tests.RecognitionCompatibilityTests.DuplicateFieldsAreRejectedAtAllLevelsIncludingUnknownFields" storage="d:\workspace\codex工作区\local-stock-manager\tests\stock.tests\bin\release\net10.0\stock.tests.dll" id="688d2934-fa07-d22c-07a8-1fec078f1256">
      <Execution id="842d4f36-615c-44b6-9ad1-d6a02a7c82b3" />
      <TestMethod codeBase="D:\workspace\codex工作区\local-stock-manager\tests\Stock.Tests\bin\Release\net10.0\Stock.Tests.dll" adapterTypeName="executor://xunit/VsTestRunner3/netcore/" className="Stock.Tests.RecognitionCompatibilityTests" name="DuplicateFieldsAreRejectedAtAllLevelsIncludingUnknownFields" />
    </UnitTest>
    <UnitTest name="Stock.Tests.QwenTests.MalformedOrTruncatedJsonIsRejected(text: &quot;{\&quot;actualQuantityColumn\&quot;:true,&quot;)" storage="d:\workspace\codex工作区\local-stock-manager\tests\stock.tests\bin\release\net10.0\stock.tests.dll" id="dfa2024c-320c-f174-91e9-61b949f255aa">
      <Execution id="d5347d57-30e0-4293-a749-9fd56b24e74f" />
      <TestMethod codeBase="D:\workspace\codex工作区\local-stock-manager\tests\Stock.Tests\bin\Release\net10.0\Stock.Tests.dll" adapterTypeName="executor://xunit/VsTestRunner3/netcore/" className="Stock.Tests.QwenTests" name="MalformedOrTruncatedJsonIsRejected" />
    </UnitTest>
    <UnitTest name="Stock.Tests.RecognitionCompatibilityTests.InvalidTotalsAreUnknownWithAWarning(json: &quot;false&quot;)" storage="d:\workspace\codex工作区\local-stock-manager\tests\stock.tests\bin\release\net10.0\stock.tests.dll" id="8a681c0f-b8d5-03eb-6f42-c9eca1fcbb07">
      <Execution id="07a907bd-05fc-4b00-a221-9b963b5e077f" />
      <TestMethod codeBase="D:\workspace\codex工作区\local-stock-manager\tests\Stock.Tests\bin\Release\net10.0\Stock.Tests.dll" adapterTypeName="executor://xunit/VsTestRunner3/netcore/" className="Stock.Tests.RecognitionCompatibilityTests" name="InvalidTotalsAreUnknownWithAWarning" />
    </UnitTest>
    <UnitTest name="Stock.Tests.QwenTests.FailuresAreDistinctAndNeverAutomaticallyRetried(status: 402, code: &quot;Arrearage&quot;, label: &quot;余额&quot;)" storage="d:\workspace\codex工作区\local-stock-manager\tests\stock.tests\bin\release\net10.0\stock.tests.dll" id="a2753b27-5f75-4e9a-abf8-5f34ea725a29">
      <Execution id="24e79025-adba-4d52-a898-fe6b28c52212" />
      <TestMethod codeBase="D:\workspace\codex工作区\local-stock-manager\tests\Stock.Tests\bin\Release\net10.0\Stock.Tests.dll" adapterTypeName="executor://xunit/VsTestRunner3/netcore/" className="Stock.Tests.QwenTests" name="FailuresAreDistinctAndNeverAutomaticallyRetried" />
    </UnitTest>
    <UnitTest name="Stock.Tests.QwenTests.KeyCannotBeSentToNonNativeOrUnofficialEndpoint(endpoint: &quot;https://attacker.example/api/v1/services/aigc/mult&quot;···)" storage="d:\workspace\codex工作区\local-stock-manager\tests\stock.tests\bin\release\net10.0\stock.tests.dll" id="e639e929-c82a-dd41-ab66-ac6482713810">
      <Execution id="8eb22d43-e228-4ead-b073-da7fab21195c" />
      <TestMethod codeBase="D:\workspace\codex工作区\local-stock-manager\tests\Stock.Tests\bin\Release\net10.0\Stock.Tests.dll" adapterTypeName="executor://xunit/VsTestRunner3/netcore/" className="Stock.Tests.QwenTests" name="KeyCannotBeSentToNonNativeOrUnofficialEndpoint" />
    </UnitTest>
    <UnitTest name="Stock.Tests.RecognitionCompatibilityTests.WrongRowFieldShapeHasAnExactPath(field: &quot;name&quot;, json: &quot;7&quot;)" storage="d:\workspace\codex工作区\local-stock-manager\tests\stock.tests\bin\release\net10.0\stock.tests.dll" id="8461e46f-7a7a-b052-67a0-b04980208984">
      <Execution id="cef6ef81-2f77-4387-aff8-5e2a3632c82f" />
      <TestMethod codeBase="D:\workspace\codex工作区\local-stock-manager\tests\Stock.Tests\bin\Release\net10.0\Stock.Tests.dll" adapterTypeName="executor://xunit/VsTestRunner3/netcore/" className="Stock.Tests.RecognitionCompatibilityTests" name="WrongRowFieldShapeHasAnExactPath" />
    </UnitTest>
    <UnitTest name="Stock.Tests.RecognitionCompatibilityTests.CompleteCommonCodeFencesAreAccepted(prefix: &quot;```json\r\n&quot;)" storage="d:\workspace\codex工作区\local-stock-manager\tests\stock.tests\bin\release\net10.0\stock.tests.dll" id="2469cd6b-33d6-5d37-b4c3-233e1368f955">
      <Execution id="5f440f5f-f879-4254-a493-012ed44cac12" />
      <TestMethod codeBase="D:\workspace\codex工作区\local-stock-manager\tests\Stock.Tests\bin\Release\net10.0\Stock.Tests.dll" adapterTypeName="executor://xunit/VsTestRunner3/netcore/" className="Stock.Tests.RecognitionCompatibilityTests" name="CompleteCommonCodeFencesAreAccepted" />
    </UnitTest>
    <UnitTest name="Stock.Tests.QwenTests.StrictParserKeepsDuplicatesZeroQuantitiesAndFullSpecifications" storage="d:\workspace\codex工作区\local-stock-manager\tests\stock.tests\bin\release\net10.0\stock.tests.dll" id="406ca0de-118f-ce6b-99a9-d15fd18ddbf5">
      <Execution id="58497c76-2543-45ec-8e96-faf6e1d95fb7" />
      <TestMethod codeBase="D:\workspace\codex工作区\local-stock-manager\tests\Stock.Tests\bin\Release\net10.0\Stock.Tests.dll" adapterTypeName="executor://xunit/VsTestRunner3/netcore/" className="Stock.Tests.QwenTests" name="StrictParserKeepsDuplicatesZeroQuantitiesAndFullSpecifications" />
    </UnitTest>
    <UnitTest name="Stock.Tests.QwenTests.FailuresAreDistinctAndNeverAutomaticallyRetried(status: 429, code: &quot;Throttling&quot;, label: &quot;限流&quot;)" storage="d:\workspace\codex工作区\local-stock-manager\tests\stock.tests\bin\release\net10.0\stock.tests.dll" id="bf03c679-265e-644c-ab02-5db40da02680">
      <Execution id="bac9c1cd-2944-41b5-b92b-0efe941739da" />
      <TestMethod codeBase="D:\workspace\codex工作区\local-stock-manager\tests\Stock.Tests\bin\Release\net10.0\Stock.Tests.dll" adapterTypeName="executor://xunit/VsTestRunner3/netcore/" className="Stock.Tests.QwenTests" name="FailuresAreDistinctAndNeverAutomaticallyRetried" />
    </UnitTest>
    <UnitTest name="Stock.Tests.RecognitionCompatibilityTests.MissingCriticalFieldNeverDropsTheRowOrInventsAValue(field: &quot;name&quot;)" storage="d:\workspace\codex工作区\local-stock-manager\tests\stock.tests\bin\release\net10.0\stock.tests.dll" id="4e934463-947e-2845-e35e-3b3e7f1400e0">
      <Execution id="9554d925-eec7-4e91-8575-212a90c39532" />
      <TestMethod codeBase="D:\workspace\codex工作区\local-stock-manager\tests\Stock.Tests\bin\Release\net10.0\Stock.Tests.dll" adapterTypeName="executor://xunit/VsTestRunner3/netcore/" className="Stock.Tests.RecognitionCompatibilityTests" name="MissingCriticalFieldNeverDropsTheRowOrInventsAValue" />
    </UnitTest>
    <UnitTest name="Stock.Tests.RecognitionCompatibilityTests.MissingCriticalFieldNeverDropsTheRowOrInventsAValue(field: &quot;type&quot;)" storage="d:\workspace\codex工作区\local-stock-manager\tests\stock.tests\bin\release\net10.0\stock.tests.dll" id="4b8168ff-2c93-fed0-ff69-685aec573f5a">
      <Execution id="39ed078f-abd7-4437-ba08-55e35673bfeb" />
      <TestMethod codeBase="D:\workspace\codex工作区\local-stock-manager\tests\Stock.Tests\bin\Release\net10.0\Stock.Tests.dll" adapterTypeName="executor://xunit/VsTestRunner3/netcore/" className="Stock.Tests.RecognitionCompatibilityTests" name="MissingCriticalFieldNeverDropsTheRowOrInventsAValue" />
    </UnitTest>
    <UnitTest name="Stock.Tests.RecognitionCompatibilityTests.MissingActualColumnIsNeverInferredFromQuantitiesOrTotals(nullValue: False)" storage="d:\workspace\codex工作区\local-stock-manager\tests\stock.tests\bin\release\net10.0\stock.tests.dll" id="dbddd45b-4226-1997-388b-d65d57651167">
      <Execution id="815a7d9c-e5cb-46a4-8ab3-46077879fe4e" />
      <TestMethod codeBase="D:\workspace\codex工作区\local-stock-manager\tests\Stock.Tests\bin\Release\net10.0\Stock.Tests.dll" adapterTypeName="executor://xunit/VsTestRunner3/netcore/" className="Stock.Tests.RecognitionCompatibilityTests" name="MissingActualColumnIsNeverInferredFromQuantitiesOrTotals" />
    </UnitTest>
    <UnitTest name="Stock.Tests.RecognitionCompatibilityTests.WrongRowFieldShapeHasAnExactPath(field: &quot;issues&quot;, json: &quot;\&quot;bad\&quot;&quot;)" storage="d:\workspace\codex工作区\local-stock-manager\tests\stock.tests\bin\release\net10.0\stock.tests.dll" id="38105e29-2efa-b1c4-d5c3-588d12fb9c33">
      <Execution id="ac024689-feca-4267-878e-411a8fb3deaa" />
      <TestMethod codeBase="D:\workspace\codex工作区\local-stock-manager\tests\Stock.Tests\bin\Release\net10.0\Stock.Tests.dll" adapterTypeName="executor://xunit/VsTestRunner3/netcore/" className="Stock.Tests.RecognitionCompatibilityTests" name="WrongRowFieldShapeHasAnExactPath" />
    </UnitTest>
    <UnitTest name="Stock.Tests.RecognitionCompatibilityTests.InvalidTotalsAreUnknownWithAWarning(json: &quot;2147483648&quot;)" storage="d:\workspace\codex工作区\local-stock-manager\tests\stock.tests\bin\release\net10.0\stock.tests.dll" id="72d5942a-cb40-a66f-a332-a99ffb519d41">
      <Execution id="edca9878-aaf3-4473-bb93-b473724cf8e5" />
      <TestMethod codeBase="D:\workspace\codex工作区\local-stock-manager\tests\Stock.Tests\bin\Release\net10.0\Stock.Tests.dll" adapterTypeName="executor://xunit/VsTestRunner3/netcore/" className="Stock.Tests.RecognitionCompatibilityTests" name="InvalidTotalsAreUnknownWithAWarning" />
    </UnitTest>
    <UnitTest name="Stock.Tests.QwenTests.FailuresAreDistinctAndNeverAutomaticallyRetried(status: 403, code: &quot;Arrearage&quot;, label: &quot;余额&quot;)" storage="d:\workspace\codex工作区\local-stock-manager\tests\stock.tests\bin\release\net10.0\stock.tests.dll" id="94330184-dd43-6c65-f8cb-0ec698659a28">
      <Execution id="2989a867-b311-47bf-92a7-d26e71bcac51" />
      <TestMethod codeBase="D:\workspace\codex工作区\local-stock-manager\tests\Stock.Tests\bin\Release\net10.0\Stock.Tests.dll" adapterTypeName="executor://xunit/VsTestRunner3/netcore/" className="Stock.Tests.QwenTests" name="FailuresAreDistinctAndNeverAutomaticallyRetried" />
    </UnitTest>
    <UnitTest name="Stock.Tests.QwenTests.MalformedOrTruncatedJsonIsRejected(text: &quot;{}&quot;)" storage="d:\workspace\codex工作区\local-stock-manager\tests\stock.tests\bin\release\net10.0\stock.tests.dll" id="910a28e6-be4c-a290-01bd-34342a9b6408">
      <Execution id="68f6f4cb-5140-426f-a18b-aef13600d27f" />
      <TestMethod codeBase="D:\workspace\codex工作区\local-stock-manager\tests\Stock.Tests\bin\Release\net10.0\Stock.Tests.dll" adapterTypeName="executor://xunit/VsTestRunner3/netcore/" className="Stock.Tests.QwenTests" name="MalformedOrTruncatedJsonIsRejected" />
    </UnitTest>
    <UnitTest name="Stock.Tests.QwenTests.MalformedOrTruncatedJsonIsRejected(text: &quot;{\&quot;rows\&quot;:[]}&quot;)" storage="d:\workspace\codex工作区\local-stock-manager\tests\stock.tests\bin\release\net10.0\stock.tests.dll" id="f0add5d1-e03e-1737-1970-21255ee9b589">
      <Execution id="15f1c997-721b-4cee-8d43-a2bccebbddde" />
      <TestMethod codeBase="D:\workspace\codex工作区\local-stock-manager\tests\Stock.Tests\bin\Release\net10.0\Stock.Tests.dll" adapterTypeName="executor://xunit/VsTestRunner3/netcore/" className="Stock.Tests.QwenTests" name="MalformedOrTruncatedJsonIsRejected" />
    </UnitTest>
    <UnitTest name="Stock.Tests.QwenTests.FailuresAreDistinctAndNeverAutomaticallyRetried(status: 500, code: &quot;InternalError&quot;, label: &quot;失败&quot;)" storage="d:\workspace\codex工作区\local-stock-manager\tests\stock.tests\bin\release\net10.0\stock.tests.dll" id="de952e48-a21e-5f9e-8a73-3df15c767e79">
      <Execution id="25ed4b01-174d-4561-8b91-89faed33a804" />
      <TestMethod codeBase="D:\workspace\codex工作区\local-stock-manager\tests\Stock.Tests\bin\Release\net10.0\Stock.Tests.dll" adapterTypeName="executor://xunit/VsTestRunner3/netcore/" className="Stock.Tests.QwenTests" name="FailuresAreDistinctAndNeverAutomaticallyRetried" />
    </UnitTest>
    <UnitTest name="Stock.Tests.RecognitionCompatibilityTests.InvalidRowElementRejectsTheEntireResponse(json: &quot;null&quot;)" storage="d:\workspace\codex工作区\local-stock-manager\tests\stock.tests\bin\release\net10.0\stock.tests.dll" id="5f154660-f200-78a6-6c94-04b230c2b686">
      <Execution id="6233208f-23eb-41ec-9ba5-17da3aef3865" />
      <TestMethod codeBase="D:\workspace\codex工作区\local-stock-manager\tests\Stock.Tests\bin\Release\net10.0\Stock.Tests.dll" adapterTypeName="executor://xunit/VsTestRunner3/netcore/" className="Stock.Tests.RecognitionCompatibilityTests" name="InvalidRowElementRejectsTheEntireResponse" />
    </UnitTest>
    <UnitTest name="Stock.Tests.QwenTests.InvalidQuantityIsRetainedForManualCorrection(quantity: &quot;-1&quot;)" storage="d:\workspace\codex工作区\local-stock-manager\tests\stock.tests\bin\release\net10.0\stock.tests.dll" id="19073f04-39a8-dcd1-4bd4-a82976b531f5">
      <Execution id="d68e69ef-3235-4698-8e47-161a9c4829fd" />
      <TestMethod codeBase="D:\workspace\codex工作区\local-stock-manager\tests\Stock.Tests\bin\Release\net10.0\Stock.Tests.dll" adapterTypeName="executor://xunit/VsTestRunner3/netcore/" className="Stock.Tests.QwenTests" name="InvalidQuantityIsRetainedForManualCorrection" />
    </UnitTest>
    <UnitTest name="Stock.Tests.RecognitionCompatibilityTests.MissingCriticalFieldNeverDropsTheRowOrInventsAValue(field: &quot;spec&quot;)" storage="d:\workspace\codex工作区\local-stock-manager\tests\stock.tests\bin\release\net10.0\stock.tests.dll" id="a958f099-9cf1-5063-d8eb-cb3afd05ec38">
      <Execution id="0a44b2b1-d5af-4acb-8558-a1dc813fbb08" />
      <TestMethod codeBase="D:\workspace\codex工作区\local-stock-manager\tests\Stock.Tests\bin\Release\net10.0\Stock.Tests.dll" adapterTypeName="executor://xunit/VsTestRunner3/netcore/" className="Stock.Tests.RecognitionCompatibilityTests" name="MissingCriticalFieldNeverDropsTheRowOrInventsAValue" />
    </UnitTest>
    <UnitTest name="Stock.Tests.RecognitionCompatibilityTests.InvalidTotalsAreUnknownWithAWarning(json: &quot;1.5&quot;)" storage="d:\workspace\codex工作区\local-stock-manager\tests\stock.tests\bin\release\net10.0\stock.tests.dll" id="aeb6a096-addd-77aa-4112-6213dc9782bb">
      <Execution id="7f9ea6a7-44a4-4f30-a240-dde5901c0d74" />
      <TestMethod codeBase="D:\workspace\codex工作区\local-stock-manager\tests\Stock.Tests\bin\Release\net10.0\Stock.Tests.dll" adapterTypeName="executor://xunit/VsTestRunner3/netcore/" className="Stock.Tests.RecognitionCompatibilityTests" name="InvalidTotalsAreUnknownWithAWarning" />
    </UnitTest>
    <UnitTest name="Stock.Tests.RecognitionCompatibilityTests.WrongActualColumnTypeCannotBeMadeTrue" storage="d:\workspace\codex工作区\local-stock-manager\tests\stock.tests\bin\release\net10.0\stock.tests.dll" id="87ee540e-0c34-a2f4-7d02-76ecef8f6a9c">
      <Execution id="3855935a-646d-42d7-a819-ba95941c8aab" />
      <TestMethod codeBase="D:\workspace\codex工作区\local-stock-manager\tests\Stock.Tests\bin\Release\net10.0\Stock.Tests.dll" adapterTypeName="executor://xunit/VsTestRunner3/netcore/" className="Stock.Tests.RecognitionCompatibilityTests" name="WrongActualColumnTypeCannotBeMadeTrue" />
    </UnitTest>
  </TestDefinitions>
  <TestEntries>
    <TestEntry testId="a3bb3301-543e-7923-1ad5-9823909cd9fb" executionId="c529cfc2-127b-424f-9bf9-239ece20b4e2" testListId="8c84fa94-04c1-424b-9868-57a2d4851a1d" />
    <TestEntry testId="8c097285-2516-69f6-a7ce-037b010e2338" executionId="a7924bc8-4301-4f41-888a-eb2d3758b51a" testListId="8c84fa94-04c1-424b-9868-57a2d4851a1d" />
    <TestEntry testId="76b0332d-97fb-9c4e-1247-cf285a411065" executionId="be2ccfe7-eef1-4c98-a85c-f5af20c53108" testListId="8c84fa94-04c1-424b-9868-57a2d4851a1d" />
    <TestEntry testId="93451b28-5bfc-dea7-5319-2d9191be51de" executionId="33911e7c-58f7-4741-984b-9123aeb19eca" testListId="8c84fa94-04c1-424b-9868-57a2d4851a1d" />
    <TestEntry testId="dc57f5ec-c038-9853-2bc8-fd3ad482269a" executionId="26d4fa30-47e0-4ec6-a493-6bc55d4143d6" testListId="8c84fa94-04c1-424b-9868-57a2d4851a1d" />
    <TestEntry testId="e639e929-c82a-dd41-ab66-ac6482713810" executionId="8eb22d43-e228-4ead-b073-da7fab21195c" testListId="8c84fa94-04c1-424b-9868-57a2d4851a1d" />
    <TestEntry testId="688d2934-fa07-d22c-07a8-1fec078f1256" executionId="842d4f36-615c-44b6-9ad1-d6a02a7c82b3" testListId="8c84fa94-04c1-424b-9868-57a2d4851a1d" />
    <TestEntry testId="8461e46f-7a7a-b052-67a0-b04980208984" executionId="cef6ef81-2f77-4387-aff8-5e2a3632c82f" testListId="8c84fa94-04c1-424b-9868-57a2d4851a1d" />
    <TestEntry testId="62e26297-0941-942f-90db-8e652a99b512" executionId="73ba74aa-2fda-4717-9a98-c72fe0a76024" testListId="8c84fa94-04c1-424b-9868-57a2d4851a1d" />
    <TestEntry testId="dfa2024c-320c-f174-91e9-61b949f255aa" executionId="d5347d57-30e0-4293-a749-9fd56b24e74f" testListId="8c84fa94-04c1-424b-9868-57a2d4851a1d" />
    <TestEntry testId="94330184-dd43-6c65-f8cb-0ec698659a28" executionId="2989a867-b311-47bf-92a7-d26e71bcac51" testListId="8c84fa94-04c1-424b-9868-57a2d4851a1d" />
    <TestEntry testId="f0add5d1-e03e-1737-1970-21255ee9b589" executionId="15f1c997-721b-4cee-8d43-a2bccebbddde" testListId="8c84fa94-04c1-424b-9868-57a2d4851a1d" />
    <TestEntry testId="4e934463-947e-2845-e35e-3b3e7f1400e0" executionId="9554d925-eec7-4e91-8575-212a90c39532" testListId="8c84fa94-04c1-424b-9868-57a2d4851a1d" />
    <TestEntry testId="87ee540e-0c34-a2f4-7d02-76ecef8f6a9c" executionId="3855935a-646d-42d7-a819-ba95941c8aab" testListId="8c84fa94-04c1-424b-9868-57a2d4851a1d" />
    <TestEntry testId="dbddd45b-4226-1997-388b-d65d57651167" executionId="815a7d9c-e5cb-46a4-8ab3-46077879fe4e" testListId="8c84fa94-04c1-424b-9868-57a2d4851a1d" />
    <TestEntry testId="14ab6fca-fc28-470d-050d-a02216b8425e" executionId="13e49f8e-6f75-4ceb-99e4-3e3eac01b527" testListId="8c84fa94-04c1-424b-9868-57a2d4851a1d" />
    <TestEntry testId="910a28e6-be4c-a290-01bd-34342a9b6408" executionId="68f6f4cb-5140-426f-a18b-aef13600d27f" testListId="8c84fa94-04c1-424b-9868-57a2d4851a1d" />
    <TestEntry testId="72d5942a-cb40-a66f-a332-a99ffb519d41" executionId="edca9878-aaf3-4473-bb93-b473724cf8e5" testListId="8c84fa94-04c1-424b-9868-57a2d4851a1d" />
    <TestEntry testId="766ce344-5a2a-85a7-6eab-d1a685382aca" executionId="72a3a279-501e-4029-ab37-82cc4cded0da" testListId="8c84fa94-04c1-424b-9868-57a2d4851a1d" />
    <TestEntry testId="de952e48-a21e-5f9e-8a73-3df15c767e79" executionId="25ed4b01-174d-4561-8b91-89faed33a804" testListId="8c84fa94-04c1-424b-9868-57a2d4851a1d" />
    <TestEntry testId="62be4133-35c8-514d-c7bf-1531424c07bf" executionId="94a3b0aa-dcc4-4fcb-88ff-80cc69570989" testListId="8c84fa94-04c1-424b-9868-57a2d4851a1d" />
    <TestEntry testId="7906a2ed-209c-e229-6561-43a07596c48d" executionId="65eacee2-ef6f-48be-a4a9-537946c4f639" testListId="8c84fa94-04c1-424b-9868-57a2d4851a1d" />
    <TestEntry testId="5b44f7dd-4512-9112-5d93-290a9fe54d58" executionId="624e2e9c-0e9a-4dc6-9d80-e49f5acf2614" testListId="8c84fa94-04c1-424b-9868-57a2d4851a1d" />
    <TestEntry testId="406ca0de-118f-ce6b-99a9-d15fd18ddbf5" executionId="58497c76-2543-45ec-8e96-faf6e1d95fb7" testListId="8c84fa94-04c1-424b-9868-57a2d4851a1d" />
    <TestEntry testId="653e1ecc-d1c5-40e2-1ebe-852115b96f5d" executionId="8f1b6069-bd5a-4d28-b59f-a7f77b56d107" testListId="8c84fa94-04c1-424b-9868-57a2d4851a1d" />
    <TestEntry testId="fba4e62c-93c4-19aa-13ef-cacff5f61cb7" executionId="349fc950-f2c8-4627-b7bc-d2520e03271c" testListId="8c84fa94-04c1-424b-9868-57a2d4851a1d" />
    <TestEntry testId="8a681c0f-b8d5-03eb-6f42-c9eca1fcbb07" executionId="07a907bd-05fc-4b00-a221-9b963b5e077f" testListId="8c84fa94-04c1-424b-9868-57a2d4851a1d" />
    <TestEntry testId="2469cd6b-33d6-5d37-b4c3-233e1368f955" executionId="5f440f5f-f879-4254-a493-012ed44cac12" testListId="8c84fa94-04c1-424b-9868-57a2d4851a1d" />
    <TestEntry testId="50c1cf12-afe3-51ea-5e49-d930676e159c" executionId="fc0ee714-75cd-4cc0-8bc1-8e68a193bd0c" testListId="8c84fa94-04c1-424b-9868-57a2d4851a1d" />
    <TestEntry testId="5f154660-f200-78a6-6c94-04b230c2b686" executionId="6233208f-23eb-41ec-9ba5-17da3aef3865" testListId="8c84fa94-04c1-424b-9868-57a2d4851a1d" />
    <TestEntry testId="3b64d56f-a8e2-3300-5826-1296b91efe91" executionId="9f9accb9-d0b3-40bb-99bd-fe4c16d720d2" testListId="8c84fa94-04c1-424b-9868-57a2d4851a1d" />
    <TestEntry testId="38105e29-2efa-b1c4-d5c3-588d12fb9c33" executionId="ac024689-feca-4267-878e-411a8fb3deaa" testListId="8c84fa94-04c1-424b-9868-57a2d4851a1d" />
    <TestEntry testId="a958f099-9cf1-5063-d8eb-cb3afd05ec38" executionId="0a44b2b1-d5af-4acb-8558-a1dc813fbb08" testListId="8c84fa94-04c1-424b-9868-57a2d4851a1d" />
    <TestEntry testId="ac20640c-9bdc-91bf-faf8-7e0e11f8e81b" executionId="3506e4c3-e5a7-4cb0-825f-ed4f4c27e1d8" testListId="8c84fa94-04c1-424b-9868-57a2d4851a1d" />
    <TestEntry testId="472a17c2-a057-1017-376f-6e52de8d19fb" executionId="83e0d24d-39e6-43b3-952c-4334f3bcd60e" testListId="8c84fa94-04c1-424b-9868-57a2d4851a1d" />
    <TestEntry testId="8d58e14a-a2ad-0f43-d806-a8d7a0c98d7c" executionId="e91bab3b-ca1f-4c5a-9e56-e2732005e744" testListId="8c84fa94-04c1-424b-9868-57a2d4851a1d" />
    <TestEntry testId="3a5ce363-77c3-7cbf-10af-0c5b388835e4" executionId="552635ed-548a-4678-8da4-47ebfcf63095" testListId="8c84fa94-04c1-424b-9868-57a2d4851a1d" />
    <TestEntry testId="aeb6a096-addd-77aa-4112-6213dc9782bb" executionId="7f9ea6a7-44a4-4f30-a240-dde5901c0d74" testListId="8c84fa94-04c1-424b-9868-57a2d4851a1d" />
    <TestEntry testId="5c1fdd0c-776b-bc91-d504-935e764afeca" executionId="2ca4c780-152f-4278-a6a7-8622413d3ecc" testListId="8c84fa94-04c1-424b-9868-57a2d4851a1d" />
    <TestEntry testId="3a8d8d58-3fd0-9bbc-8135-743aa30a5a73" executionId="d1388a13-2dac-43a5-ab72-bd9eb338245c" testListId="8c84fa94-04c1-424b-9868-57a2d4851a1d" />
    <TestEntry testId="bf03c679-265e-644c-ab02-5db40da02680" executionId="bac9c1cd-2944-41b5-b92b-0efe941739da" testListId="8c84fa94-04c1-424b-9868-57a2d4851a1d" />
    <TestEntry testId="bf79b239-3357-705a-a4a2-9545055cd8c2" executionId="f7851246-4417-47df-914e-3072cdff02aa" testListId="8c84fa94-04c1-424b-9868-57a2d4851a1d" />
    <TestEntry testId="9d01260f-6f34-0dc4-85f5-5392f9066139" executionId="0a3d452a-b81c-427e-962b-3cfcd9c26d48" testListId="8c84fa94-04c1-424b-9868-57a2d4851a1d" />
    <TestEntry testId="3681cdfb-7785-04ff-f362-53afe5cdab2e" executionId="e9279414-e947-43d2-a92e-cdbdf33295f0" testListId="8c84fa94-04c1-424b-9868-57a2d4851a1d" />
    <TestEntry testId="7558398a-3318-8a78-a61d-6c694f807886" executionId="4451ac8f-41c6-45e2-9f55-72f5808ac487" testListId="8c84fa94-04c1-424b-9868-57a2d4851a1d" />
    <TestEntry testId="26d4bef1-4d6b-69a5-e674-aa17f91ef268" executionId="6f42825f-cef4-4f0c-991d-10ba64ed920f" testListId="8c84fa94-04c1-424b-9868-57a2d4851a1d" />
    <TestEntry testId="030da185-0ead-5952-7ac6-1f2675066ec0" executionId="75081915-ed87-416e-92e3-89154ff05a6a" testListId="8c84fa94-04c1-424b-9868-57a2d4851a1d" />
    <TestEntry testId="ca158ed0-a4fa-586a-cc02-c99160207e1d" executionId="c8e2602b-4f5d-49d8-9909-4b725ae77bdc" testListId="8c84fa94-04c1-424b-9868-57a2d4851a1d" />
    <TestEntry testId="63276567-1133-c45d-1d27-ba15229227e8" executionId="8ea0c3a3-689e-4d5a-8b2a-202738943237" testListId="8c84fa94-04c1-424b-9868-57a2d4851a1d" />
    <TestEntry testId="df31819c-3565-275e-f3dc-8a7be56c06fa" executionId="4e16f463-3d76-4983-9a47-5c61f51ad73c" testListId="8c84fa94-04c1-424b-9868-57a2d4851a1d" />
    <TestEntry testId="002cf6b2-66fb-ad1d-0abe-e2d9fa4e1db0" executionId="1cc44cbf-8e13-467d-929b-8c65dc684cf8" testListId="8c84fa94-04c1-424b-9868-57a2d4851a1d" />
    <TestEntry testId="19073f04-39a8-dcd1-4bd4-a82976b531f5" executionId="d68e69ef-3235-4698-8e47-161a9c4829fd" testListId="8c84fa94-04c1-424b-9868-57a2d4851a1d" />
    <TestEntry testId="a2753b27-5f75-4e9a-abf8-5f34ea725a29" executionId="24e79025-adba-4d52-a898-fe6b28c52212" testListId="8c84fa94-04c1-424b-9868-57a2d4851a1d" />
    <TestEntry testId="aa2b3697-c666-3956-d916-9826f908402c" executionId="bd46946a-addf-4a88-9102-020ea5c9e11d" testListId="8c84fa94-04c1-424b-9868-57a2d4851a1d" />
    <TestEntry testId="4b8168ff-2c93-fed0-ff69-685aec573f5a" executionId="39ed078f-abd7-4437-ba08-55e35673bfeb" testListId="8c84fa94-04c1-424b-9868-57a2d4851a1d" />
  </TestEntries>
  <TestLists>
    <TestList name="列表中未列出的结果" id="8c84fa94-04c1-424b-9868-57a2d4851a1d" />
    <TestList name="所有已加载的结果" id="19431567-8539-422a-85d7-44ee4e166bda" />
  </TestLists>
  <ResultSummary outcome="Completed">
    <Counters total="55" executed="55" passed="55" failed="0" error="0" timeout="0" aborted="0" inconclusive="0" passedButRunAborted="0" notRunnable="0" notExecuted="0" disconnected="0" warning="0" completed="0" inProgress="0" pending="0" />
    <Output>
      <StdOut>[xUnit.net 00:00:00.00] xUnit.net VSTest Adapter v3.1.0+00ab0a9ec4 (64-bit .NET 10.0.11)&#xD;
[xUnit.net 00:00:00.45]   Discovering: Stock.Tests&#xD;
[xUnit.net 00:00:00.52]   Discovered:  Stock.Tests&#xD;
[xUnit.net 00:00:00.55]   Starting:    Stock.Tests&#xD;
[xUnit.net 00:00:00.90]   Finished:    Stock.Tests&#xD;
</StdOut>
    </Output>
  </ResultSummary>
</TestRun>