<?xml version="1.0" encoding="utf-8"?>
<TestRun id="0b1d692b-5d30-4dce-b650-43bacda02366" name="xiaozulin@LAPTOP-HQMKD56I 2026-10-06 19:07:23" runUser="LAPTOP-HQMKD56I\xiaozulin" xmlns="http://microsoft.com/schemas/VisualStudio/TeamTest/2010">
  <Times creation="2026-10-06T19:07:23.1198889+08:00" queuing="2026-10-06T19:07:23.1198893+08:00" start="2026-10-06T19:07:22.4187396+08:00" finish="2026-10-06T19:07:39.8613776+08:00" />
  <TestSettings name="default" id="4d5cb176-17da-489b-b3f1-565c24fa5d00">
    <Deployment runDeploymentRoot="xiaozulin_LAPTOP-HQMKD56I_2026-10-06_19_07_23" />
  </TestSettings>
  <Results>
    <UnitTestResult executionId="da0a6d40-6a29-468d-9fdf-b987f34ddf97" testId="ae2d7a90-da61-1f21-f6c6-ef8111228f05" testName="Stock.Tests.BusinessTests.ChannelValidationAndReopen" computerName="LAPTOP-HQMKD56I" duration="00:00:00.0542297" startTime="2026-10-06T19:07:23.3619253+08:00" endTime="2026-10-06T19:07:23.4161471+08:00" testType="13cdc9d9-ddb5-4fa4-a97d-d965ccfc6d4b" outcome="Passed" testListId="8c84fa94-04c1-424b-9868-57a2d4851a1d" relativeResultsDirectory="da0a6d40-6a29-468d-9fdf-b987f34ddf97" />
    <UnitTestResult executionId="a3ce1eec-466c-4f0a-9f00-db1f843c97a2" testId="e639e929-c82a-dd41-ab66-ac6482713810" testName="Stock.Tests.QwenTests.KeyCannotBeSentToNonNativeOrUnofficialEndpoint(endpoint: &quot;https://attacker.example/api/v1/services/aigc/mult&quot;···)" computerName="LAPTOP-HQMKD56I" duration="00:00:00.0012801" startTime="2026-10-06T19:07:23.0833389+08:00" endTime="2026-10-06T19:07:23.0833712+08:00" testType="13cdc9d9-ddb5-4fa4-a97d-d965ccfc6d4b" outcome="Passed" testListId="8c84fa94-04c1-424b-9868-57a2d4851a1d" relativeResultsDirectory="a3ce1eec-466c-4f0a-9f00-db1f843c97a2" />
    <UnitTestResult executionId="e376f1fe-b694-44b2-96ed-997cd191423b" testId="3681cdfb-7785-04ff-f362-53afe5cdab2e" testName="Stock.Tests.QwenTests.KeyCannotBeSentToNonNativeOrUnofficialEndpoint(endpoint: &quot;https://dashscope.aliyuncs.com/compatible-mode/v1&quot;)" computerName="LAPTOP-HQMKD56I" duration="00:00:00.0013862" startTime="2026-10-06T19:07:23.0834021+08:00" endTime="2026-10-06T19:07:23.0834331+08:00" testType="13cdc9d9-ddb5-4fa4-a97d-d965ccfc6d4b" outcome="Passed" testListId="8c84fa94-04c1-424b-9868-57a2d4851a1d" relativeResultsDirectory="e376f1fe-b694-44b2-96ed-997cd191423b" />
    <UnitTestResult executionId="8018011e-0188-44e4-8677-8394a77adbbf" testId="2213e686-4b13-fa0a-8ee8-7cf5826ea16a" testName="Stock.Tests.BusinessTests.A20_OldOriginalAndRetainedReversal" computerName="LAPTOP-HQMKD56I" duration="00:00:00.2847277" startTime="2026-10-06T19:07:24.1953875+08:00" endTime="2026-10-06T19:07:24.4801508+08:00" testType="13cdc9d9-ddb5-4fa4-a97d-d965ccfc6d4b" outcome="Passed" testListId="8c84fa94-04c1-424b-9868-57a2d4851a1d" relativeResultsDirectory="8018011e-0188-44e4-8677-8394a77adbbf" />
    <UnitTestResult executionId="b6bcf316-f09a-4a02-bb1b-2d0e092a5f04" testId="2d9cf030-afbf-d30a-a640-22e37aefbfe5" testName="Stock.Tests.IntegrityTests.RestoreRejectsZipTraversalBeforeChangingCurrentData" computerName="LAPTOP-HQMKD56I" duration="00:00:00.0591142" startTime="2026-10-06T19:07:23.7038326+08:00" endTime="2026-10-06T19:07:23.7627804+08:00" testType="13cdc9d9-ddb5-4fa4-a97d-d965ccfc6d4b" outcome="Passed" testListId="8c84fa94-04c1-424b-9868-57a2d4851a1d" relativeResultsDirectory="b6bcf316-f09a-4a02-bb1b-2d0e092a5f04" />
    <UnitTestResult executionId="87c77408-e85f-46bc-bf87-78157a163e32" testId="0bf44514-6320-ce0e-1bcd-58f13bd4a3c5" testName="Stock.Tests.InvoiceTests.A14_MultipleQuantityColumnsRequireExplicitSelection" computerName="LAPTOP-HQMKD56I" duration="00:00:00.0011869" startTime="2026-10-06T19:07:23.0810445+08:00" endTime="2026-10-06T19:07:23.0811307+08:00" testType="13cdc9d9-ddb5-4fa4-a97d-d965ccfc6d4b" outcome="Passed" testListId="8c84fa94-04c1-424b-9868-57a2d4851a1d" relativeResultsDirectory="87c77408-e85f-46bc-bf87-78157a163e32" />
    <UnitTestResult executionId="07500f11-d325-40d7-8635-bf50dd1a208a" testId="910a28e6-be4c-a290-01bd-34342a9b6408" testName="Stock.Tests.QwenTests.MalformedOrTruncatedJsonIsRejected(text: &quot;{}&quot;)" computerName="LAPTOP-HQMKD56I" duration="00:00:00.0013970" startTime="2026-10-06T19:07:23.1344610+08:00" endTime="2026-10-06T19:07:23.1357310+08:00" testType="13cdc9d9-ddb5-4fa4-a97d-d965ccfc6d4b" outcome="Passed" testListId="8c84fa94-04c1-424b-9868-57a2d4851a1d" relativeResultsDirectory="07500f11-d325-40d7-8635-bf50dd1a208a" />
    <UnitTestResult executionId="550b4f99-e48e-46a5-86af-8571e68ba943" testId="88140edc-fb6d-630d-d960-ed07a9c4b368" testName="Stock.Tests.InvoiceTests.A09_IntegerTextIsStrict(text: &quot;2147483648&quot;, valid: False)" computerName="LAPTOP-HQMKD56I" duration="00:00:00.0000047" startTime="2026-10-06T19:07:23.0793254+08:00" endTime="2026-10-06T19:07:23.0793720+08:00" testType="13cdc9d9-ddb5-4fa4-a97d-d965ccfc6d4b" outcome="Passed" testListId="8c84fa94-04c1-424b-9868-57a2d4851a1d" relativeResultsDirectory="550b4f99-e48e-46a5-86af-8571e68ba943" />
    <UnitTestResult executionId="c65906e0-d464-40e7-a78c-353f0aec2153" testId="50c1cf12-afe3-51ea-5e49-d930676e159c" testName="Stock.Tests.QwenTests.TruncationAndMalformedEnvelopeNeverYieldRows" computerName="LAPTOP-HQMKD56I" duration="00:00:00.0098743" startTime="2026-10-06T19:07:23.1430785+08:00" endTime="2026-10-06T19:07:23.1527665+08:00" testType="13cdc9d9-ddb5-4fa4-a97d-d965ccfc6d4b" outcome="Passed" testListId="8c84fa94-04c1-424b-9868-57a2d4851a1d" relativeResultsDirectory="c65906e0-d464-40e7-a78c-353f0aec2153" />
    <UnitTestResult executionId="e2b8973f-2e07-48af-b501-b8673dfdd512" testId="406ca0de-118f-ce6b-99a9-d15fd18ddbf5" testName="Stock.Tests.QwenTests.StrictParserKeepsDuplicatesZeroQuantitiesAndFullSpecifications" computerName="LAPTOP-HQMKD56I" duration="00:00:00.0064268" startTime="2026-10-06T19:07:23.1262737+08:00" endTime="2026-10-06T19:07:23.1327549+08:00" testType="13cdc9d9-ddb5-4fa4-a97d-d965ccfc6d4b" outcome="Passed" testListId="8c84fa94-04c1-424b-9868-57a2d4851a1d" relativeResultsDirectory="e2b8973f-2e07-48af-b501-b8673dfdd512" />
    <UnitTestResult executionId="275fedfb-3e2e-4566-9e9e-274b5d24dfab" testId="44425809-380c-a8ec-033c-1758c53001d7" testName="Stock.Tests.UpgradeTests.PreciseIdentityAndMarkerSnapshotsRemainSeparateAndVoidAggregates" computerName="LAPTOP-HQMKD56I" duration="00:00:00.1892216" startTime="2026-10-06T19:07:23.7131650+08:00" endTime="2026-10-06T19:07:23.9022007+08:00" testType="13cdc9d9-ddb5-4fa4-a97d-d965ccfc6d4b" outcome="Passed" testListId="8c84fa94-04c1-424b-9868-57a2d4851a1d" relativeResultsDirectory="275fedfb-3e2e-4566-9e9e-274b5d24dfab" />
    <UnitTestResult executionId="ea52d4a1-f525-4e65-8e2e-3a033cde7997" testId="26d4bef1-4d6b-69a5-e674-aa17f91ef268" testName="Stock.Tests.QwenTests.TimeoutIsReportedWithoutRetry" computerName="LAPTOP-HQMKD56I" duration="00:00:00.0283136" startTime="2026-10-06T19:07:23.1807747+08:00" endTime="2026-10-06T19:07:23.2093072+08:00" testType="13cdc9d9-ddb5-4fa4-a97d-d965ccfc6d4b" outcome="Passed" testListId="8c84fa94-04c1-424b-9868-57a2d4851a1d" relativeResultsDirectory="ea52d4a1-f525-4e65-8e2e-3a033cde7997" />
    <UnitTestResult executionId="22b83e8c-2f62-491c-92d3-3f2a549147ab" testId="2487d500-5cf2-70bd-1d72-5bd503f298c1" testName="Stock.Tests.InvoiceTests.A09_IntegerTextIsStrict(text: &quot;-1&quot;, valid: False)" computerName="LAPTOP-HQMKD56I" duration="00:00:00.0002196" startTime="2026-10-06T19:07:23.0551818+08:00" endTime="2026-10-06T19:07:23.0552418+08:00" testType="13cdc9d9-ddb5-4fa4-a97d-d965ccfc6d4b" outcome="Passed" testListId="8c84fa94-04c1-424b-9868-57a2d4851a1d" relativeResultsDirectory="22b83e8c-2f62-491c-92d3-3f2a549147ab" />
    <UnitTestResult executionId="2aa4a346-5274-463e-abe7-f137f7bd96ab" testId="39578307-bd13-cd8b-f244-9ab8faa9d5c2" testName="Stock.Tests.BusinessTests.A06To08_VoidBalancesAndLedger" computerName="LAPTOP-HQMKD56I" duration="00:00:00.0886868" startTime="2026-10-06T19:07:23.9996690+08:00" endTime="2026-10-06T19:07:24.0882659+08:00" testType="13cdc9d9-ddb5-4fa4-a97d-d965ccfc6d4b" outcome="Passed" testListId="8c84fa94-04c1-424b-9868-57a2d4851a1d" relativeResultsDirectory="2aa4a346-5274-463e-abe7-f137f7bd96ab" />
    <UnitTestResult executionId="37c82d16-6819-4fb0-aa1b-f6d6ad1328e7" testId="274b34f7-e75a-93cd-64eb-fe15664e89bb" testName="Stock.Tests.PerformanceTests.TwoHundredThousandRowsQuerySummaryPaginationFullExportAndCancellation" computerName="LAPTOP-HQMKD56I" duration="00:00:16.7523700" startTime="2026-10-06T19:07:23.0311066+08:00" endTime="2026-10-06T19:07:39.7883456+08:00" testType="13cdc9d9-ddb5-4fa4-a97d-d965ccfc6d4b" outcome="Passed" testListId="8c84fa94-04c1-424b-9868-57a2d4851a1d" relativeResultsDirectory="37c82d16-6819-4fb0-aa1b-f6d6ad1328e7" />
    <UnitTestResult executionId="98782a53-eb5d-4b8c-9a47-d7572c528596" testId="991a1380-4364-2293-f241-c667eac11889" testName="Stock.Tests.InvoiceTests.A14_MissingDecimalAndLowConfidenceRemainFlagged" computerName="LAPTOP-HQMKD56I" duration="00:00:00.0074161" startTime="2026-10-06T19:07:23.0811923+08:00" endTime="2026-10-06T19:07:23.0835088+08:00" testType="13cdc9d9-ddb5-4fa4-a97d-d965ccfc6d4b" outcome="Passed" testListId="8c84fa94-04c1-424b-9868-57a2d4851a1d" relativeResultsDirectory="98782a53-eb5d-4b8c-9a47-d7572c528596" />
    <UnitTestResult executionId="b4c25f9f-9c03-496e-928b-e9ef85593309" testId="a9f24732-8c67-0575-4c82-b0dbb31f87bf" testName="Stock.Tests.UpgradeTests.IdentityCorrectionConflictDoesNotMergeOrChangeBalances" computerName="LAPTOP-HQMKD56I" duration="00:00:00.0589405" startTime="2026-10-06T19:07:24.1142667+08:00" endTime="2026-10-06T19:07:24.1730026+08:00" testType="13cdc9d9-ddb5-4fa4-a97d-d965ccfc6d4b" outcome="Passed" testListId="8c84fa94-04c1-424b-9868-57a2d4851a1d" relativeResultsDirectory="b4c25f9f-9c03-496e-928b-e9ef85593309" />
    <UnitTestResult executionId="ddb1419a-9d0f-4719-9e12-10158eb3e18e" testId="32cb5dc6-d7e3-7c27-fc50-57ff4f4eec2b" testName="Stock.Tests.IntegrityTests.RestoreRejectsIncompatibleDatabaseEvenWithValidFileChecksum" computerName="LAPTOP-HQMKD56I" duration="00:00:00.1157905" startTime="2026-10-06T19:07:23.7629029+08:00" endTime="2026-10-06T19:07:23.8788249+08:00" testType="13cdc9d9-ddb5-4fa4-a97d-d965ccfc6d4b" outcome="Passed" testListId="8c84fa94-04c1-424b-9868-57a2d4851a1d" relativeResultsDirectory="ddb1419a-9d0f-4719-9e12-10158eb3e18e" />
    <UnitTestResult executionId="84c105db-3f4c-45ff-9155-c7d520437036" testId="52a2a883-bfa1-02c2-69d3-70ccbdc019b8" testName="Stock.Tests.UpgradeTests.CancelledExportLeavesExistingFileAndNoPartialWorkbook" computerName="LAPTOP-HQMKD56I" duration="00:00:00.0328344" startTime="2026-10-06T19:07:23.9034293+08:00" endTime="2026-10-06T19:07:23.9351520+08:00" testType="13cdc9d9-ddb5-4fa4-a97d-d965ccfc6d4b" outcome="Passed" testListId="8c84fa94-04c1-424b-9868-57a2d4851a1d" relativeResultsDirectory="84c105db-3f4c-45ff-9155-c7d520437036" />
    <UnitTestResult executionId="e066e9b7-d791-4ebc-aa74-5c3a0aacd39d" testId="f0add5d1-e03e-1737-1970-21255ee9b589" testName="Stock.Tests.QwenTests.MalformedOrTruncatedJsonIsRejected(text: &quot;{\&quot;rows\&quot;:[]}&quot;)" computerName="LAPTOP-HQMKD56I" duration="00:00:00.0013327" startTime="2026-10-06T19:07:23.1359010+08:00" endTime="2026-10-06T19:07:23.1371126+08:00" testType="13cdc9d9-ddb5-4fa4-a97d-d965ccfc6d4b" outcome="Passed" testListId="8c84fa94-04c1-424b-9868-57a2d4851a1d" relativeResultsDirectory="e066e9b7-d791-4ebc-aa74-5c3a0aacd39d" />
    <UnitTestResult executionId="e174628a-2f53-4313-ae2a-b4ecdd330052" testId="5b44f7dd-4512-9112-5d93-290a9fe54d58" testName="Stock.Tests.QwenTests.MissingActualColumnUnknownTypeAndColorConflictAreVisible" computerName="LAPTOP-HQMKD56I" duration="00:00:00.0021947" startTime="2026-10-06T19:07:23.1529271+08:00" endTime="2026-10-06T19:07:23.1551566+08:00" testType="13cdc9d9-ddb5-4fa4-a97d-d965ccfc6d4b" outcome="Passed" testListId="8c84fa94-04c1-424b-9868-57a2d4851a1d" relativeResultsDirectory="e174628a-2f53-4313-ae2a-b4ecdd330052" />
    <UnitTestResult executionId="41525426-3db6-492e-90a9-d0fb5d7b8b19" testId="69767b00-e7c2-1aa6-090e-1c98023b9845" testName="Stock.Tests.IntegrityTests.ConcurrentIndependentServicesCannotOversell" computerName="LAPTOP-HQMKD56I" duration="00:00:00.3260024" startTime="2026-10-06T19:07:23.0310960+08:00" endTime="2026-10-06T19:07:23.3599643+08:00" testType="13cdc9d9-ddb5-4fa4-a97d-d965ccfc6d4b" outcome="Passed" testListId="8c84fa94-04c1-424b-9868-57a2d4851a1d" relativeResultsDirectory="41525426-3db6-492e-90a9-d0fb5d7b8b19" />
    <UnitTestResult executionId="6b2766b0-99e4-472e-bb62-605b04c1d113" testId="d5061064-787f-267d-89e6-df406ce08c4f" testName="Stock.Tests.BusinessTests.A11_PreviewAndDuplicateSubmit" computerName="LAPTOP-HQMKD56I" duration="00:00:00.0427320" startTime="2026-10-06T19:07:24.1536257+08:00" endTime="2026-10-06T19:07:24.1952783+08:00" testType="13cdc9d9-ddb5-4fa4-a97d-d965ccfc6d4b" outcome="Passed" testListId="8c84fa94-04c1-424b-9868-57a2d4851a1d" relativeResultsDirectory="6b2766b0-99e4-472e-bb62-605b04c1d113" />
    <UnitTestResult executionId="e3269414-486d-4716-9c26-10e75676aec7" testId="94fce09c-c284-7278-b8c6-3bfd9fcd8672" testName="Stock.Tests.BusinessTests.A21_UnsupportedSchemaDoesNotResetData" computerName="LAPTOP-HQMKD56I" duration="00:00:00.0453137" startTime="2026-10-06T19:07:23.9542591+08:00" endTime="2026-10-06T19:07:23.9994139+08:00" testType="13cdc9d9-ddb5-4fa4-a97d-d965ccfc6d4b" outcome="Passed" testListId="8c84fa94-04c1-424b-9868-57a2d4851a1d" relativeResultsDirectory="e3269414-486d-4716-9c26-10e75676aec7" />
    <UnitTestResult executionId="5e676893-d36d-4d5a-8af7-d93e175c153f" testId="27151d18-d1d5-053f-c821-73f90c9f9fea" testName="Stock.Tests.UpgradeTests.InterruptedMigrationRollsBackAndLeavesRestorableV1Backup" computerName="LAPTOP-HQMKD56I" duration="00:00:00.2502880" startTime="2026-10-06T19:07:23.0299593+08:00" endTime="2026-10-06T19:07:23.2840266+08:00" testType="13cdc9d9-ddb5-4fa4-a97d-d965ccfc6d4b" outcome="Passed" testListId="8c84fa94-04c1-424b-9868-57a2d4851a1d" relativeResultsDirectory="5e676893-d36d-4d5a-8af7-d93e175c153f" />
    <UnitTestResult executionId="30439fc7-fc4a-49d2-a43c-7c4ea902a098" testId="8d58e14a-a2ad-0f43-d806-a8d7a0c98d7c" testName="Stock.Tests.QwenTests.FailuresAreDistinctAndNeverAutomaticallyRetried(status: 403, code: &quot;AccessDenied&quot;, label: &quot;权限&quot;)" computerName="LAPTOP-HQMKD56I" duration="00:00:00.0037588" startTime="2026-10-06T19:07:23.1052467+08:00" endTime="2026-10-06T19:07:23.1094387+08:00" testType="13cdc9d9-ddb5-4fa4-a97d-d965ccfc6d4b" outcome="Passed" testListId="8c84fa94-04c1-424b-9868-57a2d4851a1d" relativeResultsDirectory="30439fc7-fc4a-49d2-a43c-7c4ea902a098" />
    <UnitTestResult executionId="072ef799-859c-4e43-9eb5-b4589971fe07" testId="7182679b-5062-2c56-ed96-a42307574b6c" testName="Stock.Tests.UpgradeTests.SqlFiltersSelectOnlyMatchingLinesAndSummariesSeparateUnits" computerName="LAPTOP-HQMKD56I" duration="00:00:00.4287000" startTime="2026-10-06T19:07:23.2841281+08:00" endTime="2026-10-06T19:07:23.7128824+08:00" testType="13cdc9d9-ddb5-4fa4-a97d-d965ccfc6d4b" outcome="Passed" testListId="8c84fa94-04c1-424b-9868-57a2d4851a1d" relativeResultsDirectory="072ef799-859c-4e43-9eb5-b4589971fe07" />
    <UnitTestResult executionId="513b87ef-d824-4098-a5c0-9072ecd3f139" testId="bb3d10f2-2672-9809-1986-19bfaf7326de" testName="Stock.Tests.QwenTests.InvalidQuantityCannotBeRepaired(quantity: &quot;-1&quot;)" computerName="LAPTOP-HQMKD56I" duration="00:00:00.0215846" startTime="2026-10-06T19:07:23.0310597+08:00" endTime="2026-10-06T19:07:23.0808455+08:00" testType="13cdc9d9-ddb5-4fa4-a97d-d965ccfc6d4b" outcome="Passed" testListId="8c84fa94-04c1-424b-9868-57a2d4851a1d" relativeResultsDirectory="513b87ef-d824-4098-a5c0-9072ecd3f139" />
    <UnitTestResult executionId="f3153393-e941-4acc-924c-a1f7a66a0b2f" testId="4d82524a-c9dc-6c38-81ed-013556db5af9" testName="Stock.Tests.BusinessTests.A22_SnapshotsIdentityAndDisable" computerName="LAPTOP-HQMKD56I" duration="00:00:00.0641034" startTime="2026-10-06T19:07:24.0885250+08:00" endTime="2026-10-06T19:07:24.1524528+08:00" testType="13cdc9d9-ddb5-4fa4-a97d-d965ccfc6d4b" outcome="Passed" testListId="8c84fa94-04c1-424b-9868-57a2d4851a1d" relativeResultsDirectory="f3153393-e941-4acc-924c-a1f7a66a0b2f" />
    <UnitTestResult executionId="1f7d5bc7-8d89-419a-9fad-6512ca22d922" testId="0d5bc3fe-16d3-f78d-06ea-ed5004b1494b" testName="Stock.Tests.InvoiceTests.A09_IntegerTextIsStrict(text: &quot;12&quot;, valid: True)" computerName="LAPTOP-HQMKD56I" duration="00:00:00.0064223" startTime="2026-10-06T19:07:23.0310789+08:00" endTime="2026-10-06T19:07:23.0448719+08:00" testType="13cdc9d9-ddb5-4fa4-a97d-d965ccfc6d4b" outcome="Passed" testListId="8c84fa94-04c1-424b-9868-57a2d4851a1d" relativeResultsDirectory="1f7d5bc7-8d89-419a-9fad-6512ca22d922" />
    <UnitTestResult executionId="9c2b8546-6970-4b5d-b647-a7581394fe0d" testId="9c9d6a7a-44d0-85ec-e1c3-a977c4ba1c74" testName="Stock.Tests.InvoiceTests.A09_IntegerTextIsStrict(text: &quot;&quot;, valid: False)" computerName="LAPTOP-HQMKD56I" duration="00:00:00.0000011" startTime="2026-10-06T19:07:23.0789800+08:00" endTime="2026-10-06T19:07:23.0790386+08:00" testType="13cdc9d9-ddb5-4fa4-a97d-d965ccfc6d4b" outcome="Passed" testListId="8c84fa94-04c1-424b-9868-57a2d4851a1d" relativeResultsDirectory="9c2b8546-6970-4b5d-b647-a7581394fe0d" />
    <UnitTestResult executionId="eca78a3a-2700-44b3-81b7-f613b75e3b84" testId="277984cb-594e-de8f-78ca-2b47c3eb252c" testName="Stock.Tests.QwenTests.InvalidQuantityCannotBeRepaired(quantity: &quot;1e3&quot;)" computerName="LAPTOP-HQMKD56I" duration="00:00:00.0013304" startTime="2026-10-06T19:07:23.0831080+08:00" endTime="2026-10-06T19:07:23.0831691+08:00" testType="13cdc9d9-ddb5-4fa4-a97d-d965ccfc6d4b" outcome="Passed" testListId="8c84fa94-04c1-424b-9868-57a2d4851a1d" relativeResultsDirectory="eca78a3a-2700-44b3-81b7-f613b75e3b84" />
    <UnitTestResult executionId="22e113f5-d53e-493c-820b-75d9f2489dcc" testId="4a30438a-c339-85f8-8a65-962f4c27235b" testName="Stock.Tests.IntegrityTests.ClockRollbackCannotWriteAlreadyDeletedPeriod" computerName="LAPTOP-HQMKD56I" duration="00:00:00.0854935" startTime="2026-10-06T19:07:23.6182408+08:00" endTime="2026-10-06T19:07:23.7035425+08:00" testType="13cdc9d9-ddb5-4fa4-a97d-d965ccfc6d4b" outcome="Passed" testListId="8c84fa94-04c1-424b-9868-57a2d4851a1d" relativeResultsDirectory="22e113f5-d53e-493c-820b-75d9f2489dcc" />
    <UnitTestResult executionId="35bc4c14-2f08-4fd7-843e-892441df99f9" testId="09a4d4d9-a84e-6b0b-22c9-662a9e1b9845" testName="Stock.Tests.BusinessTests.A01To05_OpeningPurchaseSaleAndTransfer" computerName="LAPTOP-HQMKD56I" duration="00:00:00.1135410" startTime="2026-10-06T19:07:23.5650799+08:00" endTime="2026-10-06T19:07:23.6786349+08:00" testType="13cdc9d9-ddb5-4fa4-a97d-d965ccfc6d4b" outcome="Passed" testListId="8c84fa94-04c1-424b-9868-57a2d4851a1d" relativeResultsDirectory="35bc4c14-2f08-4fd7-843e-892441df99f9" />
    <UnitTestResult executionId="7b737b69-8270-41ce-b0eb-242eba51295c" testId="dd7f3cea-8ae3-df4c-9384-8ebbc9c7421c" testName="Stock.Tests.InvoiceTests.A13_QuantityIsNotPriceAndTotalIsExcluded" computerName="LAPTOP-HQMKD56I" duration="00:00:00.0111489" startTime="2026-10-06T19:07:23.0803631+08:00" endTime="2026-10-06T19:07:23.0809664+08:00" testType="13cdc9d9-ddb5-4fa4-a97d-d965ccfc6d4b" outcome="Passed" testListId="8c84fa94-04c1-424b-9868-57a2d4851a1d" relativeResultsDirectory="7b737b69-8270-41ce-b0eb-242eba51295c" />
    <UnitTestResult executionId="a2def418-2004-40f7-9a4b-5b3904edd108" testId="b52f8691-1a3b-5b1f-35af-a3cf2da7d357" testName="Stock.Tests.BusinessTests.A19_MaintenanceFailureLeavesPhotosAndDatabase" computerName="LAPTOP-HQMKD56I" duration="00:00:00.0787746" startTime="2026-10-06T19:07:23.8276835+08:00" endTime="2026-10-06T19:07:23.9063422+08:00" testType="13cdc9d9-ddb5-4fa4-a97d-d965ccfc6d4b" outcome="Passed" testListId="8c84fa94-04c1-424b-9868-57a2d4851a1d" relativeResultsDirectory="a2def418-2004-40f7-9a4b-5b3904edd108" />
    <UnitTestResult executionId="02d4e476-caa9-483e-a053-a2b38bf976bd" testId="a480c3c5-6704-c0c1-7526-0b6835725608" testName="Stock.Tests.UpgradeTests.MigrationPreservesIdsBalancesLineOrderAndUnknownSnapshots" computerName="LAPTOP-HQMKD56I" duration="00:00:00.3014449" startTime="2026-10-06T19:07:24.1732389+08:00" endTime="2026-10-06T19:07:24.4746213+08:00" testType="13cdc9d9-ddb5-4fa4-a97d-d965ccfc6d4b" outcome="Passed" testListId="8c84fa94-04c1-424b-9868-57a2d4851a1d" relativeResultsDirectory="02d4e476-caa9-483e-a053-a2b38bf976bd" />
    <UnitTestResult executionId="9fbe0567-3949-4e3a-b854-e811641ffb33" testId="dfa2024c-320c-f174-91e9-61b949f255aa" testName="Stock.Tests.QwenTests.MalformedOrTruncatedJsonIsRejected(text: &quot;{\&quot;actualQuantityColumn\&quot;:true,&quot;)" computerName="LAPTOP-HQMKD56I" duration="00:00:00.0024761" startTime="2026-10-06T19:07:23.1372662+08:00" endTime="2026-10-06T19:07:23.1396446+08:00" testType="13cdc9d9-ddb5-4fa4-a97d-d965ccfc6d4b" outcome="Passed" testListId="8c84fa94-04c1-424b-9868-57a2d4851a1d" relativeResultsDirectory="9fbe0567-3949-4e3a-b854-e811641ffb33" />
    <UnitTestResult executionId="f66ccc99-4576-40bb-8f4f-9290942e451e" testId="766ce344-5a2a-85a7-6eab-d1a685382aca" testName="Stock.Tests.QwenTests.FailuresAreDistinctAndNeverAutomaticallyRetried(status: 401, code: &quot;InvalidApiKey&quot;, label: &quot;鉴权&quot;)" computerName="LAPTOP-HQMKD56I" duration="00:00:00.0032259" startTime="2026-10-06T19:07:23.1221082+08:00" endTime="2026-10-06T19:07:23.1255241+08:00" testType="13cdc9d9-ddb5-4fa4-a97d-d965ccfc6d4b" outcome="Passed" testListId="8c84fa94-04c1-424b-9868-57a2d4851a1d" relativeResultsDirectory="f66ccc99-4576-40bb-8f4f-9290942e451e" />
    <UnitTestResult executionId="cc2b364a-6faf-4eb1-bd9a-8cf99f510766" testId="2161b961-8675-b757-6592-a0a7e87d346d" testName="Stock.Tests.BusinessTests.A09_InvalidIntegerQuantity(q: -1)" computerName="LAPTOP-HQMKD56I" duration="00:00:00.0460135" startTime="2026-10-06T19:07:23.7815866+08:00" endTime="2026-10-06T19:07:23.8274721+08:00" testType="13cdc9d9-ddb5-4fa4-a97d-d965ccfc6d4b" outcome="Passed" testListId="8c84fa94-04c1-424b-9868-57a2d4851a1d" relativeResultsDirectory="cc2b364a-6faf-4eb1-bd9a-8cf99f510766" />
    <UnitTestResult executionId="4a57d6a7-b674-48e3-8b87-9f4b457b7f72" testId="eccf3bd2-94f2-bfdc-8498-709e7be812b8" testName="Stock.Tests.BusinessTests.A17To18_ExcelExportsAllAndExcludesVoided" computerName="LAPTOP-HQMKD56I" duration="00:00:00.6896833" startTime="2026-10-06T19:07:24.5161130+08:00" endTime="2026-10-06T19:07:25.2057909+08:00" testType="13cdc9d9-ddb5-4fa4-a97d-d965ccfc6d4b" outcome="Passed" testListId="8c84fa94-04c1-424b-9868-57a2d4851a1d" relativeResultsDirectory="4a57d6a7-b674-48e3-8b87-9f4b457b7f72" />
    <UnitTestResult executionId="7e00960e-2d4e-4d14-8638-a8dbb75628ea" testId="524b3bde-e805-6def-9e13-bc1573835af6" testName="Stock.Tests.QwenTests.InvalidQuantityCannotBeRepaired(quantity: &quot;1.5&quot;)" computerName="LAPTOP-HQMKD56I" duration="00:00:00.0013717" startTime="2026-10-06T19:07:23.0811169+08:00" endTime="2026-10-06T19:07:23.0812326+08:00" testType="13cdc9d9-ddb5-4fa4-a97d-d965ccfc6d4b" outcome="Passed" testListId="8c84fa94-04c1-424b-9868-57a2d4851a1d" relativeResultsDirectory="7e00960e-2d4e-4d14-8638-a8dbb75628ea" />
    <UnitTestResult executionId="e3851d5d-ff8d-4bce-9be0-3fa3ca44d141" testId="a64c8415-2172-aef2-2122-57c012fa9120" testName="Stock.Tests.UpgradeTests.RetentionCreatesFullProtectionAndKeepsZeroReferencedProducts" computerName="LAPTOP-HQMKD56I" duration="00:00:00.1086214" startTime="2026-10-06T19:07:23.9354364+08:00" endTime="2026-10-06T19:07:24.0438442+08:00" testType="13cdc9d9-ddb5-4fa4-a97d-d965ccfc6d4b" outcome="Passed" testListId="8c84fa94-04c1-424b-9868-57a2d4851a1d" relativeResultsDirectory="e3851d5d-ff8d-4bce-9be0-3fa3ca44d141" />
    <UnitTestResult executionId="6677aed3-2974-4226-938d-4886d0722e96" testId="cc232372-67e0-b7d4-dbdc-7c43ec6a10c2" testName="Stock.Tests.BusinessTests.A09_InvalidIntegerQuantity(q: 2147483648)" computerName="LAPTOP-HQMKD56I" duration="00:00:00.0453379" startTime="2026-10-06T19:07:23.7361490+08:00" endTime="2026-10-06T19:07:23.7813528+08:00" testType="13cdc9d9-ddb5-4fa4-a97d-d965ccfc6d4b" outcome="Passed" testListId="8c84fa94-04c1-424b-9868-57a2d4851a1d" relativeResultsDirectory="6677aed3-2974-4226-938d-4886d0722e96" />
    <UnitTestResult executionId="3ed4f151-7888-474c-b2d3-153358b126bb" testId="bf03c679-265e-644c-ab02-5db40da02680" testName="Stock.Tests.QwenTests.FailuresAreDistinctAndNeverAutomaticallyRetried(status: 429, code: &quot;Throttling&quot;, label: &quot;限流&quot;)" computerName="LAPTOP-HQMKD56I" duration="00:00:00.0035902" startTime="2026-10-06T19:07:23.1180756+08:00" endTime="2026-10-06T19:07:23.1219150+08:00" testType="13cdc9d9-ddb5-4fa4-a97d-d965ccfc6d4b" outcome="Passed" testListId="8c84fa94-04c1-424b-9868-57a2d4851a1d" relativeResultsDirectory="3ed4f151-7888-474c-b2d3-153358b126bb" />
    <UnitTestResult executionId="61672188-1f14-4120-893d-ffad694cb8b4" testId="dc57f5ec-c038-9853-2bc8-fd3ad482269a" testName="Stock.Tests.QwenTests.KeyCannotBeSentToNonNativeOrUnofficialEndpoint(endpoint: &quot;http://dashscope.aliyuncs.com/api/v1/services/aigc&quot;···)" computerName="LAPTOP-HQMKD56I" duration="00:00:00.0020146" startTime="2026-10-06T19:07:23.0832626+08:00" endTime="2026-10-06T19:07:23.0832992+08:00" testType="13cdc9d9-ddb5-4fa4-a97d-d965ccfc6d4b" outcome="Passed" testListId="8c84fa94-04c1-424b-9868-57a2d4851a1d" relativeResultsDirectory="61672188-1f14-4120-893d-ffad694cb8b4" />
    <UnitTestResult executionId="ee5ff563-20a2-4a9f-a678-0ff79207f093" testId="94330184-dd43-6c65-f8cb-0ec698659a28" testName="Stock.Tests.QwenTests.FailuresAreDistinctAndNeverAutomaticallyRetried(status: 403, code: &quot;Arrearage&quot;, label: &quot;余额&quot;)" computerName="LAPTOP-HQMKD56I" duration="00:00:00.0375986" startTime="2026-10-06T19:07:23.0834920+08:00" endTime="2026-10-06T19:07:23.1047551+08:00" testType="13cdc9d9-ddb5-4fa4-a97d-d965ccfc6d4b" outcome="Passed" testListId="8c84fa94-04c1-424b-9868-57a2d4851a1d" relativeResultsDirectory="ee5ff563-20a2-4a9f-a678-0ff79207f093" />
    <UnitTestResult executionId="e578cfc1-a092-485a-8e1b-4e037cb7678c" testId="5c1fdd0c-776b-bc91-d504-935e764afeca" testName="Stock.Tests.QwenTests.AdvancedRecognitionReadsOfficialCoordinates" computerName="LAPTOP-HQMKD56I" duration="00:00:00.0116338" startTime="2026-10-06T19:07:23.2095772+08:00" endTime="2026-10-06T19:07:23.2214009+08:00" testType="13cdc9d9-ddb5-4fa4-a97d-d965ccfc6d4b" outcome="Passed" testListId="8c84fa94-04c1-424b-9868-57a2d4851a1d" relativeResultsDirectory="e578cfc1-a092-485a-8e1b-4e037cb7678c" />
    <UnitTestResult executionId="8f4c953e-1914-4443-8e4b-7a2cd4e2a90f" testId="8158b55b-7a19-a893-eefc-3262d6f0bc7b" testName="Stock.Tests.UpgradeTests.QueryOrderPreservesRealTimeAcrossDifferentOffsets" computerName="LAPTOP-HQMKD56I" duration="00:00:00.0700276" startTime="2026-10-06T19:07:24.0441022+08:00" endTime="2026-10-06T19:07:24.1139948+08:00" testType="13cdc9d9-ddb5-4fa4-a97d-d965ccfc6d4b" outcome="Passed" testListId="8c84fa94-04c1-424b-9868-57a2d4851a1d" relativeResultsDirectory="8f4c953e-1914-4443-8e4b-7a2cd4e2a90f" />
    <UnitTestResult executionId="c0d95dfb-4b18-4147-97f2-ffca506bba11" testId="92dae8dd-2171-5f49-b09a-1248ebb0b65a" testName="Stock.Tests.BusinessTests.A09_OverflowAndZeroOpening" computerName="LAPTOP-HQMKD56I" duration="00:00:00.0357141" startTime="2026-10-06T19:07:24.4804982+08:00" endTime="2026-10-06T19:07:24.5159800+08:00" testType="13cdc9d9-ddb5-4fa4-a97d-d965ccfc6d4b" outcome="Passed" testListId="8c84fa94-04c1-424b-9868-57a2d4851a1d" relativeResultsDirectory="c0d95dfb-4b18-4147-97f2-ffca506bba11" />
    <UnitTestResult executionId="1ac2317f-2407-4e41-9433-cad924758d4b" testId="e109f4f6-0a3c-8ad1-ca90-67f59e1116f0" testName="Stock.Tests.BusinessTests.A12_FailureRollsBackAllWrites" computerName="LAPTOP-HQMKD56I" duration="00:00:00.0475388" startTime="2026-10-06T19:07:23.9065938+08:00" endTime="2026-10-06T19:07:23.9540005+08:00" testType="13cdc9d9-ddb5-4fa4-a97d-d965ccfc6d4b" outcome="Passed" testListId="8c84fa94-04c1-424b-9868-57a2d4851a1d" relativeResultsDirectory="1ac2317f-2407-4e41-9433-cad924758d4b" />
    <UnitTestResult executionId="0672795b-112d-4c28-ba22-d3d03ae96848" testId="42aa36bb-33ce-e14c-8e2c-c54e5501e603" testName="Stock.Tests.BusinessTests.A16_LeapYearAndYearBoundary" computerName="LAPTOP-HQMKD56I" duration="00:00:00.0571271" startTime="2026-10-06T19:07:23.6798882+08:00" endTime="2026-10-06T19:07:23.7358601+08:00" testType="13cdc9d9-ddb5-4fa4-a97d-d965ccfc6d4b" outcome="Passed" testListId="8c84fa94-04c1-424b-9868-57a2d4851a1d" relativeResultsDirectory="0672795b-112d-4c28-ba22-d3d03ae96848" />
    <UnitTestResult executionId="36dc8e4e-d9df-4f11-8874-49a843292d8f" testId="1c25a96d-8a12-6c80-b605-cffe77c5469a" testName="Stock.Tests.BusinessTests.A07_WholeVoidRollsBackOnOneInsufficientLine" computerName="LAPTOP-HQMKD56I" duration="00:00:00.0732160" startTime="2026-10-06T19:07:23.2896129+08:00" endTime="2026-10-06T19:07:23.3618064+08:00" testType="13cdc9d9-ddb5-4fa4-a97d-d965ccfc6d4b" outcome="Passed" testListId="8c84fa94-04c1-424b-9868-57a2d4851a1d" relativeResultsDirectory="36dc8e4e-d9df-4f11-8874-49a843292d8f" />
    <UnitTestResult executionId="63dcaffc-1188-4650-86dd-11d83373d92e" testId="63276567-1133-c45d-1d27-ba15229227e8" testName="Stock.Tests.QwenTests.CancellationDiscardsEvenAHandlerThatReturnsLate" computerName="LAPTOP-HQMKD56I" duration="00:00:00.0149272" startTime="2026-10-06T19:07:23.1653391+08:00" endTime="2026-10-06T19:07:23.1805361+08:00" testType="13cdc9d9-ddb5-4fa4-a97d-d965ccfc6d4b" outcome="Passed" testListId="8c84fa94-04c1-424b-9868-57a2d4851a1d" relativeResultsDirectory="63dcaffc-1188-4650-86dd-11d83373d92e" />
    <UnitTestResult executionId="72b3199e-0ce9-4356-8284-374b756a1548" testId="d1505a9e-e3d9-e588-cf8a-4b376dce9658" testName="Stock.Tests.InvoiceTests.A09_IntegerTextIsStrict(text: &quot;1e3&quot;, valid: False)" computerName="LAPTOP-HQMKD56I" duration="00:00:00.0000032" startTime="2026-10-06T19:07:23.0558650+08:00" endTime="2026-10-06T19:07:23.0558941+08:00" testType="13cdc9d9-ddb5-4fa4-a97d-d965ccfc6d4b" outcome="Passed" testListId="8c84fa94-04c1-424b-9868-57a2d4851a1d" relativeResultsDirectory="72b3199e-0ce9-4356-8284-374b756a1548" />
    <UnitTestResult executionId="f32ac77b-229d-45d5-83fe-d0c41e4779ea" testId="786bd73a-2562-c480-a093-fdc10b821955" testName="Stock.Tests.BusinessTests.A16_DatesOn20261005" computerName="LAPTOP-HQMKD56I" duration="00:00:00.0260764" startTime="2026-10-06T19:07:25.2061525+08:00" endTime="2026-10-06T19:07:25.2320123+08:00" testType="13cdc9d9-ddb5-4fa4-a97d-d965ccfc6d4b" outcome="Passed" testListId="8c84fa94-04c1-424b-9868-57a2d4851a1d" relativeResultsDirectory="f32ac77b-229d-45d5-83fe-d0c41e4779ea" />
    <UnitTestResult executionId="41f9cb64-8ee4-48a6-96fc-625a5aceaac8" testId="1f9deb10-501f-dd86-c4fd-d69738ed7112" testName="Stock.Tests.BusinessTests.A10_DuplicateLinesCannotBypassStock" computerName="LAPTOP-HQMKD56I" duration="00:00:00.0458354" startTime="2026-10-06T19:07:23.5193100+08:00" endTime="2026-10-06T19:07:23.5648908+08:00" testType="13cdc9d9-ddb5-4fa4-a97d-d965ccfc6d4b" outcome="Passed" testListId="8c84fa94-04c1-424b-9868-57a2d4851a1d" relativeResultsDirectory="41f9cb64-8ee4-48a6-96fc-625a5aceaac8" />
    <UnitTestResult executionId="5d7b9482-0ecf-4cab-ab0a-fab0dff87bee" testId="db15a7ef-a0cc-3be2-c10a-f07145d3079c" testName="Stock.Tests.BusinessTests.A19_CarryForwardPreservesBalanceAndDeletesOnlyExpired" computerName="LAPTOP-HQMKD56I" duration="00:00:00.1026062" startTime="2026-10-06T19:07:23.4162725+08:00" endTime="2026-10-06T19:07:23.5190274+08:00" testType="13cdc9d9-ddb5-4fa4-a97d-d965ccfc6d4b" outcome="Passed" testListId="8c84fa94-04c1-424b-9868-57a2d4851a1d" relativeResultsDirectory="5d7b9482-0ecf-4cab-ab0a-fab0dff87bee" />
    <UnitTestResult executionId="a6a880ab-ec13-4f62-8600-5a074fa908e2" testId="aac5efcc-487e-ef14-b7ed-21a8d12d6c9d" testName="Stock.Tests.BusinessTests.A21_BackupRestoreAndDamagedArchive" computerName="LAPTOP-HQMKD56I" duration="00:00:00.2547187" startTime="2026-10-06T19:07:23.0310245+08:00" endTime="2026-10-06T19:07:23.2884738+08:00" testType="13cdc9d9-ddb5-4fa4-a97d-d965ccfc6d4b" outcome="Passed" testListId="8c84fa94-04c1-424b-9868-57a2d4851a1d" relativeResultsDirectory="a6a880ab-ec13-4f62-8600-5a074fa908e2" />
    <UnitTestResult executionId="e503de34-3f53-41b0-8c85-d20e27dbf74d" testId="7906a2ed-209c-e229-6561-43a07596c48d" testName="Stock.Tests.QwenTests.NativeRequestContainsOnlyConfirmedImageAndPromptAndRecordsUsage" computerName="LAPTOP-HQMKD56I" duration="00:00:00.0095741" startTime="2026-10-06T19:07:23.1553828+08:00" endTime="2026-10-06T19:07:23.1650897+08:00" testType="13cdc9d9-ddb5-4fa4-a97d-d965ccfc6d4b" outcome="Passed" testListId="8c84fa94-04c1-424b-9868-57a2d4851a1d" relativeResultsDirectory="e503de34-3f53-41b0-8c85-d20e27dbf74d" />
    <UnitTestResult executionId="1a0f6ad5-23de-4590-98b7-d28fffc0b02a" testId="cf95c704-07b4-f186-b04b-ea9171756793" testName="Stock.Tests.InvoiceTests.A13_NoQuantityHeaderDoesNotInferAmount" computerName="LAPTOP-HQMKD56I" duration="00:00:00.0003901" startTime="2026-10-06T19:07:23.0835802+08:00" endTime="2026-10-06T19:07:23.0836161+08:00" testType="13cdc9d9-ddb5-4fa4-a97d-d965ccfc6d4b" outcome="Passed" testListId="8c84fa94-04c1-424b-9868-57a2d4851a1d" relativeResultsDirectory="1a0f6ad5-23de-4590-98b7-d28fffc0b02a" />
    <UnitTestResult executionId="3a1bef06-b5a6-4b4c-b0a2-a0db3d925a0d" testId="ab20d40b-d764-e114-9f11-04fe3a22611d" testName="Stock.Tests.InvoiceTests.A09_IntegerTextIsStrict(text: &quot;1.5&quot;, valid: False)" computerName="LAPTOP-HQMKD56I" duration="00:00:00.0000008" startTime="2026-10-06T19:07:23.0794300+08:00" endTime="2026-10-06T19:07:23.0794596+08:00" testType="13cdc9d9-ddb5-4fa4-a97d-d965ccfc6d4b" outcome="Passed" testListId="8c84fa94-04c1-424b-9868-57a2d4851a1d" relativeResultsDirectory="3a1bef06-b5a6-4b4c-b0a2-a0db3d925a0d" />
    <UnitTestResult executionId="abc788bd-3be8-401e-be2b-4370d9324a7b" testId="9d01260f-6f34-0dc4-85f5-5392f9066139" testName="Stock.Tests.QwenTests.MalformedOrTruncatedJsonIsRejected(text: &quot;note {}&quot;)" computerName="LAPTOP-HQMKD56I" duration="00:00:00.0022659" startTime="2026-10-06T19:07:23.1398165+08:00" endTime="2026-10-06T19:07:23.1419688+08:00" testType="13cdc9d9-ddb5-4fa4-a97d-d965ccfc6d4b" outcome="Passed" testListId="8c84fa94-04c1-424b-9868-57a2d4851a1d" relativeResultsDirectory="abc788bd-3be8-401e-be2b-4370d9324a7b" />
    <UnitTestResult executionId="37e55c93-9cb2-40b5-8a12-b1878d626c7a" testId="35bba23c-a161-4250-7748-0fa1e7861252" testName="Stock.Tests.InvoiceTests.A09_IntegerTextIsStrict(text: &quot;５&quot;, valid: False)" computerName="LAPTOP-HQMKD56I" duration="00:00:00.0000065" startTime="2026-10-06T19:07:23.0557456+08:00" endTime="2026-10-06T19:07:23.0557804+08:00" testType="13cdc9d9-ddb5-4fa4-a97d-d965ccfc6d4b" outcome="Passed" testListId="8c84fa94-04c1-424b-9868-57a2d4851a1d" relativeResultsDirectory="37e55c93-9cb2-40b5-8a12-b1878d626c7a" />
    <UnitTestResult executionId="d4dc4b64-9f37-48ac-a985-bceef9205203" testId="122f1111-2a16-c086-7d2b-e0ee1cb6a4d6" testName="Stock.Tests.IntegrityTests.MissingBalanceCannotPassIntegrityCheck" computerName="LAPTOP-HQMKD56I" duration="00:00:00.0454632" startTime="2026-10-06T19:07:23.3602148+08:00" endTime="2026-10-06T19:07:23.4055788+08:00" testType="13cdc9d9-ddb5-4fa4-a97d-d965ccfc6d4b" outcome="Passed" testListId="8c84fa94-04c1-424b-9868-57a2d4851a1d" relativeResultsDirectory="d4dc4b64-9f37-48ac-a985-bceef9205203" />
    <UnitTestResult executionId="46fe0094-1307-48e5-bdb9-d601f67bcac7" testId="de952e48-a21e-5f9e-8a73-3df15c767e79" testName="Stock.Tests.QwenTests.FailuresAreDistinctAndNeverAutomaticallyRetried(status: 500, code: &quot;InternalError&quot;, label: &quot;失败&quot;)" computerName="LAPTOP-HQMKD56I" duration="00:00:00.0045101" startTime="2026-10-06T19:07:23.1096304+08:00" endTime="2026-10-06T19:07:23.1144615+08:00" testType="13cdc9d9-ddb5-4fa4-a97d-d965ccfc6d4b" outcome="Passed" testListId="8c84fa94-04c1-424b-9868-57a2d4851a1d" relativeResultsDirectory="46fe0094-1307-48e5-bdb9-d601f67bcac7" />
    <UnitTestResult executionId="4b8f7b3c-4b16-4ebe-bac5-503572794d58" testId="030da185-0ead-5952-7ac6-1f2675066ec0" testName="Stock.Tests.QwenTests.MalformedOrTruncatedJsonIsRejected(text: &quot;```json\n{}&quot;)" computerName="LAPTOP-HQMKD56I" duration="00:00:00.0014181" startTime="2026-10-06T19:07:23.1328563+08:00" endTime="2026-10-06T19:07:23.1342842+08:00" testType="13cdc9d9-ddb5-4fa4-a97d-d965ccfc6d4b" outcome="Passed" testListId="8c84fa94-04c1-424b-9868-57a2d4851a1d" relativeResultsDirectory="4b8f7b3c-4b16-4ebe-bac5-503572794d58" />
    <UnitTestResult executionId="10691fad-7de9-4bd3-9f26-d3403a60f92b" testId="0b4dfdd6-b30a-c1ef-a4df-9b4627f13744" testName="Stock.Tests.IntegrityTests.BackupPreservesPhotoAndRestoreRejectsMissingReferencedPhoto" computerName="LAPTOP-HQMKD56I" duration="00:00:00.2122545" startTime="2026-10-06T19:07:23.4058797+08:00" endTime="2026-10-06T19:07:23.6179670+08:00" testType="13cdc9d9-ddb5-4fa4-a97d-d965ccfc6d4b" outcome="Passed" testListId="8c84fa94-04c1-424b-9868-57a2d4851a1d" relativeResultsDirectory="10691fad-7de9-4bd3-9f26-d3403a60f92b" />
    <UnitTestResult executionId="3fae40a6-fff2-48b4-93db-a01692527414" testId="a2753b27-5f75-4e9a-abf8-5f34ea725a29" testName="Stock.Tests.QwenTests.FailuresAreDistinctAndNeverAutomaticallyRetried(status: 402, code: &quot;Arrearage&quot;, label: &quot;余额&quot;)" computerName="LAPTOP-HQMKD56I" duration="00:00:00.0031116" startTime="2026-10-06T19:07:23.1156287+08:00" endTime="2026-10-06T19:07:23.1179707+08:00" testType="13cdc9d9-ddb5-4fa4-a97d-d965ccfc6d4b" outcome="Passed" testListId="8c84fa94-04c1-424b-9868-57a2d4851a1d" relativeResultsDirectory="3fae40a6-fff2-48b4-93db-a01692527414" />
    <UnitTestResult executionId="c1bb7d03-3dda-48bf-9904-49dd75c5e005" testId="088aff4c-7eb9-92f2-c632-bdd0b9e05350" testName="Stock.Tests.QwenTests.InvalidQuantityCannotBeRepaired(quantity: &quot;2147483648&quot;)" computerName="LAPTOP-HQMKD56I" duration="00:00:00.0016355" startTime="2026-10-06T19:07:23.0809396+08:00" endTime="2026-10-06T19:07:23.0810815+08:00" testType="13cdc9d9-ddb5-4fa4-a97d-d965ccfc6d4b" outcome="Passed" testListId="8c84fa94-04c1-424b-9868-57a2d4851a1d" relativeResultsDirectory="c1bb7d03-3dda-48bf-9904-49dd75c5e005" />
  </Results>
  <TestDefinitions>
    <UnitTest name="Stock.Tests.BusinessTests.A19_MaintenanceFailureLeavesPhotosAndDatabase" storage="d:\workspace\codex工作区\local-stock-manager\tests\stock.tests\bin\release\net10.0\stock.tests.dll" id="b52f8691-1a3b-5b1f-35af-a3cf2da7d357">
      <Execution id="a2def418-2004-40f7-9a4b-5b3904edd108" />
      <TestMethod codeBase="D:\workspace\codex工作区\local-stock-manager\tests\Stock.Tests\bin\Release\net10.0\Stock.Tests.dll" adapterTypeName="executor://xunit/VsTestRunner3/netcore/" className="Stock.Tests.BusinessTests" name="A19_MaintenanceFailureLeavesPhotosAndDatabase" />
    </UnitTest>
    <UnitTest name="Stock.Tests.QwenTests.KeyCannotBeSentToNonNativeOrUnofficialEndpoint(endpoint: &quot;https://dashscope.aliyuncs.com/compatible-mode/v1&quot;)" storage="d:\workspace\codex工作区\local-stock-manager\tests\stock.tests\bin\release\net10.0\stock.tests.dll" id="3681cdfb-7785-04ff-f362-53afe5cdab2e">
      <Execution id="e376f1fe-b694-44b2-96ed-997cd191423b" />
      <TestMethod codeBase="D:\workspace\codex工作区\local-stock-manager\tests\Stock.Tests\bin\Release\net10.0\Stock.Tests.dll" adapterTypeName="executor://xunit/VsTestRunner3/netcore/" className="Stock.Tests.QwenTests" name="KeyCannotBeSentToNonNativeOrUnofficialEndpoint" />
    </UnitTest>
    <UnitTest name="Stock.Tests.QwenTests.MalformedOrTruncatedJsonIsRejected(text: &quot;note {}&quot;)" storage="d:\workspace\codex工作区\local-stock-manager\tests\stock.tests\bin\release\net10.0\stock.tests.dll" id="9d01260f-6f34-0dc4-85f5-5392f9066139">
      <Execution id="abc788bd-3be8-401e-be2b-4370d9324a7b" />
      <TestMethod codeBase="D:\workspace\codex工作区\local-stock-manager\tests\Stock.Tests\bin\Release\net10.0\Stock.Tests.dll" adapterTypeName="executor://xunit/VsTestRunner3/netcore/" className="Stock.Tests.QwenTests" name="MalformedOrTruncatedJsonIsRejected" />
    </UnitTest>
    <UnitTest name="Stock.Tests.InvoiceTests.A09_IntegerTextIsStrict(text: &quot;12&quot;, valid: True)" storage="d:\workspace\codex工作区\local-stock-manager\tests\stock.tests\bin\release\net10.0\stock.tests.dll" id="0d5bc3fe-16d3-f78d-06ea-ed5004b1494b">
      <Execution id="1f7d5bc7-8d89-419a-9fad-6512ca22d922" />
      <TestMethod codeBase="D:\workspace\codex工作区\local-stock-manager\tests\Stock.Tests\bin\Release\net10.0\Stock.Tests.dll" adapterTypeName="executor://xunit/VsTestRunner3/netcore/" className="Stock.Tests.InvoiceTests" name="A09_IntegerTextIsStrict" />
    </UnitTest>
    <UnitTest name="Stock.Tests.BusinessTests.ChannelValidationAndReopen" storage="d:\workspace\codex工作区\local-stock-manager\tests\stock.tests\bin\release\net10.0\stock.tests.dll" id="ae2d7a90-da61-1f21-f6c6-ef8111228f05">
      <Execution id="da0a6d40-6a29-468d-9fdf-b987f34ddf97" />
      <TestMethod codeBase="D:\workspace\codex工作区\local-stock-manager\tests\Stock.Tests\bin\Release\net10.0\Stock.Tests.dll" adapterTypeName="executor://xunit/VsTestRunner3/netcore/" className="Stock.Tests.BusinessTests" name="ChannelValidationAndReopen" />
    </UnitTest>
    <UnitTest name="Stock.Tests.BusinessTests.A07_WholeVoidRollsBackOnOneInsufficientLine" storage="d:\workspace\codex工作区\local-stock-manager\tests\stock.tests\bin\release\net10.0\stock.tests.dll" id="1c25a96d-8a12-6c80-b605-cffe77c5469a">
      <Execution id="36dc8e4e-d9df-4f11-8874-49a843292d8f" />
      <TestMethod codeBase="D:\workspace\codex工作区\local-stock-manager\tests\Stock.Tests\bin\Release\net10.0\Stock.Tests.dll" adapterTypeName="executor://xunit/VsTestRunner3/netcore/" className="Stock.Tests.BusinessTests" name="A07_WholeVoidRollsBackOnOneInsufficientLine" />
    </UnitTest>
    <UnitTest name="Stock.Tests.InvoiceTests.A14_MultipleQuantityColumnsRequireExplicitSelection" storage="d:\workspace\codex工作区\local-stock-manager\tests\stock.tests\bin\release\net10.0\stock.tests.dll" id="0bf44514-6320-ce0e-1bcd-58f13bd4a3c5">
      <Execution id="87c77408-e85f-46bc-bf87-78157a163e32" />
      <TestMethod codeBase="D:\workspace\codex工作区\local-stock-manager\tests\Stock.Tests\bin\Release\net10.0\Stock.Tests.dll" adapterTypeName="executor://xunit/VsTestRunner3/netcore/" className="Stock.Tests.InvoiceTests" name="A14_MultipleQuantityColumnsRequireExplicitSelection" />
    </UnitTest>
    <UnitTest name="Stock.Tests.QwenTests.CancellationDiscardsEvenAHandlerThatReturnsLate" storage="d:\workspace\codex工作区\local-stock-manager\tests\stock.tests\bin\release\net10.0\stock.tests.dll" id="63276567-1133-c45d-1d27-ba15229227e8">
      <Execution id="63dcaffc-1188-4650-86dd-11d83373d92e" />
      <TestMethod codeBase="D:\workspace\codex工作区\local-stock-manager\tests\Stock.Tests\bin\Release\net10.0\Stock.Tests.dll" adapterTypeName="executor://xunit/VsTestRunner3/netcore/" className="Stock.Tests.QwenTests" name="CancellationDiscardsEvenAHandlerThatReturnsLate" />
    </UnitTest>
    <UnitTest name="Stock.Tests.QwenTests.NativeRequestContainsOnlyConfirmedImageAndPromptAndRecordsUsage" storage="d:\workspace\codex工作区\local-stock-manager\tests\stock.tests\bin\release\net10.0\stock.tests.dll" id="7906a2ed-209c-e229-6561-43a07596c48d">
      <Execution id="e503de34-3f53-41b0-8c85-d20e27dbf74d" />
      <TestMethod codeBase="D:\workspace\codex工作区\local-stock-manager\tests\Stock.Tests\bin\Release\net10.0\Stock.Tests.dll" adapterTypeName="executor://xunit/VsTestRunner3/netcore/" className="Stock.Tests.QwenTests" name="NativeRequestContainsOnlyConfirmedImageAndPromptAndRecordsUsage" />
    </UnitTest>
    <UnitTest name="Stock.Tests.IntegrityTests.ClockRollbackCannotWriteAlreadyDeletedPeriod" storage="d:\workspace\codex工作区\local-stock-manager\tests\stock.tests\bin\release\net10.0\stock.tests.dll" id="4a30438a-c339-85f8-8a65-962f4c27235b">
      <Execution id="22e113f5-d53e-493c-820b-75d9f2489dcc" />
      <TestMethod codeBase="D:\workspace\codex工作区\local-stock-manager\tests\Stock.Tests\bin\Release\net10.0\Stock.Tests.dll" adapterTypeName="executor://xunit/VsTestRunner3/netcore/" className="Stock.Tests.IntegrityTests" name="ClockRollbackCannotWriteAlreadyDeletedPeriod" />
    </UnitTest>
    <UnitTest name="Stock.Tests.QwenTests.FailuresAreDistinctAndNeverAutomaticallyRetried(status: 403, code: &quot;AccessDenied&quot;, label: &quot;权限&quot;)" storage="d:\workspace\codex工作区\local-stock-manager\tests\stock.tests\bin\release\net10.0\stock.tests.dll" id="8d58e14a-a2ad-0f43-d806-a8d7a0c98d7c">
      <Execution id="30439fc7-fc4a-49d2-a43c-7c4ea902a098" />
      <TestMethod codeBase="D:\workspace\codex工作区\local-stock-manager\tests\Stock.Tests\bin\Release\net10.0\Stock.Tests.dll" adapterTypeName="executor://xunit/VsTestRunner3/netcore/" className="Stock.Tests.QwenTests" name="FailuresAreDistinctAndNeverAutomaticallyRetried" />
    </UnitTest>
    <UnitTest name="Stock.Tests.UpgradeTests.IdentityCorrectionConflictDoesNotMergeOrChangeBalances" storage="d:\workspace\codex工作区\local-stock-manager\tests\stock.tests\bin\release\net10.0\stock.tests.dll" id="a9f24732-8c67-0575-4c82-b0dbb31f87bf">
      <Execution id="b4c25f9f-9c03-496e-928b-e9ef85593309" />
      <TestMethod codeBase="D:\workspace\codex工作区\local-stock-manager\tests\Stock.Tests\bin\Release\net10.0\Stock.Tests.dll" adapterTypeName="executor://xunit/VsTestRunner3/netcore/" className="Stock.Tests.UpgradeTests" name="IdentityCorrectionConflictDoesNotMergeOrChangeBalances" />
    </UnitTest>
    <UnitTest name="Stock.Tests.BusinessTests.A21_BackupRestoreAndDamagedArchive" storage="d:\workspace\codex工作区\local-stock-manager\tests\stock.tests\bin\release\net10.0\stock.tests.dll" id="aac5efcc-487e-ef14-b7ed-21a8d12d6c9d">
      <Execution id="a6a880ab-ec13-4f62-8600-5a074fa908e2" />
      <TestMethod codeBase="D:\workspace\codex工作区\local-stock-manager\tests\Stock.Tests\bin\Release\net10.0\Stock.Tests.dll" adapterTypeName="executor://xunit/VsTestRunner3/netcore/" className="Stock.Tests.BusinessTests" name="A21_BackupRestoreAndDamagedArchive" />
    </UnitTest>
    <UnitTest name="Stock.Tests.QwenTests.FailuresAreDistinctAndNeverAutomaticallyRetried(status: 401, code: &quot;InvalidApiKey&quot;, label: &quot;鉴权&quot;)" storage="d:\workspace\codex工作区\local-stock-manager\tests\stock.tests\bin\release\net10.0\stock.tests.dll" id="766ce344-5a2a-85a7-6eab-d1a685382aca">
      <Execution id="f66ccc99-4576-40bb-8f4f-9290942e451e" />
      <TestMethod codeBase="D:\workspace\codex工作区\local-stock-manager\tests\Stock.Tests\bin\Release\net10.0\Stock.Tests.dll" adapterTypeName="executor://xunit/VsTestRunner3/netcore/" className="Stock.Tests.QwenTests" name="FailuresAreDistinctAndNeverAutomaticallyRetried" />
    </UnitTest>
    <UnitTest name="Stock.Tests.InvoiceTests.A09_IntegerTextIsStrict(text: &quot;2147483648&quot;, valid: False)" storage="d:\workspace\codex工作区\local-stock-manager\tests\stock.tests\bin\release\net10.0\stock.tests.dll" id="88140edc-fb6d-630d-d960-ed07a9c4b368">
      <Execution id="550b4f99-e48e-46a5-86af-8571e68ba943" />
      <TestMethod codeBase="D:\workspace\codex工作区\local-stock-manager\tests\Stock.Tests\bin\Release\net10.0\Stock.Tests.dll" adapterTypeName="executor://xunit/VsTestRunner3/netcore/" className="Stock.Tests.InvoiceTests" name="A09_IntegerTextIsStrict" />
    </UnitTest>
    <UnitTest name="Stock.Tests.InvoiceTests.A14_MissingDecimalAndLowConfidenceRemainFlagged" storage="d:\workspace\codex工作区\local-stock-manager\tests\stock.tests\bin\release\net10.0\stock.tests.dll" id="991a1380-4364-2293-f241-c667eac11889">
      <Execution id="98782a53-eb5d-4b8c-9a47-d7572c528596" />
      <TestMethod codeBase="D:\workspace\codex工作区\local-stock-manager\tests\Stock.Tests\bin\Release\net10.0\Stock.Tests.dll" adapterTypeName="executor://xunit/VsTestRunner3/netcore/" className="Stock.Tests.InvoiceTests" name="A14_MissingDecimalAndLowConfidenceRemainFlagged" />
    </UnitTest>
    <UnitTest name="Stock.Tests.QwenTests.KeyCannotBeSentToNonNativeOrUnofficialEndpoint(endpoint: &quot;http://dashscope.aliyuncs.com/api/v1/services/aigc&quot;···)" storage="d:\workspace\codex工作区\local-stock-manager\tests\stock.tests\bin\release\net10.0\stock.tests.dll" id="dc57f5ec-c038-9853-2bc8-fd3ad482269a">
      <Execution id="61672188-1f14-4120-893d-ffad694cb8b4" />
      <TestMethod codeBase="D:\workspace\codex工作区\local-stock-manager\tests\Stock.Tests\bin\Release\net10.0\Stock.Tests.dll" adapterTypeName="executor://xunit/VsTestRunner3/netcore/" className="Stock.Tests.QwenTests" name="KeyCannotBeSentToNonNativeOrUnofficialEndpoint" />
    </UnitTest>
    <UnitTest name="Stock.Tests.QwenTests.AdvancedRecognitionReadsOfficialCoordinates" storage="d:\workspace\codex工作区\local-stock-manager\tests\stock.tests\bin\release\net10.0\stock.tests.dll" id="5c1fdd0c-776b-bc91-d504-935e764afeca">
      <Execution id="e578cfc1-a092-485a-8e1b-4e037cb7678c" />
      <TestMethod codeBase="D:\workspace\codex工作区\local-stock-manager\tests\Stock.Tests\bin\Release\net10.0\Stock.Tests.dll" adapterTypeName="executor://xunit/VsTestRunner3/netcore/" className="Stock.Tests.QwenTests" name="AdvancedRecognitionReadsOfficialCoordinates" />
    </UnitTest>
    <UnitTest name="Stock.Tests.IntegrityTests.BackupPreservesPhotoAndRestoreRejectsMissingReferencedPhoto" storage="d:\workspace\codex工作区\local-stock-manager\tests\stock.tests\bin\release\net10.0\stock.tests.dll" id="0b4dfdd6-b30a-c1ef-a4df-9b4627f13744">
      <Execution id="10691fad-7de9-4bd3-9f26-d3403a60f92b" />
      <TestMethod codeBase="D:\workspace\codex工作区\local-stock-manager\tests\Stock.Tests\bin\Release\net10.0\Stock.Tests.dll" adapterTypeName="executor://xunit/VsTestRunner3/netcore/" className="Stock.Tests.IntegrityTests" name="BackupPreservesPhotoAndRestoreRejectsMissingReferencedPhoto" />
    </UnitTest>
    <UnitTest name="Stock.Tests.BusinessTests.A22_SnapshotsIdentityAndDisable" storage="d:\workspace\codex工作区\local-stock-manager\tests\stock.tests\bin\release\net10.0\stock.tests.dll" id="4d82524a-c9dc-6c38-81ed-013556db5af9">
      <Execution id="f3153393-e941-4acc-924c-a1f7a66a0b2f" />
      <TestMethod codeBase="D:\workspace\codex工作区\local-stock-manager\tests\Stock.Tests\bin\Release\net10.0\Stock.Tests.dll" adapterTypeName="executor://xunit/VsTestRunner3/netcore/" className="Stock.Tests.BusinessTests" name="A22_SnapshotsIdentityAndDisable" />
    </UnitTest>
    <UnitTest name="Stock.Tests.QwenTests.InvalidQuantityCannotBeRepaired(quantity: &quot;-1&quot;)" storage="d:\workspace\codex工作区\local-stock-manager\tests\stock.tests\bin\release\net10.0\stock.tests.dll" id="bb3d10f2-2672-9809-1986-19bfaf7326de">
      <Execution id="513b87ef-d824-4098-a5c0-9072ecd3f139" />
      <TestMethod codeBase="D:\workspace\codex工作区\local-stock-manager\tests\Stock.Tests\bin\Release\net10.0\Stock.Tests.dll" adapterTypeName="executor://xunit/VsTestRunner3/netcore/" className="Stock.Tests.QwenTests" name="InvalidQuantityCannotBeRepaired" />
    </UnitTest>
    <UnitTest name="Stock.Tests.BusinessTests.A10_DuplicateLinesCannotBypassStock" storage="d:\workspace\codex工作区\local-stock-manager\tests\stock.tests\bin\release\net10.0\stock.tests.dll" id="1f9deb10-501f-dd86-c4fd-d69738ed7112">
      <Execution id="41f9cb64-8ee4-48a6-96fc-625a5aceaac8" />
      <TestMethod codeBase="D:\workspace\codex工作区\local-stock-manager\tests\Stock.Tests\bin\Release\net10.0\Stock.Tests.dll" adapterTypeName="executor://xunit/VsTestRunner3/netcore/" className="Stock.Tests.BusinessTests" name="A10_DuplicateLinesCannotBypassStock" />
    </UnitTest>
    <UnitTest name="Stock.Tests.BusinessTests.A19_CarryForwardPreservesBalanceAndDeletesOnlyExpired" storage="d:\workspace\codex工作区\local-stock-manager\tests\stock.tests\bin\release\net10.0\stock.tests.dll" id="db15a7ef-a0cc-3be2-c10a-f07145d3079c">
      <Execution id="5d7b9482-0ecf-4cab-ab0a-fab0dff87bee" />
      <TestMethod codeBase="D:\workspace\codex工作区\local-stock-manager\tests\Stock.Tests\bin\Release\net10.0\Stock.Tests.dll" adapterTypeName="executor://xunit/VsTestRunner3/netcore/" className="Stock.Tests.BusinessTests" name="A19_CarryForwardPreservesBalanceAndDeletesOnlyExpired" />
    </UnitTest>
    <UnitTest name="Stock.Tests.QwenTests.TruncationAndMalformedEnvelopeNeverYieldRows" storage="d:\workspace\codex工作区\local-stock-manager\tests\stock.tests\bin\release\net10.0\stock.tests.dll" id="50c1cf12-afe3-51ea-5e49-d930676e159c">
      <Execution id="c65906e0-d464-40e7-a78c-353f0aec2153" />
      <TestMethod codeBase="D:\workspace\codex工作区\local-stock-manager\tests\Stock.Tests\bin\Release\net10.0\Stock.Tests.dll" adapterTypeName="executor://xunit/VsTestRunner3/netcore/" className="Stock.Tests.QwenTests" name="TruncationAndMalformedEnvelopeNeverYieldRows" />
    </UnitTest>
    <UnitTest name="Stock.Tests.QwenTests.MissingActualColumnUnknownTypeAndColorConflictAreVisible" storage="d:\workspace\codex工作区\local-stock-manager\tests\stock.tests\bin\release\net10.0\stock.tests.dll" id="5b44f7dd-4512-9112-5d93-290a9fe54d58">
      <Execution id="e174628a-2f53-4313-ae2a-b4ecdd330052" />
      <TestMethod codeBase="D:\workspace\codex工作区\local-stock-manager\tests\Stock.Tests\bin\Release\net10.0\Stock.Tests.dll" adapterTypeName="executor://xunit/VsTestRunner3/netcore/" className="Stock.Tests.QwenTests" name="MissingActualColumnUnknownTypeAndColorConflictAreVisible" />
    </UnitTest>
    <UnitTest name="Stock.Tests.BusinessTests.A11_PreviewAndDuplicateSubmit" storage="d:\workspace\codex工作区\local-stock-manager\tests\stock.tests\bin\release\net10.0\stock.tests.dll" id="d5061064-787f-267d-89e6-df406ce08c4f">
      <Execution id="6b2766b0-99e4-472e-bb62-605b04c1d113" />
      <TestMethod codeBase="D:\workspace\codex工作区\local-stock-manager\tests\Stock.Tests\bin\Release\net10.0\Stock.Tests.dll" adapterTypeName="executor://xunit/VsTestRunner3/netcore/" className="Stock.Tests.BusinessTests" name="A11_PreviewAndDuplicateSubmit" />
    </UnitTest>
    <UnitTest name="Stock.Tests.UpgradeTests.PreciseIdentityAndMarkerSnapshotsRemainSeparateAndVoidAggregates" storage="d:\workspace\codex工作区\local-stock-manager\tests\stock.tests\bin\release\net10.0\stock.tests.dll" id="44425809-380c-a8ec-033c-1758c53001d7">
      <Execution id="275fedfb-3e2e-4566-9e9e-274b5d24dfab" />
      <TestMethod codeBase="D:\workspace\codex工作区\local-stock-manager\tests\Stock.Tests\bin\Release\net10.0\Stock.Tests.dll" adapterTypeName="executor://xunit/VsTestRunner3/netcore/" className="Stock.Tests.UpgradeTests" name="PreciseIdentityAndMarkerSnapshotsRemainSeparateAndVoidAggregates" />
    </UnitTest>
    <UnitTest name="Stock.Tests.BusinessTests.A09_InvalidIntegerQuantity(q: 2147483648)" storage="d:\workspace\codex工作区\local-stock-manager\tests\stock.tests\bin\release\net10.0\stock.tests.dll" id="cc232372-67e0-b7d4-dbdc-7c43ec6a10c2">
      <Execution id="6677aed3-2974-4226-938d-4886d0722e96" />
      <TestMethod codeBase="D:\workspace\codex工作区\local-stock-manager\tests\Stock.Tests\bin\Release\net10.0\Stock.Tests.dll" adapterTypeName="executor://xunit/VsTestRunner3/netcore/" className="Stock.Tests.BusinessTests" name="A09_InvalidIntegerQuantity" />
    </UnitTest>
    <UnitTest name="Stock.Tests.UpgradeTests.MigrationPreservesIdsBalancesLineOrderAndUnknownSnapshots" storage="d:\workspace\codex工作区\local-stock-manager\tests\stock.tests\bin\release\net10.0\stock.tests.dll" id="a480c3c5-6704-c0c1-7526-0b6835725608">
      <Execution id="02d4e476-caa9-483e-a053-a2b38bf976bd" />
      <TestMethod codeBase="D:\workspace\codex工作区\local-stock-manager\tests\Stock.Tests\bin\Release\net10.0\Stock.Tests.dll" adapterTypeName="executor://xunit/VsTestRunner3/netcore/" className="Stock.Tests.UpgradeTests" name="MigrationPreservesIdsBalancesLineOrderAndUnknownSnapshots" />
    </UnitTest>
    <UnitTest name="Stock.Tests.IntegrityTests.RestoreRejectsIncompatibleDatabaseEvenWithValidFileChecksum" storage="d:\workspace\codex工作区\local-stock-manager\tests\stock.tests\bin\release\net10.0\stock.tests.dll" id="32cb5dc6-d7e3-7c27-fc50-57ff4f4eec2b">
      <Execution id="ddb1419a-9d0f-4719-9e12-10158eb3e18e" />
      <TestMethod codeBase="D:\workspace\codex工作区\local-stock-manager\tests\Stock.Tests\bin\Release\net10.0\Stock.Tests.dll" adapterTypeName="executor://xunit/VsTestRunner3/netcore/" className="Stock.Tests.IntegrityTests" name="RestoreRejectsIncompatibleDatabaseEvenWithValidFileChecksum" />
    </UnitTest>
    <UnitTest name="Stock.Tests.QwenTests.MalformedOrTruncatedJsonIsRejected(text: &quot;```json\n{}&quot;)" storage="d:\workspace\codex工作区\local-stock-manager\tests\stock.tests\bin\release\net10.0\stock.tests.dll" id="030da185-0ead-5952-7ac6-1f2675066ec0">
      <Execution id="4b8f7b3c-4b16-4ebe-bac5-503572794d58" />
      <TestMethod codeBase="D:\workspace\codex工作区\local-stock-manager\tests\Stock.Tests\bin\Release\net10.0\Stock.Tests.dll" adapterTypeName="executor://xunit/VsTestRunner3/netcore/" className="Stock.Tests.QwenTests" name="MalformedOrTruncatedJsonIsRejected" />
    </UnitTest>
    <UnitTest name="Stock.Tests.InvoiceTests.A13_NoQuantityHeaderDoesNotInferAmount" storage="d:\workspace\codex工作区\local-stock-manager\tests\stock.tests\bin\release\net10.0\stock.tests.dll" id="cf95c704-07b4-f186-b04b-ea9171756793">
      <Execution id="1a0f6ad5-23de-4590-98b7-d28fffc0b02a" />
      <TestMethod codeBase="D:\workspace\codex工作区\local-stock-manager\tests\Stock.Tests\bin\Release\net10.0\Stock.Tests.dll" adapterTypeName="executor://xunit/VsTestRunner3/netcore/" className="Stock.Tests.InvoiceTests" name="A13_NoQuantityHeaderDoesNotInferAmount" />
    </UnitTest>
    <UnitTest name="Stock.Tests.BusinessTests.A06To08_VoidBalancesAndLedger" storage="d:\workspace\codex工作区\local-stock-manager\tests\stock.tests\bin\release\net10.0\stock.tests.dll" id="39578307-bd13-cd8b-f244-9ab8faa9d5c2">
      <Execution id="2aa4a346-5274-463e-abe7-f137f7bd96ab" />
      <TestMethod codeBase="D:\workspace\codex工作区\local-stock-manager\tests\Stock.Tests\bin\Release\net10.0\Stock.Tests.dll" adapterTypeName="executor://xunit/VsTestRunner3/netcore/" className="Stock.Tests.BusinessTests" name="A06To08_VoidBalancesAndLedger" />
    </UnitTest>
    <UnitTest name="Stock.Tests.BusinessTests.A01To05_OpeningPurchaseSaleAndTransfer" storage="d:\workspace\codex工作区\local-stock-manager\tests\stock.tests\bin\release\net10.0\stock.tests.dll" id="09a4d4d9-a84e-6b0b-22c9-662a9e1b9845">
      <Execution id="35bc4c14-2f08-4fd7-843e-892441df99f9" />
      <TestMethod codeBase="D:\workspace\codex工作区\local-stock-manager\tests\Stock.Tests\bin\Release\net10.0\Stock.Tests.dll" adapterTypeName="executor://xunit/VsTestRunner3/netcore/" className="Stock.Tests.BusinessTests" name="A01To05_OpeningPurchaseSaleAndTransfer" />
    </UnitTest>
    <UnitTest name="Stock.Tests.QwenTests.TimeoutIsReportedWithoutRetry" storage="d:\workspace\codex工作区\local-stock-manager\tests\stock.tests\bin\release\net10.0\stock.tests.dll" id="26d4bef1-4d6b-69a5-e674-aa17f91ef268">
      <Execution id="ea52d4a1-f525-4e65-8e2e-3a033cde7997" />
      <TestMethod codeBase="D:\workspace\codex工作区\local-stock-manager\tests\Stock.Tests\bin\Release\net10.0\Stock.Tests.dll" adapterTypeName="executor://xunit/VsTestRunner3/netcore/" className="Stock.Tests.QwenTests" name="TimeoutIsReportedWithoutRetry" />
    </UnitTest>
    <UnitTest name="Stock.Tests.PerformanceTests.TwoHundredThousandRowsQuerySummaryPaginationFullExportAndCancellation" storage="d:\workspace\codex工作区\local-stock-manager\tests\stock.tests\bin\release\net10.0\stock.tests.dll" id="274b34f7-e75a-93cd-64eb-fe15664e89bb">
      <Execution id="37c82d16-6819-4fb0-aa1b-f6d6ad1328e7" />
      <TestMethod codeBase="D:\workspace\codex工作区\local-stock-manager\tests\Stock.Tests\bin\Release\net10.0\Stock.Tests.dll" adapterTypeName="executor://xunit/VsTestRunner3/netcore/" className="Stock.Tests.PerformanceTests" name="TwoHundredThousandRowsQuerySummaryPaginationFullExportAndCancellation" />
    </UnitTest>
    <UnitTest name="Stock.Tests.BusinessTests.A16_DatesOn20261005" storage="d:\workspace\codex工作区\local-stock-manager\tests\stock.tests\bin\release\net10.0\stock.tests.dll" id="786bd73a-2562-c480-a093-fdc10b821955">
      <Execution id="f32ac77b-229d-45d5-83fe-d0c41e4779ea" />
      <TestMethod codeBase="D:\workspace\codex工作区\local-stock-manager\tests\Stock.Tests\bin\Release\net10.0\Stock.Tests.dll" adapterTypeName="executor://xunit/VsTestRunner3/netcore/" className="Stock.Tests.BusinessTests" name="A16_DatesOn20261005" />
    </UnitTest>
    <UnitTest name="Stock.Tests.QwenTests.MalformedOrTruncatedJsonIsRejected(text: &quot;{\&quot;actualQuantityColumn\&quot;:true,&quot;)" storage="d:\workspace\codex工作区\local-stock-manager\tests\stock.tests\bin\release\net10.0\stock.tests.dll" id="dfa2024c-320c-f174-91e9-61b949f255aa">
      <Execution id="9fbe0567-3949-4e3a-b854-e811641ffb33" />
      <TestMethod codeBase="D:\workspace\codex工作区\local-stock-manager\tests\Stock.Tests\bin\Release\net10.0\Stock.Tests.dll" adapterTypeName="executor://xunit/VsTestRunner3/netcore/" className="Stock.Tests.QwenTests" name="MalformedOrTruncatedJsonIsRejected" />
    </UnitTest>
    <UnitTest name="Stock.Tests.InvoiceTests.A13_QuantityIsNotPriceAndTotalIsExcluded" storage="d:\workspace\codex工作区\local-stock-manager\tests\stock.tests\bin\release\net10.0\stock.tests.dll" id="dd7f3cea-8ae3-df4c-9384-8ebbc9c7421c">
      <Execution id="7b737b69-8270-41ce-b0eb-242eba51295c" />
      <TestMethod codeBase="D:\workspace\codex工作区\local-stock-manager\tests\Stock.Tests\bin\Release\net10.0\Stock.Tests.dll" adapterTypeName="executor://xunit/VsTestRunner3/netcore/" className="Stock.Tests.InvoiceTests" name="A13_QuantityIsNotPriceAndTotalIsExcluded" />
    </UnitTest>
    <UnitTest name="Stock.Tests.QwenTests.FailuresAreDistinctAndNeverAutomaticallyRetried(status: 402, code: &quot;Arrearage&quot;, label: &quot;余额&quot;)" storage="d:\workspace\codex工作区\local-stock-manager\tests\stock.tests\bin\release\net10.0\stock.tests.dll" id="a2753b27-5f75-4e9a-abf8-5f34ea725a29">
      <Execution id="3fae40a6-fff2-48b4-93db-a01692527414" />
      <TestMethod codeBase="D:\workspace\codex工作区\local-stock-manager\tests\Stock.Tests\bin\Release\net10.0\Stock.Tests.dll" adapterTypeName="executor://xunit/VsTestRunner3/netcore/" className="Stock.Tests.QwenTests" name="FailuresAreDistinctAndNeverAutomaticallyRetried" />
    </UnitTest>
    <UnitTest name="Stock.Tests.InvoiceTests.A09_IntegerTextIsStrict(text: &quot;５&quot;, valid: False)" storage="d:\workspace\codex工作区\local-stock-manager\tests\stock.tests\bin\release\net10.0\stock.tests.dll" id="35bba23c-a161-4250-7748-0fa1e7861252">
      <Execution id="37e55c93-9cb2-40b5-8a12-b1878d626c7a" />
      <TestMethod codeBase="D:\workspace\codex工作区\local-stock-manager\tests\Stock.Tests\bin\Release\net10.0\Stock.Tests.dll" adapterTypeName="executor://xunit/VsTestRunner3/netcore/" className="Stock.Tests.InvoiceTests" name="A09_IntegerTextIsStrict" />
    </UnitTest>
    <UnitTest name="Stock.Tests.QwenTests.KeyCannotBeSentToNonNativeOrUnofficialEndpoint(endpoint: &quot;https://attacker.example/api/v1/services/aigc/mult&quot;···)" storage="d:\workspace\codex工作区\local-stock-manager\tests\stock.tests\bin\release\net10.0\stock.tests.dll" id="e639e929-c82a-dd41-ab66-ac6482713810">
      <Execution id="a3ce1eec-466c-4f0a-9f00-db1f843c97a2" />
      <TestMethod codeBase="D:\workspace\codex工作区\local-stock-manager\tests\Stock.Tests\bin\Release\net10.0\Stock.Tests.dll" adapterTypeName="executor://xunit/VsTestRunner3/netcore/" className="Stock.Tests.QwenTests" name="KeyCannotBeSentToNonNativeOrUnofficialEndpoint" />
    </UnitTest>
    <UnitTest name="Stock.Tests.QwenTests.FailuresAreDistinctAndNeverAutomaticallyRetried(status: 429, code: &quot;Throttling&quot;, label: &quot;限流&quot;)" storage="d:\workspace\codex工作区\local-stock-manager\tests\stock.tests\bin\release\net10.0\stock.tests.dll" id="bf03c679-265e-644c-ab02-5db40da02680">
      <Execution id="3ed4f151-7888-474c-b2d3-153358b126bb" />
      <TestMethod codeBase="D:\workspace\codex工作区\local-stock-manager\tests\Stock.Tests\bin\Release\net10.0\Stock.Tests.dll" adapterTypeName="executor://xunit/VsTestRunner3/netcore/" className="Stock.Tests.QwenTests" name="FailuresAreDistinctAndNeverAutomaticallyRetried" />
    </UnitTest>
    <UnitTest name="Stock.Tests.QwenTests.StrictParserKeepsDuplicatesZeroQuantitiesAndFullSpecifications" storage="d:\workspace\codex工作区\local-stock-manager\tests\stock.tests\bin\release\net10.0\stock.tests.dll" id="406ca0de-118f-ce6b-99a9-d15fd18ddbf5">
      <Execution id="e2b8973f-2e07-48af-b501-b8673dfdd512" />
      <TestMethod codeBase="D:\workspace\codex工作区\local-stock-manager\tests\Stock.Tests\bin\Release\net10.0\Stock.Tests.dll" adapterTypeName="executor://xunit/VsTestRunner3/netcore/" className="Stock.Tests.QwenTests" name="StrictParserKeepsDuplicatesZeroQuantitiesAndFullSpecifications" />
    </UnitTest>
    <UnitTest name="Stock.Tests.BusinessTests.A09_InvalidIntegerQuantity(q: -1)" storage="d:\workspace\codex工作区\local-stock-manager\tests\stock.tests\bin\release\net10.0\stock.tests.dll" id="2161b961-8675-b757-6592-a0a7e87d346d">
      <Execution id="cc2b364a-6faf-4eb1-bd9a-8cf99f510766" />
      <TestMethod codeBase="D:\workspace\codex工作区\local-stock-manager\tests\Stock.Tests\bin\Release\net10.0\Stock.Tests.dll" adapterTypeName="executor://xunit/VsTestRunner3/netcore/" className="Stock.Tests.BusinessTests" name="A09_InvalidIntegerQuantity" />
    </UnitTest>
    <UnitTest name="Stock.Tests.IntegrityTests.ConcurrentIndependentServicesCannotOversell" storage="d:\workspace\codex工作区\local-stock-manager\tests\stock.tests\bin\release\net10.0\stock.tests.dll" id="69767b00-e7c2-1aa6-090e-1c98023b9845">
      <Execution id="41525426-3db6-492e-90a9-d0fb5d7b8b19" />
      <TestMethod codeBase="D:\workspace\codex工作区\local-stock-manager\tests\Stock.Tests\bin\Release\net10.0\Stock.Tests.dll" adapterTypeName="executor://xunit/VsTestRunner3/netcore/" className="Stock.Tests.IntegrityTests" name="ConcurrentIndependentServicesCannotOversell" />
    </UnitTest>
    <UnitTest name="Stock.Tests.UpgradeTests.CancelledExportLeavesExistingFileAndNoPartialWorkbook" storage="d:\workspace\codex工作区\local-stock-manager\tests\stock.tests\bin\release\net10.0\stock.tests.dll" id="52a2a883-bfa1-02c2-69d3-70ccbdc019b8">
      <Execution id="84c105db-3f4c-45ff-9155-c7d520437036" />
      <TestMethod codeBase="D:\workspace\codex工作区\local-stock-manager\tests\Stock.Tests\bin\Release\net10.0\Stock.Tests.dll" adapterTypeName="executor://xunit/VsTestRunner3/netcore/" className="Stock.Tests.UpgradeTests" name="CancelledExportLeavesExistingFileAndNoPartialWorkbook" />
    </UnitTest>
    <UnitTest name="Stock.Tests.BusinessTests.A12_FailureRollsBackAllWrites" storage="d:\workspace\codex工作区\local-stock-manager\tests\stock.tests\bin\release\net10.0\stock.tests.dll" id="e109f4f6-0a3c-8ad1-ca90-67f59e1116f0">
      <Execution id="1ac2317f-2407-4e41-9433-cad924758d4b" />
      <TestMethod codeBase="D:\workspace\codex工作区\local-stock-manager\tests\Stock.Tests\bin\Release\net10.0\Stock.Tests.dll" adapterTypeName="executor://xunit/VsTestRunner3/netcore/" className="Stock.Tests.BusinessTests" name="A12_FailureRollsBackAllWrites" />
    </UnitTest>
    <UnitTest name="Stock.Tests.QwenTests.FailuresAreDistinctAndNeverAutomaticallyRetried(status: 403, code: &quot;Arrearage&quot;, label: &quot;余额&quot;)" storage="d:\workspace\codex工作区\local-stock-manager\tests\stock.tests\bin\release\net10.0\stock.tests.dll" id="94330184-dd43-6c65-f8cb-0ec698659a28">
      <Execution id="ee5ff563-20a2-4a9f-a678-0ff79207f093" />
      <TestMethod codeBase="D:\workspace\codex工作区\local-stock-manager\tests\Stock.Tests\bin\Release\net10.0\Stock.Tests.dll" adapterTypeName="executor://xunit/VsTestRunner3/netcore/" className="Stock.Tests.QwenTests" name="FailuresAreDistinctAndNeverAutomaticallyRetried" />
    </UnitTest>
    <UnitTest name="Stock.Tests.QwenTests.MalformedOrTruncatedJsonIsRejected(text: &quot;{}&quot;)" storage="d:\workspace\codex工作区\local-stock-manager\tests\stock.tests\bin\release\net10.0\stock.tests.dll" id="910a28e6-be4c-a290-01bd-34342a9b6408">
      <Execution id="07500f11-d325-40d7-8635-bf50dd1a208a" />
      <TestMethod codeBase="D:\workspace\codex工作区\local-stock-manager\tests\Stock.Tests\bin\Release\net10.0\Stock.Tests.dll" adapterTypeName="executor://xunit/VsTestRunner3/netcore/" className="Stock.Tests.QwenTests" name="MalformedOrTruncatedJsonIsRejected" />
    </UnitTest>
    <UnitTest name="Stock.Tests.BusinessTests.A16_LeapYearAndYearBoundary" storage="d:\workspace\codex工作区\local-stock-manager\tests\stock.tests\bin\release\net10.0\stock.tests.dll" id="42aa36bb-33ce-e14c-8e2c-c54e5501e603">
      <Execution id="0672795b-112d-4c28-ba22-d3d03ae96848" />
      <TestMethod codeBase="D:\workspace\codex工作区\local-stock-manager\tests\Stock.Tests\bin\Release\net10.0\Stock.Tests.dll" adapterTypeName="executor://xunit/VsTestRunner3/netcore/" className="Stock.Tests.BusinessTests" name="A16_LeapYearAndYearBoundary" />
    </UnitTest>
    <UnitTest name="Stock.Tests.QwenTests.FailuresAreDistinctAndNeverAutomaticallyRetried(status: 500, code: &quot;InternalError&quot;, label: &quot;失败&quot;)" storage="d:\workspace\codex工作区\local-stock-manager\tests\stock.tests\bin\release\net10.0\stock.tests.dll" id="de952e48-a21e-5f9e-8a73-3df15c767e79">
      <Execution id="46fe0094-1307-48e5-bdb9-d601f67bcac7" />
      <TestMethod codeBase="D:\workspace\codex工作区\local-stock-manager\tests\Stock.Tests\bin\Release\net10.0\Stock.Tests.dll" adapterTypeName="executor://xunit/VsTestRunner3/netcore/" className="Stock.Tests.QwenTests" name="FailuresAreDistinctAndNeverAutomaticallyRetried" />
    </UnitTest>
    <UnitTest name="Stock.Tests.QwenTests.MalformedOrTruncatedJsonIsRejected(text: &quot;{\&quot;rows\&quot;:[]}&quot;)" storage="d:\workspace\codex工作区\local-stock-manager\tests\stock.tests\bin\release\net10.0\stock.tests.dll" id="f0add5d1-e03e-1737-1970-21255ee9b589">
      <Execution id="e066e9b7-d791-4ebc-aa74-5c3a0aacd39d" />
      <TestMethod codeBase="D:\workspace\codex工作区\local-stock-manager\tests\Stock.Tests\bin\Release\net10.0\Stock.Tests.dll" adapterTypeName="executor://xunit/VsTestRunner3/netcore/" className="Stock.Tests.QwenTests" name="MalformedOrTruncatedJsonIsRejected" />
    </UnitTest>
    <UnitTest name="Stock.Tests.InvoiceTests.A09_IntegerTextIsStrict(text: &quot;1.5&quot;, valid: False)" storage="d:\workspace\codex工作区\local-stock-manager\tests\stock.tests\bin\release\net10.0\stock.tests.dll" id="ab20d40b-d764-e114-9f11-04fe3a22611d">
      <Execution id="3a1bef06-b5a6-4b4c-b0a2-a0db3d925a0d" />
      <TestMethod codeBase="D:\workspace\codex工作区\local-stock-manager\tests\Stock.Tests\bin\Release\net10.0\Stock.Tests.dll" adapterTypeName="executor://xunit/VsTestRunner3/netcore/" className="Stock.Tests.InvoiceTests" name="A09_IntegerTextIsStrict" />
    </UnitTest>
    <UnitTest name="Stock.Tests.BusinessTests.A21_UnsupportedSchemaDoesNotResetData" storage="d:\workspace\codex工作区\local-stock-manager\tests\stock.tests\bin\release\net10.0\stock.tests.dll" id="94fce09c-c284-7278-b8c6-3bfd9fcd8672">
      <Execution id="e3269414-486d-4716-9c26-10e75676aec7" />
      <TestMethod codeBase="D:\workspace\codex工作区\local-stock-manager\tests\Stock.Tests\bin\Release\net10.0\Stock.Tests.dll" adapterTypeName="executor://xunit/VsTestRunner3/netcore/" className="Stock.Tests.BusinessTests" name="A21_UnsupportedSchemaDoesNotResetData" />
    </UnitTest>
    <UnitTest name="Stock.Tests.IntegrityTests.MissingBalanceCannotPassIntegrityCheck" storage="d:\workspace\codex工作区\local-stock-manager\tests\stock.tests\bin\release\net10.0\stock.tests.dll" id="122f1111-2a16-c086-7d2b-e0ee1cb6a4d6">
      <Execution id="d4dc4b64-9f37-48ac-a985-bceef9205203" />
      <TestMethod codeBase="D:\workspace\codex工作区\local-stock-manager\tests\Stock.Tests\bin\Release\net10.0\Stock.Tests.dll" adapterTypeName="executor://xunit/VsTestRunner3/netcore/" className="Stock.Tests.IntegrityTests" name="MissingBalanceCannotPassIntegrityCheck" />
    </UnitTest>
    <UnitTest name="Stock.Tests.QwenTests.InvalidQuantityCannotBeRepaired(quantity: &quot;1e3&quot;)" storage="d:\workspace\codex工作区\local-stock-manager\tests\stock.tests\bin\release\net10.0\stock.tests.dll" id="277984cb-594e-de8f-78ca-2b47c3eb252c">
      <Execution id="eca78a3a-2700-44b3-81b7-f613b75e3b84" />
      <TestMethod codeBase="D:\workspace\codex工作区\local-stock-manager\tests\Stock.Tests\bin\Release\net10.0\Stock.Tests.dll" adapterTypeName="executor://xunit/VsTestRunner3/netcore/" className="Stock.Tests.QwenTests" name="InvalidQuantityCannotBeRepaired" />
    </UnitTest>
    <UnitTest name="Stock.Tests.InvoiceTests.A09_IntegerTextIsStrict(text: &quot;1e3&quot;, valid: False)" storage="d:\workspace\codex工作区\local-stock-manager\tests\stock.tests\bin\release\net10.0\stock.tests.dll" id="d1505a9e-e3d9-e588-cf8a-4b376dce9658">
      <Execution id="72b3199e-0ce9-4356-8284-374b756a1548" />
      <TestMethod codeBase="D:\workspace\codex工作区\local-stock-manager\tests\Stock.Tests\bin\Release\net10.0\Stock.Tests.dll" adapterTypeName="executor://xunit/VsTestRunner3/netcore/" className="Stock.Tests.InvoiceTests" name="A09_IntegerTextIsStrict" />
    </UnitTest>
    <UnitTest name="Stock.Tests.QwenTests.InvalidQuantityCannotBeRepaired(quantity: &quot;1.5&quot;)" storage="d:\workspace\codex工作区\local-stock-manager\tests\stock.tests\bin\release\net10.0\stock.tests.dll" id="524b3bde-e805-6def-9e13-bc1573835af6">
      <Execution id="7e00960e-2d4e-4d14-8638-a8dbb75628ea" />
      <TestMethod codeBase="D:\workspace\codex工作区\local-stock-manager\tests\Stock.Tests\bin\Release\net10.0\Stock.Tests.dll" adapterTypeName="executor://xunit/VsTestRunner3/netcore/" className="Stock.Tests.QwenTests" name="InvalidQuantityCannotBeRepaired" />
    </UnitTest>
    <UnitTest name="Stock.Tests.BusinessTests.A20_OldOriginalAndRetainedReversal" storage="d:\workspace\codex工作区\local-stock-manager\tests\stock.tests\bin\release\net10.0\stock.tests.dll" id="2213e686-4b13-fa0a-8ee8-7cf5826ea16a">
      <Execution id="8018011e-0188-44e4-8677-8394a77adbbf" />
      <TestMethod codeBase="D:\workspace\codex工作区\local-stock-manager\tests\Stock.Tests\bin\Release\net10.0\Stock.Tests.dll" adapterTypeName="executor://xunit/VsTestRunner3/netcore/" className="Stock.Tests.BusinessTests" name="A20_OldOriginalAndRetainedReversal" />
    </UnitTest>
    <UnitTest name="Stock.Tests.UpgradeTests.QueryOrderPreservesRealTimeAcrossDifferentOffsets" storage="d:\workspace\codex工作区\local-stock-manager\tests\stock.tests\bin\release\net10.0\stock.tests.dll" id="8158b55b-7a19-a893-eefc-3262d6f0bc7b">
      <Execution id="8f4c953e-1914-4443-8e4b-7a2cd4e2a90f" />
      <TestMethod codeBase="D:\workspace\codex工作区\local-stock-manager\tests\Stock.Tests\bin\Release\net10.0\Stock.Tests.dll" adapterTypeName="executor://xunit/VsTestRunner3/netcore/" className="Stock.Tests.UpgradeTests" name="QueryOrderPreservesRealTimeAcrossDifferentOffsets" />
    </UnitTest>
    <UnitTest name="Stock.Tests.InvoiceTests.A09_IntegerTextIsStrict(text: &quot;-1&quot;, valid: False)" storage="d:\workspace\codex工作区\local-stock-manager\tests\stock.tests\bin\release\net10.0\stock.tests.dll" id="2487d500-5cf2-70bd-1d72-5bd503f298c1">
      <Execution id="22b83e8c-2f62-491c-92d3-3f2a549147ab" />
      <TestMethod codeBase="D:\workspace\codex工作区\local-stock-manager\tests\Stock.Tests\bin\Release\net10.0\Stock.Tests.dll" adapterTypeName="executor://xunit/VsTestRunner3/netcore/" className="Stock.Tests.InvoiceTests" name="A09_IntegerTextIsStrict" />
    </UnitTest>
    <UnitTest name="Stock.Tests.IntegrityTests.RestoreRejectsZipTraversalBeforeChangingCurrentData" storage="d:\workspace\codex工作区\local-stock-manager\tests\stock.tests\bin\release\net10.0\stock.tests.dll" id="2d9cf030-afbf-d30a-a640-22e37aefbfe5">
      <Execution id="b6bcf316-f09a-4a02-bb1b-2d0e092a5f04" />
      <TestMethod codeBase="D:\workspace\codex工作区\local-stock-manager\tests\Stock.Tests\bin\Release\net10.0\Stock.Tests.dll" adapterTypeName="executor://xunit/VsTestRunner3/netcore/" className="Stock.Tests.IntegrityTests" name="RestoreRejectsZipTraversalBeforeChangingCurrentData" />
    </UnitTest>
    <UnitTest name="Stock.Tests.UpgradeTests.SqlFiltersSelectOnlyMatchingLinesAndSummariesSeparateUnits" storage="d:\workspace\codex工作区\local-stock-manager\tests\stock.tests\bin\release\net10.0\stock.tests.dll" id="7182679b-5062-2c56-ed96-a42307574b6c">
      <Execution id="072ef799-859c-4e43-9eb5-b4589971fe07" />
      <TestMethod codeBase="D:\workspace\codex工作区\local-stock-manager\tests\Stock.Tests\bin\Release\net10.0\Stock.Tests.dll" adapterTypeName="executor://xunit/VsTestRunner3/netcore/" className="Stock.Tests.UpgradeTests" name="SqlFiltersSelectOnlyMatchingLinesAndSummariesSeparateUnits" />
    </UnitTest>
    <UnitTest name="Stock.Tests.UpgradeTests.RetentionCreatesFullProtectionAndKeepsZeroReferencedProducts" storage="d:\workspace\codex工作区\local-stock-manager\tests\stock.tests\bin\release\net10.0\stock.tests.dll" id="a64c8415-2172-aef2-2122-57c012fa9120">
      <Execution id="e3851d5d-ff8d-4bce-9be0-3fa3ca44d141" />
      <TestMethod codeBase="D:\workspace\codex工作区\local-stock-manager\tests\Stock.Tests\bin\Release\net10.0\Stock.Tests.dll" adapterTypeName="executor://xunit/VsTestRunner3/netcore/" className="Stock.Tests.UpgradeTests" name="RetentionCreatesFullProtectionAndKeepsZeroReferencedProducts" />
    </UnitTest>
    <UnitTest name="Stock.Tests.QwenTests.InvalidQuantityCannotBeRepaired(quantity: &quot;2147483648&quot;)" storage="d:\workspace\codex工作区\local-stock-manager\tests\stock.tests\bin\release\net10.0\stock.tests.dll" id="088aff4c-7eb9-92f2-c632-bdd0b9e05350">
      <Execution id="c1bb7d03-3dda-48bf-9904-49dd75c5e005" />
      <TestMethod codeBase="D:\workspace\codex工作区\local-stock-manager\tests\Stock.Tests\bin\Release\net10.0\Stock.Tests.dll" adapterTypeName="executor://xunit/VsTestRunner3/netcore/" className="Stock.Tests.QwenTests" name="InvalidQuantityCannotBeRepaired" />
    </UnitTest>
    <UnitTest name="Stock.Tests.BusinessTests.A09_OverflowAndZeroOpening" storage="d:\workspace\codex工作区\local-stock-manager\tests\stock.tests\bin\release\net10.0\stock.tests.dll" id="92dae8dd-2171-5f49-b09a-1248ebb0b65a">
      <Execution id="c0d95dfb-4b18-4147-97f2-ffca506bba11" />
      <TestMethod codeBase="D:\workspace\codex工作区\local-stock-manager\tests\Stock.Tests\bin\Release\net10.0\Stock.Tests.dll" adapterTypeName="executor://xunit/VsTestRunner3/netcore/" className="Stock.Tests.BusinessTests" name="A09_OverflowAndZeroOpening" />
    </UnitTest>
    <UnitTest name="Stock.Tests.InvoiceTests.A09_IntegerTextIsStrict(text: &quot;&quot;, valid: False)" storage="d:\workspace\codex工作区\local-stock-manager\tests\stock.tests\bin\release\net10.0\stock.tests.dll" id="9c9d6a7a-44d0-85ec-e1c3-a977c4ba1c74">
      <Execution id="9c2b8546-6970-4b5d-b647-a7581394fe0d" />
      <TestMethod codeBase="D:\workspace\codex工作区\local-stock-manager\tests\Stock.Tests\bin\Release\net10.0\Stock.Tests.dll" adapterTypeName="executor://xunit/VsTestRunner3/netcore/" className="Stock.Tests.InvoiceTests" name="A09_IntegerTextIsStrict" />
    </UnitTest>
    <UnitTest name="Stock.Tests.UpgradeTests.InterruptedMigrationRollsBackAndLeavesRestorableV1Backup" storage="d:\workspace\codex工作区\local-stock-manager\tests\stock.tests\bin\release\net10.0\stock.tests.dll" id="27151d18-d1d5-053f-c821-73f90c9f9fea">
      <Execution id="5e676893-d36d-4d5a-8af7-d93e175c153f" />
      <TestMethod codeBase="D:\workspace\codex工作区\local-stock-manager\tests\Stock.Tests\bin\Release\net10.0\Stock.Tests.dll" adapterTypeName="executor://xunit/VsTestRunner3/netcore/" className="Stock.Tests.UpgradeTests" name="InterruptedMigrationRollsBackAndLeavesRestorableV1Backup" />
    </UnitTest>
    <UnitTest name="Stock.Tests.BusinessTests.A17To18_ExcelExportsAllAndExcludesVoided" storage="d:\workspace\codex工作区\local-stock-manager\tests\stock.tests\bin\release\net10.0\stock.tests.dll" id="eccf3bd2-94f2-bfdc-8498-709e7be812b8">
      <Execution id="4a57d6a7-b674-48e3-8b87-9f4b457b7f72" />
      <TestMethod codeBase="D:\workspace\codex工作区\local-stock-manager\tests\Stock.Tests\bin\Release\net10.0\Stock.Tests.dll" adapterTypeName="executor://xunit/VsTestRunner3/netcore/" className="Stock.Tests.BusinessTests" name="A17To18_ExcelExportsAllAndExcludesVoided" />
    </UnitTest>
  </TestDefinitions>
  <TestEntries>
    <TestEntry testId="ae2d7a90-da61-1f21-f6c6-ef8111228f05" executionId="da0a6d40-6a29-468d-9fdf-b987f34ddf97" testListId="8c84fa94-04c1-424b-9868-57a2d4851a1d" />
    <TestEntry testId="e639e929-c82a-dd41-ab66-ac6482713810" executionId="a3ce1eec-466c-4f0a-9f00-db1f843c97a2" testListId="8c84fa94-04c1-424b-9868-57a2d4851a1d" />
    <TestEntry testId="3681cdfb-7785-04ff-f362-53afe5cdab2e" executionId="e376f1fe-b694-44b2-96ed-997cd191423b" testListId="8c84fa94-04c1-424b-9868-57a2d4851a1d" />
    <TestEntry testId="2213e686-4b13-fa0a-8ee8-7cf5826ea16a" executionId="8018011e-0188-44e4-8677-8394a77adbbf" testListId="8c84fa94-04c1-424b-9868-57a2d4851a1d" />
    <TestEntry testId="2d9cf030-afbf-d30a-a640-22e37aefbfe5" executionId="b6bcf316-f09a-4a02-bb1b-2d0e092a5f04" testListId="8c84fa94-04c1-424b-9868-57a2d4851a1d" />
    <TestEntry testId="0bf44514-6320-ce0e-1bcd-58f13bd4a3c5" executionId="87c77408-e85f-46bc-bf87-78157a163e32" testListId="8c84fa94-04c1-424b-9868-57a2d4851a1d" />
    <TestEntry testId="910a28e6-be4c-a290-01bd-34342a9b6408" executionId="07500f11-d325-40d7-8635-bf50dd1a208a" testListId="8c84fa94-04c1-424b-9868-57a2d4851a1d" />
    <TestEntry testId="88140edc-fb6d-630d-d960-ed07a9c4b368" executionId="550b4f99-e48e-46a5-86af-8571e68ba943" testListId="8c84fa94-04c1-424b-9868-57a2d4851a1d" />
    <TestEntry testId="50c1cf12-afe3-51ea-5e49-d930676e159c" executionId="c65906e0-d464-40e7-a78c-353f0aec2153" testListId="8c84fa94-04c1-424b-9868-57a2d4851a1d" />
    <TestEntry testId="406ca0de-118f-ce6b-99a9-d15fd18ddbf5" executionId="e2b8973f-2e07-48af-b501-b8673dfdd512" testListId="8c84fa94-04c1-424b-9868-57a2d4851a1d" />
    <TestEntry testId="44425809-380c-a8ec-033c-1758c53001d7" executionId="275fedfb-3e2e-4566-9e9e-274b5d24dfab" testListId="8c84fa94-04c1-424b-9868-57a2d4851a1d" />
    <TestEntry testId="26d4bef1-4d6b-69a5-e674-aa17f91ef268" executionId="ea52d4a1-f525-4e65-8e2e-3a033cde7997" testListId="8c84fa94-04c1-424b-9868-57a2d4851a1d" />
    <TestEntry testId="2487d500-5cf2-70bd-1d72-5bd503f298c1" executionId="22b83e8c-2f62-491c-92d3-3f2a549147ab" testListId="8c84fa94-04c1-424b-9868-57a2d4851a1d" />
    <TestEntry testId="39578307-bd13-cd8b-f244-9ab8faa9d5c2" executionId="2aa4a346-5274-463e-abe7-f137f7bd96ab" testListId="8c84fa94-04c1-424b-9868-57a2d4851a1d" />
    <TestEntry testId="274b34f7-e75a-93cd-64eb-fe15664e89bb" executionId="37c82d16-6819-4fb0-aa1b-f6d6ad1328e7" testListId="8c84fa94-04c1-424b-9868-57a2d4851a1d" />
    <TestEntry testId="991a1380-4364-2293-f241-c667eac11889" executionId="98782a53-eb5d-4b8c-9a47-d7572c528596" testListId="8c84fa94-04c1-424b-9868-57a2d4851a1d" />
    <TestEntry testId="a9f24732-8c67-0575-4c82-b0dbb31f87bf" executionId="b4c25f9f-9c03-496e-928b-e9ef85593309" testListId="8c84fa94-04c1-424b-9868-57a2d4851a1d" />
    <TestEntry testId="32cb5dc6-d7e3-7c27-fc50-57ff4f4eec2b" executionId="ddb1419a-9d0f-4719-9e12-10158eb3e18e" testListId="8c84fa94-04c1-424b-9868-57a2d4851a1d" />
    <TestEntry testId="52a2a883-bfa1-02c2-69d3-70ccbdc019b8" executionId="84c105db-3f4c-45ff-9155-c7d520437036" testListId="8c84fa94-04c1-424b-9868-57a2d4851a1d" />
    <TestEntry testId="f0add5d1-e03e-1737-1970-21255ee9b589" executionId="e066e9b7-d791-4ebc-aa74-5c3a0aacd39d" testListId="8c84fa94-04c1-424b-9868-57a2d4851a1d" />
    <TestEntry testId="5b44f7dd-4512-9112-5d93-290a9fe54d58" executionId="e174628a-2f53-4313-ae2a-b4ecdd330052" testListId="8c84fa94-04c1-424b-9868-57a2d4851a1d" />
    <TestEntry testId="69767b00-e7c2-1aa6-090e-1c98023b9845" executionId="41525426-3db6-492e-90a9-d0fb5d7b8b19" testListId="8c84fa94-04c1-424b-9868-57a2d4851a1d" />
    <TestEntry testId="d5061064-787f-267d-89e6-df406ce08c4f" executionId="6b2766b0-99e4-472e-bb62-605b04c1d113" testListId="8c84fa94-04c1-424b-9868-57a2d4851a1d" />
    <TestEntry testId="94fce09c-c284-7278-b8c6-3bfd9fcd8672" executionId="e3269414-486d-4716-9c26-10e75676aec7" testListId="8c84fa94-04c1-424b-9868-57a2d4851a1d" />
    <TestEntry testId="27151d18-d1d5-053f-c821-73f90c9f9fea" executionId="5e676893-d36d-4d5a-8af7-d93e175c153f" testListId="8c84fa94-04c1-424b-9868-57a2d4851a1d" />
    <TestEntry testId="8d58e14a-a2ad-0f43-d806-a8d7a0c98d7c" executionId="30439fc7-fc4a-49d2-a43c-7c4ea902a098" testListId="8c84fa94-04c1-424b-9868-57a2d4851a1d" />
    <TestEntry testId="7182679b-5062-2c56-ed96-a42307574b6c" executionId="072ef799-859c-4e43-9eb5-b4589971fe07" testListId="8c84fa94-04c1-424b-9868-57a2d4851a1d" />
    <TestEntry testId="bb3d10f2-2672-9809-1986-19bfaf7326de" executionId="513b87ef-d824-4098-a5c0-9072ecd3f139" testListId="8c84fa94-04c1-424b-9868-57a2d4851a1d" />
    <TestEntry testId="4d82524a-c9dc-6c38-81ed-013556db5af9" executionId="f3153393-e941-4acc-924c-a1f7a66a0b2f" testListId="8c84fa94-04c1-424b-9868-57a2d4851a1d" />
    <TestEntry testId="0d5bc3fe-16d3-f78d-06ea-ed5004b1494b" executionId="1f7d5bc7-8d89-419a-9fad-6512ca22d922" testListId="8c84fa94-04c1-424b-9868-57a2d4851a1d" />
    <TestEntry testId="9c9d6a7a-44d0-85ec-e1c3-a977c4ba1c74" executionId="9c2b8546-6970-4b5d-b647-a7581394fe0d" testListId="8c84fa94-04c1-424b-9868-57a2d4851a1d" />
    <TestEntry testId="277984cb-594e-de8f-78ca-2b47c3eb252c" executionId="eca78a3a-2700-44b3-81b7-f613b75e3b84" testListId="8c84fa94-04c1-424b-9868-57a2d4851a1d" />
    <TestEntry testId="4a30438a-c339-85f8-8a65-962f4c27235b" executionId="22e113f5-d53e-493c-820b-75d9f2489dcc" testListId="8c84fa94-04c1-424b-9868-57a2d4851a1d" />
    <TestEntry testId="09a4d4d9-a84e-6b0b-22c9-662a9e1b9845" executionId="35bc4c14-2f08-4fd7-843e-892441df99f9" testListId="8c84fa94-04c1-424b-9868-57a2d4851a1d" />
    <TestEntry testId="dd7f3cea-8ae3-df4c-9384-8ebbc9c7421c" executionId="7b737b69-8270-41ce-b0eb-242eba51295c" testListId="8c84fa94-04c1-424b-9868-57a2d4851a1d" />
    <TestEntry testId="b52f8691-1a3b-5b1f-35af-a3cf2da7d357" executionId="a2def418-2004-40f7-9a4b-5b3904edd108" testListId="8c84fa94-04c1-424b-9868-57a2d4851a1d" />
    <TestEntry testId="a480c3c5-6704-c0c1-7526-0b6835725608" executionId="02d4e476-caa9-483e-a053-a2b38bf976bd" testListId="8c84fa94-04c1-424b-9868-57a2d4851a1d" />
    <TestEntry testId="dfa2024c-320c-f174-91e9-61b949f255aa" executionId="9fbe0567-3949-4e3a-b854-e811641ffb33" testListId="8c84fa94-04c1-424b-9868-57a2d4851a1d" />
    <TestEntry testId="766ce344-5a2a-85a7-6eab-d1a685382aca" executionId="f66ccc99-4576-40bb-8f4f-9290942e451e" testListId="8c84fa94-04c1-424b-9868-57a2d4851a1d" />
    <TestEntry testId="2161b961-8675-b757-6592-a0a7e87d346d" executionId="cc2b364a-6faf-4eb1-bd9a-8cf99f510766" testListId="8c84fa94-04c1-424b-9868-57a2d4851a1d" />
    <TestEntry testId="eccf3bd2-94f2-bfdc-8498-709e7be812b8" executionId="4a57d6a7-b674-48e3-8b87-9f4b457b7f72" testListId="8c84fa94-04c1-424b-9868-57a2d4851a1d" />
    <TestEntry testId="524b3bde-e805-6def-9e13-bc1573835af6" executionId="7e00960e-2d4e-4d14-8638-a8dbb75628ea" testListId="8c84fa94-04c1-424b-9868-57a2d4851a1d" />
    <TestEntry testId="a64c8415-2172-aef2-2122-57c012fa9120" executionId="e3851d5d-ff8d-4bce-9be0-3fa3ca44d141" testListId="8c84fa94-04c1-424b-9868-57a2d4851a1d" />
    <TestEntry testId="cc232372-67e0-b7d4-dbdc-7c43ec6a10c2" executionId="6677aed3-2974-4226-938d-4886d0722e96" testListId="8c84fa94-04c1-424b-9868-57a2d4851a1d" />
    <TestEntry testId="bf03c679-265e-644c-ab02-5db40da02680" executionId="3ed4f151-7888-474c-b2d3-153358b126bb" testListId="8c84fa94-04c1-424b-9868-57a2d4851a1d" />
    <TestEntry testId="dc57f5ec-c038-9853-2bc8-fd3ad482269a" executionId="61672188-1f14-4120-893d-ffad694cb8b4" testListId="8c84fa94-04c1-424b-9868-57a2d4851a1d" />
    <TestEntry testId="94330184-dd43-6c65-f8cb-0ec698659a28" executionId="ee5ff563-20a2-4a9f-a678-0ff79207f093" testListId="8c84fa94-04c1-424b-9868-57a2d4851a1d" />
    <TestEntry testId="5c1fdd0c-776b-bc91-d504-935e764afeca" executionId="e578cfc1-a092-485a-8e1b-4e037cb7678c" testListId="8c84fa94-04c1-424b-9868-57a2d4851a1d" />
    <TestEntry testId="8158b55b-7a19-a893-eefc-3262d6f0bc7b" executionId="8f4c953e-1914-4443-8e4b-7a2cd4e2a90f" testListId="8c84fa94-04c1-424b-9868-57a2d4851a1d" />
    <TestEntry testId="92dae8dd-2171-5f49-b09a-1248ebb0b65a" executionId="c0d95dfb-4b18-4147-97f2-ffca506bba11" testListId="8c84fa94-04c1-424b-9868-57a2d4851a1d" />
    <TestEntry testId="e109f4f6-0a3c-8ad1-ca90-67f59e1116f0" executionId="1ac2317f-2407-4e41-9433-cad924758d4b" testListId="8c84fa94-04c1-424b-9868-57a2d4851a1d" />
    <TestEntry testId="42aa36bb-33ce-e14c-8e2c-c54e5501e603" executionId="0672795b-112d-4c28-ba22-d3d03ae96848" testListId="8c84fa94-04c1-424b-9868-57a2d4851a1d" />
    <TestEntry testId="1c25a96d-8a12-6c80-b605-cffe77c5469a" executionId="36dc8e4e-d9df-4f11-8874-49a843292d8f" testListId="8c84fa94-04c1-424b-9868-57a2d4851a1d" />
    <TestEntry testId="63276567-1133-c45d-1d27-ba15229227e8" executionId="63dcaffc-1188-4650-86dd-11d83373d92e" testListId="8c84fa94-04c1-424b-9868-57a2d4851a1d" />
    <TestEntry testId="d1505a9e-e3d9-e588-cf8a-4b376dce9658" executionId="72b3199e-0ce9-4356-8284-374b756a1548" testListId="8c84fa94-04c1-424b-9868-57a2d4851a1d" />
    <TestEntry testId="786bd73a-2562-c480-a093-fdc10b821955" executionId="f32ac77b-229d-45d5-83fe-d0c41e4779ea" testListId="8c84fa94-04c1-424b-9868-57a2d4851a1d" />
    <TestEntry testId="1f9deb10-501f-dd86-c4fd-d69738ed7112" executionId="41f9cb64-8ee4-48a6-96fc-625a5aceaac8" testListId="8c84fa94-04c1-424b-9868-57a2d4851a1d" />
    <TestEntry testId="db15a7ef-a0cc-3be2-c10a-f07145d3079c" executionId="5d7b9482-0ecf-4cab-ab0a-fab0dff87bee" testListId="8c84fa94-04c1-424b-9868-57a2d4851a1d" />
    <TestEntry testId="aac5efcc-487e-ef14-b7ed-21a8d12d6c9d" executionId="a6a880ab-ec13-4f62-8600-5a074fa908e2" testListId="8c84fa94-04c1-424b-9868-57a2d4851a1d" />
    <TestEntry testId="7906a2ed-209c-e229-6561-43a07596c48d" executionId="e503de34-3f53-41b0-8c85-d20e27dbf74d" testListId="8c84fa94-04c1-424b-9868-57a2d4851a1d" />
    <TestEntry testId="cf95c704-07b4-f186-b04b-ea9171756793" executionId="1a0f6ad5-23de-4590-98b7-d28fffc0b02a" testListId="8c84fa94-04c1-424b-9868-57a2d4851a1d" />
    <TestEntry testId="ab20d40b-d764-e114-9f11-04fe3a22611d" executionId="3a1bef06-b5a6-4b4c-b0a2-a0db3d925a0d" testListId="8c84fa94-04c1-424b-9868-57a2d4851a1d" />
    <TestEntry testId="9d01260f-6f34-0dc4-85f5-5392f9066139" executionId="abc788bd-3be8-401e-be2b-4370d9324a7b" testListId="8c84fa94-04c1-424b-9868-57a2d4851a1d" />
    <TestEntry testId="35bba23c-a161-4250-7748-0fa1e7861252" executionId="37e55c93-9cb2-40b5-8a12-b1878d626c7a" testListId="8c84fa94-04c1-424b-9868-57a2d4851a1d" />
    <TestEntry testId="122f1111-2a16-c086-7d2b-e0ee1cb6a4d6" executionId="d4dc4b64-9f37-48ac-a985-bceef9205203" testListId="8c84fa94-04c1-424b-9868-57a2d4851a1d" />
    <TestEntry testId="de952e48-a21e-5f9e-8a73-3df15c767e79" executionId="46fe0094-1307-48e5-bdb9-d601f67bcac7" testListId="8c84fa94-04c1-424b-9868-57a2d4851a1d" />
    <TestEntry testId="030da185-0ead-5952-7ac6-1f2675066ec0" executionId="4b8f7b3c-4b16-4ebe-bac5-503572794d58" testListId="8c84fa94-04c1-424b-9868-57a2d4851a1d" />
    <TestEntry testId="0b4dfdd6-b30a-c1ef-a4df-9b4627f13744" executionId="10691fad-7de9-4bd3-9f26-d3403a60f92b" testListId="8c84fa94-04c1-424b-9868-57a2d4851a1d" />
    <TestEntry testId="a2753b27-5f75-4e9a-abf8-5f34ea725a29" executionId="3fae40a6-fff2-48b4-93db-a01692527414" testListId="8c84fa94-04c1-424b-9868-57a2d4851a1d" />
    <TestEntry testId="088aff4c-7eb9-92f2-c632-bdd0b9e05350" executionId="c1bb7d03-3dda-48bf-9904-49dd75c5e005" testListId="8c84fa94-04c1-424b-9868-57a2d4851a1d" />
  </TestEntries>
  <TestLists>
    <TestList name="列表中未列出的结果" id="8c84fa94-04c1-424b-9868-57a2d4851a1d" />
    <TestList name="所有已加载的结果" id="19431567-8539-422a-85d7-44ee4e166bda" />
  </TestLists>
  <ResultSummary outcome="Completed">
    <Counters total="70" executed="70" passed="70" failed="0" error="0" timeout="0" aborted="0" inconclusive="0" passedButRunAborted="0" notRunnable="0" notExecuted="0" disconnected="0" warning="0" completed="0" inProgress="0" pending="0" />
    <Output>
      <StdOut>[xUnit.net 00:00:00.00] xUnit.net VSTest Adapter v3.1.0+00ab0a9ec4 (64-bit .NET 10.0.11)&#xD;
[xUnit.net 00:00:00.16]   Discovering: Stock.Tests&#xD;
[xUnit.net 00:00:00.20]   Discovered:  Stock.Tests&#xD;
[xUnit.net 00:00:00.22]   Starting:    Stock.Tests&#xD;
[xUnit.net 00:00:17.00]   Finished:    Stock.Tests&#xD;
</StdOut>
    </Output>
  </ResultSummary>
</TestRun>